Component: ARM Compiler 5.06 update 7 (build 960) Tool: armlink [4d3601]

==============================================================================

Section Cross References

    startup_stm32f411xe.o(STACK) refers (Special) to heapauxi.o(.text) for __use_two_region_memory
    startup_stm32f411xe.o(HEAP) refers (Special) to heapauxi.o(.text) for __use_two_region_memory
    startup_stm32f411xe.o(RESET) refers (Special) to heapauxi.o(.text) for __use_two_region_memory
    startup_stm32f411xe.o(RESET) refers to startup_stm32f411xe.o(STACK) for __initial_sp
    startup_stm32f411xe.o(RESET) refers to startup_stm32f411xe.o(.text) for Reset_Handler
    startup_stm32f411xe.o(RESET) refers to stm32f4xx_it.o(i.NMI_Handler) for NMI_Handler
    startup_stm32f411xe.o(RESET) refers to stm32f4xx_it.o(i.HardFault_Handler) for HardFault_Handler
    startup_stm32f411xe.o(RESET) refers to stm32f4xx_it.o(i.MemManage_Handler) for MemManage_Handler
    startup_stm32f411xe.o(RESET) refers to stm32f4xx_it.o(i.BusFault_Handler) for BusFault_Handler
    startup_stm32f411xe.o(RESET) refers to stm32f4xx_it.o(i.UsageFault_Handler) for UsageFault_Handler
    startup_stm32f411xe.o(RESET) refers to port.o(.emb_text) for SVC_Handler
    startup_stm32f411xe.o(RESET) refers to stm32f4xx_it.o(i.DebugMon_Handler) for DebugMon_Handler
    startup_stm32f411xe.o(RESET) refers to port.o(i.SysTick_Handler) for SysTick_Handler
    startup_stm32f411xe.o(RESET) refers to stm32f4xx_it.o(i.RCC_IRQHandler) for RCC_IRQHandler
    startup_stm32f411xe.o(RESET) refers to stm32f4xx_it.o(i.TIM2_IRQHandler) for TIM2_IRQHandler
    startup_stm32f411xe.o(RESET) refers to stm32f4xx_it.o(i.I2C1_EV_IRQHandler) for I2C1_EV_IRQHandler
    startup_stm32f411xe.o(RESET) refers to stm32f4xx_it.o(i.I2C1_ER_IRQHandler) for I2C1_ER_IRQHandler
    startup_stm32f411xe.o(RESET) refers to stm32f4xx_it.o(i.SPI2_IRQHandler) for SPI2_IRQHandler
    startup_stm32f411xe.o(RESET) refers to stm32f4xx_it.o(i.USART1_IRQHandler) for USART1_IRQHandler
    startup_stm32f411xe.o(RESET) refers to stm32f4xx_it.o(i.USART6_IRQHandler) for USART6_IRQHandler
    startup_stm32f411xe.o(.text) refers (Special) to heapauxi.o(.text) for __use_two_region_memory
    startup_stm32f411xe.o(.text) refers to system_stm32f4xx.o(i.SystemInit) for SystemInit
    startup_stm32f411xe.o(.text) refers to __main.o(!!!main) for __main
    startup_stm32f411xe.o(.text) refers to startup_stm32f411xe.o(HEAP) for Heap_Mem
    startup_stm32f411xe.o(.text) refers to startup_stm32f411xe.o(STACK) for Stack_Mem
    device.o(i.Device_Close) refers to cmsis_os.o(i.osDelay) for osDelay
    device.o(i.Device_Close) refers to uart.o(i.UART_SEND1) for UART_SEND1
    device.o(i.Device_Close) refers to device.o(.data) for .data
    device.o(i.Device_Open) refers to cmsis_os.o(i.osDelay) for osDelay
    device.o(i.Device_Open) refers to uart.o(i.UART_SEND1) for UART_SEND1
    device.o(i.Device_Open) refers to device.o(.data) for .data
    eeprom.o(i.ReadTimerSwitchFromEEPROM) refers to stm32f4xx_hal_i2c.o(i.HAL_I2C_Mem_Read_IT) for HAL_I2C_Mem_Read_IT
    eeprom.o(i.ReadTimerSwitchFromEEPROM) refers to cmsis_os.o(i.osDelay) for osDelay
    eeprom.o(i.ReadTimerSwitchFromEEPROM) refers to eeprom.o(.data) for .data
    eeprom.o(i.ReadTimerSwitchFromEEPROM) refers to i2c.o(.bss) for hi2c1
    eeprom.o(i.SaveTimerSwitchToEEPROM) refers to stm32f4xx_hal_i2c.o(i.HAL_I2C_Mem_Write_IT) for HAL_I2C_Mem_Write_IT
    eeprom.o(i.SaveTimerSwitchToEEPROM) refers to eeprom.o(.data) for .data
    eeprom.o(i.SaveTimerSwitchToEEPROM) refers to i2c.o(.bss) for hi2c1
    led.o(i.LED_OFF) refers to stm32f4xx_hal_gpio.o(i.HAL_GPIO_WritePin) for HAL_GPIO_WritePin
    led.o(i.LED_ON) refers to stm32f4xx_hal_gpio.o(i.HAL_GPIO_WritePin) for HAL_GPIO_WritePin
    led.o(i.LED_SHINE) refers to stm32f4xx_hal_gpio.o(i.HAL_GPIO_WritePin) for HAL_GPIO_WritePin
    led.o(i.LED_SHINE) refers to stm32f4xx_hal.o(i.HAL_Delay) for HAL_Delay
    led.o(i.RGB) refers to stm32f4xx_hal_gpio.o(i.HAL_GPIO_WritePin) for HAL_GPIO_WritePin
    uart.o(i.HAL_UART_RxCpltCallback) refers to uart.o(i.crc16) for crc16
    uart.o(i.HAL_UART_RxCpltCallback) refers to rt_memclr.o(.text) for __aeabi_memclr
    uart.o(i.HAL_UART_RxCpltCallback) refers to stm32f4xx_hal_uart.o(i.HAL_UART_Receive_IT) for HAL_UART_Receive_IT
    uart.o(i.HAL_UART_RxCpltCallback) refers to rt_memcpy_v6.o(.text) for __aeabi_memcpy
    uart.o(i.HAL_UART_RxCpltCallback) refers to tasks.o(i.xTaskResumeFromISR) for xTaskResumeFromISR
    uart.o(i.HAL_UART_RxCpltCallback) refers to uart.o(.data) for .data
    uart.o(i.HAL_UART_RxCpltCallback) refers to uart.o(.bss) for .bss
    uart.o(i.HAL_UART_RxCpltCallback) refers to freertos.o(.bss) for CurrentValue
    uart.o(i.HAL_UART_RxCpltCallback) refers to usart.o(.bss) for huart1
    uart.o(i.HAL_UART_RxCpltCallback) refers to freertos.o(.data) for Task03Handle
    uart.o(i.UART_SEND1) refers to stm32f4xx_hal_uart.o(i.HAL_UART_Transmit_IT) for HAL_UART_Transmit_IT
[...]
    HAL_TIM_Base_MspInit                     0x08004a9d   Thumb Code     2  stm32f4xx_hal_tim.o(i.HAL_TIM_Base_MspInit)
    HAL_TIM_Base_Start_IT                    0x08004aa1   Thumb Code   150  stm32f4xx_hal_tim.o(i.HAL_TIM_Base_Start_IT)
    HAL_TIM_IC_CaptureCallback               0x08004b8d   Thumb Code     2  stm32f4xx_hal_tim.o(i.HAL_TIM_IC_CaptureCallback)
    HAL_TIM_IRQHandler                       0x08004b8f   Thumb Code   304  stm32f4xx_hal_tim.o(i.HAL_TIM_IRQHandler)
    HAL_TIM_OC_DelayElapsedCallback          0x08004cbf   Thumb Code     2  stm32f4xx_hal_tim.o(i.HAL_TIM_OC_DelayElapsedCallback)
    HAL_TIM_PWM_PulseFinishedCallback        0x08004cc1   Thumb Code     2  stm32f4xx_hal_tim.o(i.HAL_TIM_PWM_PulseFinishedCallback)
    HAL_TIM_PeriodElapsedCallback            0x08004cc3   Thumb Code    14  main.o(i.HAL_TIM_PeriodElapsedCallback)
    HAL_TIM_TriggerCallback                  0x08004cd1   Thumb Code     2  stm32f4xx_hal_tim.o(i.HAL_TIM_TriggerCallback)
    HAL_UARTEx_RxEventCallback               0x08004cd3   Thumb Code     2  stm32f4xx_hal_uart.o(i.HAL_UARTEx_RxEventCallback)
    HAL_UART_ErrorCallback                   0x08004cd5   Thumb Code     2  stm32f4xx_hal_uart.o(i.HAL_UART_ErrorCallback)
    HAL_UART_IRQHandler                      0x08004cd9   Thumb Code   618  stm32f4xx_hal_uart.o(i.HAL_UART_IRQHandler)
    HAL_UART_Init                            0x08004f49   Thumb Code   226  stm32f4xx_hal_uart.o(i.HAL_UART_Init)
    HAL_UART_MspInit                         0x08005075   Thumb Code   178  usart.o(i.HAL_UART_MspInit)
    HAL_UART_Receive_IT                      0x08005139   Thumb Code    28  stm32f4xx_hal_uart.o(i.HAL_UART_Receive_IT)
    HAL_UART_RxCpltCallback                  0x08005155   Thumb Code   230  uart.o(i.HAL_UART_RxCpltCallback)
    HAL_UART_Transmit_IT                     0x0800525d   Thumb Code    50  stm32f4xx_hal_uart.o(i.HAL_UART_Transmit_IT)
    HAL_UART_TxCpltCallback                  0x0800528f   Thumb Code     2  stm32f4xx_hal_uart.o(i.HAL_UART_TxCpltCallback)
    HardFault_Handler                        0x08005291   Thumb Code     2  stm32f4xx_it.o(i.HardFault_Handler)
    I2C1_ER_IRQHandler                       0x08005295   Thumb Code     6  stm32f4xx_it.o(i.I2C1_ER_IRQHandler)
    I2C1_EV_IRQHandler                       0x080052a1   Thumb Code     6  stm32f4xx_it.o(i.I2C1_EV_IRQHandler)
    LED_OFF                                  0x08005c5d   Thumb Code    78  led.o(i.LED_OFF)
    LED_ON                                   0x08005cb5   Thumb Code    78  led.o(i.LED_ON)
    Log                                      0x08005d0d   Thumb Code    54  freertos.o(i.Log)
    MX_FREERTOS_Init                         0x08005d51   Thumb Code   212  freertos.o(i.MX_FREERTOS_Init)
    MX_GPIO_Init                             0x08005e31   Thumb Code   222  gpio.o(i.MX_GPIO_Init)
    MX_I2C1_Init                             0x08005f21   Thumb Code    50  i2c.o(i.MX_I2C1_Init)
    MX_IWDG_Init                             0x08005f61   Thumb Code    36  iwdg.o(i.MX_IWDG_Init)
    MX_RTC_Init                              0x08005f8d   Thumb Code   120  rtc.o(i.MX_RTC_Init)
    MX_SPI2_Init                             0x0800600d   Thumb Code    60  spi.o(i.MX_SPI2_Init)
    MX_USART1_UART_Init                      0x08006051   Thumb Code    48  usart.o(i.MX_USART1_UART_Init)
    MX_USART6_UART_Init                      0x08006089   Thumb Code    48  usart.o(i.MX_USART6_UART_Init)
    MemManage_Handler                        0x080060c1   Thumb Code     2  stm32f4xx_it.o(i.MemManage_Handler)
    NMI_Handler                              0x080060c3   Thumb Code     2  stm32f4xx_it.o(i.NMI_Handler)
    ParseDateTimeString                      0x080060c5   Thumb Code    70  freertos.o(i.ParseDateTimeString)
    RCC_IRQHandler                           0x08006121   Thumb Code     2  stm32f4xx_it.o(i.RCC_IRQHandler)
    RGB                                      0x08006125   Thumb Code    98  led.o(i.RGB)
    RTC_Bcd2ToByte                           0x0800618d   Thumb Code    18  stm32f4xx_hal_rtc.o(i.RTC_Bcd2ToByte)
    RTC_ByteToBcd2                           0x0800619f   Thumb Code    22  stm32f4xx_hal_rtc.o(i.RTC_ByteToBcd2)
    RTC_EnterInitMode                        0x080061b5   Thumb Code    72  stm32f4xx_hal_rtc.o(i.RTC_EnterInitMode)
    RTC_ExitInitMode                         0x080061fd   Thumb Code    42  stm32f4xx_hal_rtc.o(i.RTC_ExitInitMode)
    RTC_Init                                 0x08006229   Thumb Code   214  xrtc.o(i.RTC_Init)
    ReadTimerSwitchFromEEPROM                0x08006311   Thumb Code    72  eeprom.o(i.ReadTimerSwitchFromEEPROM)
    SPI2_IRQHandler                          0x08006361   Thumb Code     6  stm32f4xx_it.o(i.SPI2_IRQHandler)
    SaveTimerSwitchToEEPROM                  0x0800637d   Thumb Code    46  eeprom.o(i.SaveTimerSwitchToEEPROM)
    StartDefaultTask                         0x080063b5   Thumb Code   178  freertos.o(i.StartDefaultTask)
    StartFeedDogTask                         0x08006489   Thumb Code    14  freertos.o(i.StartFeedDogTask)
    StartTask01                              0x0800649d   Thumb Code   188  freertos.o(i.StartTask01)
    StartTask02                              0x0800658d   Thumb Code   230  freertos.o(i.StartTask02)
    StartTask03                              0x08006689   Thumb Code   524  freertos.o(i.StartTask03)
    StartTask04                              0x0800693d   Thumb Code   142  freertos.o(i.StartTask04)
    SysTick_Handler                          0x080069d5   Thumb Code    38  port.o(i.SysTick_Handler)
    SystemClock_Config                       0x08006a01   Thumb Code   140  main.o(i.SystemClock_Config)
    SystemInit                               0x08006a95   Thumb Code    12  system_stm32f4xx.o(i.SystemInit)
    TIM2_IRQHandler                          0x08006aa5   Thumb Code     6  stm32f4xx_it.o(i.TIM2_IRQHandler)
    TIM_Base_SetConfig                       0x08006ab1   Thumb Code   136  stm32f4xx_hal_tim.o(i.TIM_Base_SetConfig)
    TimeCompare                              0x08006b55   Thumb Code    66  freertos.o(i.TimeCompare)
    Time_Offset                              0x08006ba5   Thumb Code   112  xrtc.o(i.Time_Offset)
    UART_SEND1                               0x08006d39   Thumb Code    44  uart.o(i.UART_SEND1)
    UART_SEND6                               0x08006d69   Thumb Code    30  uart.o(i.UART_SEND6)
    UART_Start_Receive_IT                    0x08006f2d   Thumb Code    54  stm32f4xx_hal_uart.o(i.UART_Start_Receive_IT)
    USART1_IRQHandler                        0x08006f65   Thumb Code     6  stm32f4xx_it.o(i.USART1_IRQHandler)
    USART6_IRQHandler                        0x08006f71   Thumb Code     6  stm32f4xx_it.o(i.USART6_IRQHandler)
    UpdateData                               0x08006f7d   Thumb Code   320  freertos.o(i.UpdateData)
    UpdateState                              0x08007121   Thumb Code   484  freertos.o(i.UpdateState)
    UsageFault_Handler                       0x0800736d   Thumb Code     2  stm32f4xx_it.o(i.UsageFault_Handler)
    __ARM_fpclassify                         0x0800736f   Thumb Code    48  fpclassify.o(i.__ARM_fpclassify)
    __hardfp_fabs                            0x080073bf   Thumb Code    20  fabs.o(i.__hardfp_fabs)
    __hardfp_floor                           0x080073d9   Thumb Code   252  floor.o(i.__hardfp_floor)
    __hardfp_pow                             0x080074f1   Thumb Code  3072  pow.o(i.__hardfp_pow)
    __kernel_poly                            0x08008141   Thumb Code   248  poly.o(i.__kernel_poly)
    __mathlib_dbl_divzero                    0x08008239   Thumb Code    28  dunder.o(i.__mathlib_dbl_divzero)
    __mathlib_dbl_infnan2                    0x08008269   Thumb Code    20  dunder.o(i.__mathlib_dbl_infnan2)
    __mathlib_dbl_invalid                    0x08008281   Thumb Code    24  dunder.o(i.__mathlib_dbl_invalid)
    __mathlib_dbl_overflow                   0x080082a1   Thumb Code    24  dunder.o(i.__mathlib_dbl_overflow)
    __mathlib_dbl_underflow                  0x080082c1   Thumb Code    24  dunder.o(i.__mathlib_dbl_underflow)
    _is_digit                                0x080082e1   Thumb Code    14  __printf_wp.o(i._is_digit)
    assert_failed                            0x080082ef   Thumb Code     2  main.o(i.assert_failed)
    cJSON_AddItemToArray                     0x080082f1   Thumb Code    28  cjson.o(i.cJSON_AddItemToArray)
    cJSON_AddItemToObject                    0x0800830d   Thumb Code    42  cjson.o(i.cJSON_AddItemToObject)
    cJSON_CreateNumber                       0x0800833d   Thumb Code    48  cjson.o(i.cJSON_CreateNumber)
    cJSON_CreateObject                       0x0800836d   Thumb Code    16  cjson.o(i.cJSON_CreateObject)
    cJSON_CreateString                       0x0800837d   Thumb Code    28  cjson.o(i.cJSON_CreateString)
    cJSON_Delete                             0x08008399   Thumb Code    66  cjson.o(i.cJSON_Delete)
    cJSON_GetObjectItem                      0x080083e1   Thumb Code    28  cjson.o(i.cJSON_GetObjectItem)
    cJSON_Parse                              0x08008419   Thumb Code     8  cjson.o(i.cJSON_Parse)
    cJSON_ParseWithOpts                      0x08008421   Thumb Code    92  cjson.o(i.cJSON_ParseWithOpts)
    cJSON_Print                              0x08008481   Thumb Code    10  cjson.o(i.cJSON_Print)
    crc16                                    0x080084f5   Thumb Code    50  uart.o(i.crc16)
    fabs                                     0x08008599   Thumb Code    24  fabs.o(i.fabs)
    main                                     0x080085bd   Thumb Code    46  main.o(i.main)
    osDelay                                  0x080085f7   Thumb Code    14  cmsis_os.o(i.osDelay)
    osKernelStart                            0x08008605   Thumb Code    10  cmsis_os.o(i.osKernelStart)
    osMessageCreate                          0x0800860f   Thumb Code    38  cmsis_os.o(i.osMessageCreate)
    osMutexCreate                            0x08008635   Thumb Code    16  cmsis_os.o(i.osMutexCreate)
    osSemaphoreCreate                        0x08008645   Thumb Code    62  cmsis_os.o(i.osSemaphoreCreate)
    osThreadCreate                           0x08008683   Thumb Code    84  cmsis_os.o(i.osThreadCreate)
    osTimerCreate                            0x080086d9   Thumb Code    60  cmsis_os.o(i.osTimerCreate)
    osTimerStart                             0x08008719   Thumb Code    88  cmsis_os.o(i.osTimerStart)
    pvPortMalloc                             0x08009e69   Thumb Code   216  heap_4.o(i.pvPortMalloc)
    pxPortInitialiseStack                    0x08009f45   Thumb Code    40  port.o(i.pxPortInitialiseStack)
    sqrt                                     0x08009f85   Thumb Code   110  sqrt.o(i.sqrt)
    uxListRemove                             0x0800a00f   Thumb Code    38  list.o(i.uxListRemove)
    uxQueueMessagesWaiting                   0x0800a035   Thumb Code    36  queue.o(i.uxQueueMessagesWaiting)
    vApplicationGetIdleTaskMemory            0x0800a059   Thumb Code    16  freertos.o(i.vApplicationGetIdleTaskMemory)
    vApplicationGetTimerTaskMemory           0x0800a06d   Thumb Code    18  freertos.o(i.vApplicationGetTimerTaskMemory)
    vListInitialise                          0x0800a085   Thumb Code    22  list.o(i.vListInitialise)
    vListInitialiseItem                      0x0800a09b   Thumb Code     6  list.o(i.vListInitialiseItem)
    vListInsert                              0x0800a0a1   Thumb Code    48  list.o(i.vListInsert)
    vListInsertEnd                           0x0800a0d1   Thumb Code    24  list.o(i.vListInsertEnd)
    vPortEnterCritical                       0x0800a0e9   Thumb Code    54  port.o(i.vPortEnterCritical)
    vPortExitCritical                        0x0800a129   Thumb Code    34  port.o(i.vPortExitCritical)
    vPortFree                                0x0800a151   Thumb Code    94  heap_4.o(i.vPortFree)
    vPortSetupTimerInterrupt                 0x0800a1b5   Thumb Code    32  port.o(i.vPortSetupTimerInterrupt)
    vPortValidateInterruptPriority           0x0800a1d9   Thumb Code    74  port.o(i.vPortValidateInterruptPriority)
    vQueueAddToRegistry                      0x0800a22d   Thumb Code    34  queue.o(i.vQueueAddToRegistry)
    vQueueWaitForMessageRestricted           0x0800a255   Thumb Code    68  queue.o(i.vQueueWaitForMessageRestricted)
    vTaskDelay                               0x0800a299   Thumb Code    66  tasks.o(i.vTaskDelay)
    vTaskDelete                              0x0800a2e5   Thumb Code   158  tasks.o(i.vTaskDelete)
    vTaskInternalSetTimeOutState             0x0800a391   Thumb Code    12  tasks.o(i.vTaskInternalSetTimeOutState)
    vTaskMissedYield                         0x0800a3a1   Thumb Code     8  tasks.o(i.vTaskMissedYield)
    vTaskPlaceOnEventList                    0x0800a3ad   Thumb Code    44  tasks.o(i.vTaskPlaceOnEventList)
    vTaskPlaceOnEventListRestricted          0x0800a3dd   Thumb Code    52  tasks.o(i.vTaskPlaceOnEventListRestricted)
    vTaskResume                              0x0800a415   Thumb Code   112  tasks.o(i.vTaskResume)
    vTaskStartScheduler                      0x0800a491   Thumb Code   118  tasks.o(i.vTaskStartScheduler)
    vTaskSuspend                             0x0800a519   Thumb Code   174  tasks.o(i.vTaskSuspend)
    vTaskSuspendAll                          0x0800a5d5   Thumb Code    10  tasks.o(i.vTaskSuspendAll)
    vTaskSwitchContext                       0x0800a5e5   Thumb Code    82  tasks.o(i.vTaskSwitchContext)
    vTimer01                                 0x0800a641   Thumb Code    76  freertos.o(i.vTimer01)
    xPortStartScheduler                      0x0800a695   Thumb Code   222  port.o(i.xPortStartScheduler)
    xQueueCreateMutex                        0x0800a789   Thumb Code    22  queue.o(i.xQueueCreateMutex)
    xQueueCreateMutexStatic                  0x0800a79f   Thumb Code    26  queue.o(i.xQueueCreateMutexStatic)
    xQueueGenericCreate                      0x0800a7b9   Thumb Code    66  queue.o(i.xQueueGenericCreate)
    xQueueGenericCreateStatic                0x0800a7fb   Thumb Code   102  queue.o(i.xQueueGenericCreateStatic)
    xQueueGenericReset                       0x0800a861   Thumb Code   132  queue.o(i.xQueueGenericReset)
    xQueueGenericSend                        0x0800a8e9   Thumb Code   346  queue.o(i.xQueueGenericSend)
    xQueueGenericSendFromISR                 0x0800aa49   Thumb Code   190  queue.o(i.xQueueGenericSendFromISR)
    xQueueReceive                            0x0800ab09   Thumb Code   308  queue.o(i.xQueueReceive)
    xTaskCheckForTimeOut                     0x0800ac41   Thumb Code   112  tasks.o(i.xTaskCheckForTimeOut)
    xTaskCreate                              0x0800acb5   Thumb Code    90  tasks.o(i.xTaskCreate)
    xTaskCreateStatic                        0x0800ad0f   Thumb Code    86  tasks.o(i.xTaskCreateStatic)
    xTaskGetSchedulerState                   0x0800ad65   Thumb Code    22  tasks.o(i.xTaskGetSchedulerState)
    xTaskGetTickCount                        0x0800ad81   Thumb Code     6  tasks.o(i.xTaskGetTickCount)
    xTaskIncrementTick                       0x0800ad8d   Thumb Code   194  tasks.o(i.xTaskIncrementTick)
    xTaskPriorityDisinherit                  0x0800ae59   Thumb Code   144  tasks.o(i.xTaskPriorityDisinherit)
    xTaskRemoveFromEventList                 0x0800aef1   Thumb Code   108  tasks.o(i.xTaskRemoveFromEventList)
    xTaskResumeAll                           0x0800af65   Thumb Code   182  tasks.o(i.xTaskResumeAll)
    xTaskResumeFromISR                       0x0800b029   Thumb Code   128  tasks.o(i.xTaskResumeFromISR)
    xTimerCreate                             0x0800b0b1   Thumb Code    52  timers.o(i.xTimerCreate)
    xTimerCreateStatic                       0x0800b0e5   Thumb Code    46  timers.o(i.xTimerCreateStatic)
    xTimerCreateTimerTask                    0x0800b115   Thumb Code    78  timers.o(i.xTimerCreateTimerTask)
    xTimerGenericCommand                     0x0800b175   Thumb Code    92  timers.o(i.xTimerGenericCommand)
    _get_lc_ctype                            0x0800b1d5   Thumb Code    44  lc_ctype_c.o(locale$$code)
    _get_lc_numeric                          0x0800b201   Thumb Code    44  lc_numeric_c.o(locale$$code)
    __aeabi_dneg                             0x0800b22d   Thumb Code     0  basic.o(x$fpl$basic)
    _dneg                                    0x0800b22d   Thumb Code     6  basic.o(x$fpl$basic)
    __aeabi_fneg                             0x0800b233   Thumb Code     0  basic.o(x$fpl$basic)
    _fneg                                    0x0800b233   Thumb Code     6  basic.o(x$fpl$basic)
    _dabs                                    0x0800b239   Thumb Code     6  basic.o(x$fpl$basic)
    _fabs                                    0x0800b23f   Thumb Code     6  basic.o(x$fpl$basic)
    __aeabi_dadd                             0x0800b245   Thumb Code     0  daddsub_clz.o(x$fpl$dadd)
    _dadd                                    0x0800b245   Thumb Code   332  daddsub_clz.o(x$fpl$dadd)
    __fpl_dcheck_NaN1                        0x0800b395   Thumb Code    10  dcheck1.o(x$fpl$dcheck1)
    __fpl_dcmp_Inf                           0x0800b3a5   Thumb Code    24  dcmpi.o(x$fpl$dcmpinf)
    __aeabi_ddiv                             0x0800b3bd   Thumb Code     0  ddiv.o(x$fpl$ddiv)
    _ddiv                                    0x0800b3bd   Thumb Code   552  ddiv.o(x$fpl$ddiv)
    __aeabi_cdcmpeq                          0x0800b66d   Thumb Code     0  deqf.o(x$fpl$deqf)
    _dcmpeq                                  0x0800b66d   Thumb Code   120  deqf.o(x$fpl$deqf)
    __aeabi_d2iz                             0x0800b6e5   Thumb Code     0  dfix.o(x$fpl$dfix)
    _dfix                                    0x0800b6e5   Thumb Code    94  dfix.o(x$fpl$dfix)
    __aeabi_i2d                              0x0800b743   Thumb Code     0  dflt_clz.o(x$fpl$dflt)
    _dflt                                    0x0800b743   Thumb Code    46  dflt_clz.o(x$fpl$dflt)
    __aeabi_cdcmple                          0x0800b771   Thumb Code     0  dleqf.o(x$fpl$dleqf)
    _dcmple                                  0x0800b771   Thumb Code   120  dleqf.o(x$fpl$dleqf)
    __fpl_dcmple_InfNaN                      0x0800b7d3   Thumb Code     0  dleqf.o(x$fpl$dleqf)
    __aeabi_dmul                             0x0800b7e9   Thumb Code     0  dmul.o(x$fpl$dmul)
    _dmul                                    0x0800b7e9   Thumb Code   332  dmul.o(x$fpl$dmul)
    __fpl_dnaninf                            0x0800b93d   Thumb Code   156  dnaninf.o(x$fpl$dnaninf)
    __fpl_dretinf                            0x0800b9d9   Thumb Code    12  dretinf.o(x$fpl$dretinf)
    __aeabi_cdrcmple                         0x0800b9e5   Thumb Code     0  drleqf.o(x$fpl$drleqf)
    _drcmple                                 0x0800b9e5   Thumb Code   108  drleqf.o(x$fpl$drleqf)
    __aeabi_drsub                            0x0800ba51   Thumb Code     0  daddsub_clz.o(x$fpl$drsb)
    _drsb                                    0x0800ba51   Thumb Code    22  daddsub_clz.o(x$fpl$drsb)
    _dsqrt                                   0x0800ba69   Thumb Code   404  dsqrt_umaal.o(x$fpl$dsqrt)
    __aeabi_dsub                             0x0800bc01   Thumb Code     0  daddsub_clz.o(x$fpl$dsub)
    _dsub                                    0x0800bc01   Thumb Code   464  daddsub_clz.o(x$fpl$dsub)
    _fp_init                                 0x0800bdd5   Thumb Code    10  fpinit.o(x$fpl$fpinit)
    __fplib_config_fpu_vfp                   0x0800bddd   Thumb Code     0  fpinit.o(x$fpl$fpinit)
    __fplib_config_pureend_doubles           0x0800bddd   Thumb Code     0  fpinit.o(x$fpl$fpinit)
    _printf_fp_dec                           0x0800bddf   Thumb Code     4  printf1.o(x$fpl$printf1)
    __fpl_return_NaN                         0x0800bde3   Thumb Code   100  retnan.o(x$fpl$retnan)
    __ARM_scalbn                             0x0800be47   Thumb Code    92  scalbn.o(x$fpl$scalbn)
    __fpl_cmpreturn                          0x0800bea3   Thumb Code    48  trapv.o(x$fpl$trapveneer)
    __I$use$fp                               0x0800bed2   Number         0  usenofp.o(x$fpl$usenofp)
    os_mutex_def_uart1Mutex                  0x0800bedc   Data           8  freertos.o(.constdata)
    AHBPrescTable                            0x0800bfa4   Data          16  system_stm32f4xx.o(.constdata)
    APBPrescTable                            0x0800bfb4   Data           8  system_stm32f4xx.o(.constdata)
    __mathlib_zero                           0x0800c080   Data           8  qnan.o(.constdata)
    Region$$Table$$Base                      0x0800c154   Number         0  anon$$obj.o(Region$$Table)
    Region$$Table$$Limit                     0x0800c174   Number         0  anon$$obj.o(Region$$Table)
    __ctype                                  0x0800c181   Data           0  lc_ctype_c.o(locale$$data)
    controllerCommunicationInProgress        0x20000000   Data           1  device.o(.data)
    Relay1ON                                 0x20000001   Data           8  device.o(.data)
    Relay1OFF                                0x20000009   Data           8  device.o(.data)
    Relay2ON                                 0x20000011   Data           8  device.o(.data)
    Relay2OFF                                0x20000019   Data           8  device.o(.data)
    Relay3ON                                 0x20000021   Data           8  device.o(.data)
    Relay3OFF                                0x20000029   Data           8  device.o(.data)
    Relay4ON                                 0x20000031   Data           8  device.o(.data)
    Relay4OFF                                0x20000039   Data           8  device.o(.data)
    Relay5ON                                 0x20000041   Data           8  device.o(.data)
    Relay5OFF                                0x20000049   Data           8  device.o(.data)
    Relay6ON                                 0x20000051   Data           8  device.o(.data)
    Relay6OFF                                0x20000059   Data           8  device.o(.data)
    Relay7ON                                 0x20000061   Data           8  device.o(.data)
    Relay7OFF                                0x20000069   Data           8  device.o(.data)
    Relay8ON                                 0x20000071   Data           8  device.o(.data)
    Relay8OFF                                0x20000079   Data           8  device.o(.data)
    Relay9ON                                 0x20000081   Data           8  device.o(.data)
    Relay9OFF                                0x20000089   Data           8  device.o(.data)
    Relay10ON                                0x20000091   Data           8  device.o(.data)
    Relay10OFF                               0x20000099   Data           8  device.o(.data)
    Relay11ON                                0x200000a1   Data           8  device.o(.data)
    Relay11OFF                               0x200000a9   Data           8  device.o(.data)
    Relay12ON                                0x200000b1   Data           8  device.o(.data)
    Relay12OFF                               0x200000b9   Data           8  device.o(.data)
    Relay13ON                                0x200000c1   Data           8  device.o(.data)
    Relay13OFF                               0x200000c9   Data           8  device.o(.data)
    Relay14ON                                0x200000d1   Data           8  device.o(.data)
    Relay14OFF                               0x200000d9   Data           8  device.o(.data)
    Relay15ON                                0x200000e1   Data           8  device.o(.data)
    Relay15OFF                               0x200000e9   Data           8  device.o(.data)
    Relay16ON                                0x200000f1   Data           8  device.o(.data)
    Relay16OFF                               0x200000f9   Data           8  device.o(.data)
    uart1Mutex                               0x20000104   Data           4  device.o(.data)
    TimeSwitchData                           0x20000108   Data           8  eeprom.o(.data)
    TimeSwitch_ADD                           0x20000110   Data          16  eeprom.o(.data)
    DeviceStatus                             0x20000120   Data           8  eeprom.o(.data)
    RX1Index                                 0x20000128   Data           1  uart.o(.data)
    RX2Index                                 0x20000129   Data           1  uart.o(.data)
    RX1Data                                  0x2000012a   Data           1  uart.o(.data)
    RX2Data                                  0x2000012b   Data           1  uart.o(.data)
    Now_Date                                 0x2000012c   Data           4  xrtc.o(.data)
    Task1Flag                                0x2000013c   Data           1  freertos.o(.data)
    SetTime                                  0x2000013d   Data           1  freertos.o(.data)
    ModeTask                                 0x2000013e   Data           1  freertos.o(.data)
    TimeCount                                0x20000140   Data           4  freertos.o(.data)
    defaultTaskHandle                        0x20000144   Data           4  freertos.o(.data)
    Task01Handle                             0x20000148   Data           4  freertos.o(.data)
    Task02Handle                             0x2000014c   Data           4  freertos.o(.data)
    FeedDogTaskHandle                        0x20000150   Data           4  freertos.o(.data)
    Task03Handle                             0x20000154   Data           4  freertos.o(.data)
    Task04Handle                             0x20000158   Data           4  freertos.o(.data)
    LogQueueHandle                           0x2000015c   Data           4  freertos.o(.data)
    Timer01Handle                            0x20000160   Data           4  freertos.o(.data)
    sendDataBinarySemHandle                  0x20000164   Data           4  freertos.o(.data)
    DeviceOpenFlag                           0x20000168   Data           8  freertos.o(.data)
    volt                                     0x20000170   Data           8  freertos.o(.data)
    uwTickFreq                               0x20000178   Data           1  stm32f4xx_hal.o(.data)
    uwTickPrio                               0x2000017c   Data           4  stm32f4xx_hal.o(.data)
    uwTick                                   0x20000180   Data           4  stm32f4xx_hal.o(.data)
    SystemCoreClock                          0x20000184   Data           4  system_stm32f4xx.o(.data)
    pxCurrentTCB                             0x20000188   Data           4  tasks.o(.data)
    RX1Buffer                                0x20000204   Data          55  uart.o(.bss)
    RX2Buffer                                0x2000023b   Data         256  uart.o(.bss)
    CopyRX2Buffer                            0x2000033b   Data         256  uart.o(.bss)
    Now_Time                                 0x2000043c   Data          20  xrtc.o(.bss)
    CheckTime                                0x20000450   Data          20  xrtc.o(.bss)
    sAlarm                                   0x20000464   Data          40  xrtc.o(.bss)
    xhrtc                                    0x2000048c   Data          32  xrtc.o(.bss)
    CurrentTime                              0x200004ac   Data          20  xrtc.o(.bss)
    NetTime                                  0x200004c0   Data          20  xrtc.o(.bss)
    StateErrorFlag                           0x200004d4   Data           9  freertos.o(.bss)
    AppOnFlag                                0x200004dd   Data           9  freertos.o(.bss)
    timestamp                                0x200004e8   Data          32  freertos.o(.bss)
    CurrentValue                             0x20000508   Data          16  freertos.o(.bss)
    xTimeSwitch                              0x20000518   Data          64  freertos.o(.bss)
    hi2c1                                    0x20000c00   Data          84  i2c.o(.bss)
    hiwdg                                    0x20000c54   Data          12  iwdg.o(.bss)
    hrtc                                     0x20000c60   Data          32  rtc.o(.bss)
    hspi2                                    0x20000c80   Data          88  spi.o(.bss)
    huart1                                   0x20000cd8   Data          72  usart.o(.bss)
    huart6                                   0x20000d20   Data          72  usart.o(.bss)
    htim2                                    0x20000d68   Data          72  stm32f4xx_hal_timebase_tim.o(.bss)
    xQueueRegistry                           0x20000db0   Data          64  queue.o(.bss)
    __libspace_start                         0x20004bc8   Data          96  libspace.o(.bss)
    __temporary_stack_top$libspace           0x20004c28   Data           0  libspace.o(.bss)



==============================================================================

Memory Map of the image

  Image Entry point : 0x08000199

  Load Region LR_IROM1 (Base: 0x08000000, Size: 0x0000c4a4, Max: 0x00080000, ABSOLUTE, COMPRESSED[0x0000c38c])

    Execution Region ER_IROM1 (Exec base: 0x08000000, Load base: 0x08000000, Size: 0x0000c2a0, Max: 0x00080000, ABSOLUTE)

    Exec Addr    Load Addr    Size         Type   Attr      Idx    E Section Name        Object

    0x08000000   0x08000000   0x00000198   Data   RO            3    RESET               startup_stm32f411xe.o
    0x08000198   0x08000198   0x00000008   Code   RO         7262  * !!!main             c_w.l(__main.o)
    0x080001a0   0x080001a0   0x00000034   Code   RO         7659    !!!scatter          c_w.l(__scatter.o)
    0x080001d4   0x080001d4   0x0000005a   Code   RO         7657    !!dczerorl2         c_w.l(__dczerorl2.o)
    0x0800022e   0x0800022e   0x00000002   PAD
    0x08000230   0x08000230   0x0000001c   Code   RO         7661    !!handler_zi        c_w.l(__scatter_zi.o)
    0x0800024c   0x0800024c   0x00000000   Code   RO         7235    .ARM.Collect$$_printf_percent$$00000000  c_w.l(_printf_percent.o)
    0x0800024c   0x0800024c   0x00000006   Code   RO         7233    .ARM.Collect$$_printf_percent$$00000003  c_w.l(_printf_f.o)
    0x08000252   0x08000252   0x00000006   Code   RO         7234    .ARM.Collect$$_printf_percent$$00000004  c_w.l(_printf_e.o)
    0x08000258   0x08000258   0x00000006   Code   RO         7232    .ARM.Collect$$_printf_percent$$00000009  c_w.l(_printf_d.o)
    0x0800025e   0x0800025e   0x00000006   Code   RO         7231    .ARM.Collect$$_printf_percent$$0000000C  c_w.l(_printf_x.o)
    0x08000264   0x08000264   0x00000004   Code   RO         7362    .ARM.Collect$$_printf_percent$$00000017  c_w.l(_printf_percent_end.o)
    0x08000268   0x08000268   0x00000002   Code   RO         7590    .ARM.Collect$$libinit$$00000000  c_w.l(libinit.o)
    0x0800026a   0x0800026a   0x00000004   Code   RO         7371    .ARM.Collect$$libinit$$00000001  c_w.l(libinit2.o)
    0x0800026e   0x0800026e   0x00000000   Code   RO         7374    .ARM.Collect$$libinit$$00000004  c_w.l(libinit2.o)
    0x0800026e   0x0800026e   0x00000008   Code   RO         7375    .ARM.Collect$$libinit$$00000005  c_w.l(libinit2.o)
    0x08000276   0x08000276   0x00000000   Code   RO         7377    .ARM.Collect$$libinit$$0000000A  c_w.l(libinit2.o)
    0x08000276   0x08000276   0x00000000   Code   RO         7379    .ARM.Collect$$libinit$$0000000C  c_w.l(libinit2.o)
    0x08000276   0x08000276   0x00000000   Code   RO         7381    .ARM.Collect$$libinit$$0000000E  c_w.l(libinit2.o)
    0x08000276   0x08000276   0x00000006   Code   RO         7382    .ARM.Collect$$libinit$$0000000F  c_w.l(libinit2.o)
    0x0800027c   0x0800027c   0x00000000   Code   RO         7384    .ARM.Collect$$libinit$$00000011  c_w.l(libinit2.o)
    0x0800027c   0x0800027c   0x0000000c   Code   RO         7385    .ARM.Collect$$libinit$$00000012  c_w.l(libinit2.o)
    0x08000288   0x08000288   0x00000000   Code   RO         7386    .ARM.Collect$$libinit$$00000013  c_w.l(libinit2.o)
    0x08000288   0x08000288   0x00000000   Code   RO         7388    .ARM.Collect$$libinit$$00000015  c_w.l(libinit2.o)
    0x08000288   0x08000288   0x0000000a   Code   RO         7389    .ARM.Collect$$libinit$$00000016  c_w.l(libinit2.o)
    0x08000292   0x08000292   0x00000000   Code   RO         7390    .ARM.Collect$$libinit$$00000017  c_w.l(libinit2.o)
    0x08000292   0x08000292   0x00000000   Code   RO         7392    .ARM.Collect$$libinit$$00000019  c_w.l(libinit2.o)
    0x08000292   0x08000292   0x00000000   Code   RO         7394    .ARM.Collect$$libinit$$0000001B  c_w.l(libinit2.o)
    0x08000292   0x08000292   0x00000000   Code   RO         7396    .ARM.Collect$$libinit$$0000001D  c_w.l(libinit2.o)
    0x08000292   0x08000292   0x00000000   Code   RO         7398    .ARM.Collect$$libinit$$0000001F  c_w.l(libinit2.o)
    0x08000292   0x08000292   0x00000000   Code   RO         7400    .ARM.Collect$$libinit$$00000021  c_w.l(libinit2.o)
    0x08000292   0x08000292   0x00000000   Code   RO         7402    .ARM.Collect$$libinit$$00000023  c_w.l(libinit2.o)
    0x08000292   0x08000292   0x00000000   Code   RO         7404    .ARM.Collect$$libinit$$00000025  c_w.l(libinit2.o)
    0x08000292   0x08000292   0x00000000   Code   RO         7408    .ARM.Collect$$libinit$$0000002C  c_w.l(libinit2.o)
    0x08000292   0x08000292   0x00000000   Code   RO         7410    .ARM.Collect$$libinit$$0000002E  c_w.l(libinit2.o)
    0x08000292   0x08000292   0x00000000   Code   RO         7412    .ARM.Collect$$libinit$$00000030  c_w.l(libinit2.o)
    0x08000292   0x08000292   0x00000000   Code   RO         7414    .ARM.Collect$$libinit$$00000032  c_w.l(libinit2.o)
    0x08000292   0x08000292   0x00000002   Code   RO         7415    .ARM.Collect$$libinit$$00000033  c_w.l(libinit2.o)
    0x08000294   0x08000294   0x00000002   Code   RO         7654    .ARM.Collect$$libshutdown$$00000000  c_w.l(libshutdown.o)
    0x08000296   0x08000296   0x00000000   Code   RO         7608    .ARM.Collect$$libshutdown$$00000002  c_w.l(libshutdown2.o)
    0x08000296   0x08000296   0x00000000   Code   RO         7610    .ARM.Collect$$libshutdown$$00000004  c_w.l(libshutdown2.o)
    0x08000296   0x08000296   0x00000000   Code   RO         7612    .ARM.Collect$$libshutdown$$00000006  c_w.l(libshutdown2.o)
    0x08000296   0x08000296   0x00000000   Code   RO         7615    .ARM.Collect$$libshutdown$$00000009  c_w.l(libshutdown2.o)
    0x08000296   0x08000296   0x00000000   Code   RO         7618    .ARM.Collect$$libshutdown$$0000000C  c_w.l(libshutdown2.o)
    0x08000296   0x08000296   0x00000000   Code   RO         7620    .ARM.Collect$$libshutdown$$0000000E  c_w.l(libshutdown2.o)
    0x08000296   0x08000296   0x00000000   Code   RO         7623    .ARM.Collect$$libshutdown$$00000011  c_w.l(libshutdown2.o)
    0x08000296   0x08000296   0x00000002   Code   RO         7624    .ARM.Collect$$libshutdown$$00000012  c_w.l(libshutdown2.o)
    0x08000298   0x08000298   0x00000000   Code   RO         7320    .ARM.Collect$$rtentry$$00000000  c_w.l(__rtentry.o)
    0x08000298   0x08000298   0x00000000   Code   RO         7470    .ARM.Collect$$rtentry$$00000002  c_w.l(__rtentry2.o)
    0x08000298   0x08000298   0x00000006   Code   RO         7482    .ARM.Collect$$rtentry$$00000004  c_w.l(__rtentry4.o)
    0x0800029e   0x0800029e   0x00000000   Code   RO         7472    .ARM.Collect$$rtentry$$00000009  c_w.l(__rtentry2.o)
    0x0800029e   0x0800029e   0x00000004   Code   RO         7473    .ARM.Collect$$rtentry$$0000000A  c_w.l(__rtentry2.o)
    0x080002a2   0x080002a2   0x00000000   Code   RO         7475    .ARM.Collect$$rtentry$$0000000C  c_w.l(__rtentry2.o)
    0x080002a2   0x080002a2   0x00000008   Code   RO         7476    .ARM.Collect$$rtentry$$0000000D  c_w.l(__rtentry2.o)
    0x080002aa   0x080002aa   0x00000002   Code   RO         7595    .ARM.Collect$$rtexit$$00000000  c_w.l(rtexit.o)
    0x080002ac   0x080002ac   0x00000000   Code   RO         7630    .ARM.Collect$$rtexit$$00000002  c_w.l(rtexit2.o)
    0x080002ac   0x080002ac   0x00000004   Code   RO         7631    .ARM.Collect$$rtexit$$00000003  c_w.l(rtexit2.o)
    0x080002b0   0x080002b0   0x00000006   Code   RO         7632    .ARM.Collect$$rtexit$$00000004  c_w.l(rtexit2.o)
    0x080002b6   0x080002b6   0x00000002   PAD
    0x080002b8   0x080002b8   0x000000be   Code   RO         7035    .emb_text           port.o
    0x08000376   0x08000376   0x00000002   PAD
    0x08000378   0x08000378   0x00000000   Code   RO         7498    .emb_text           c_w.l(maybetermalloc1.o)
    0x08000378   0x08000378   0x00000040   Code   RO            4    .text               startup_stm32f411xe.o
    0x080003b8   0x080003b8   0x0000005e   Code   RO         7118    .text               c_w.l(h1_alloc.o)
    0x08000416   0x08000416   0x0000004e   Code   RO         7120    .text               c_w.l(h1_free.o)
    0x08000464   0x08000464   0x000000ee   Code   RO         7176    .text               c_w.l(lludivv7m.o)
    0x08000552   0x08000552   0x0000001a   Code   RO         7178    .text               c_w.l(tolower.o)
    0x0800056c   0x0800056c   0x00000028   Code   RO         7182    .text               c_w.l(noretval__2sprintf.o)
    0x08000594   0x08000594   0x0000004e   Code   RO         7186    .text               c_w.l(_printf_pad.o)
    0x080005e2   0x080005e2   0x00000002   PAD
    0x080005e4   0x080005e4   0x00000078   Code   RO         7188    .text               c_w.l(_printf_dec.o)
    0x0800065c   0x0800065c   0x00000058   Code   RO         7193    .text               c_w.l(_printf_hex_int.o)
    0x080006b4   0x080006b4   0x00000138   Code   RO         7223    .text               c_w.l(__printf_flags_wp.o)
    0x080007ec   0x080007ec   0x0000003c   Code   RO         7236    .text               c_w.l(__0sscanf.o)
    0x08000828   0x08000828   0x0000014c   Code   RO         7238    .text               c_w.l(_scanf_int.o)
    0x08000974   0x08000974   0x00000014   Code   RO         7240    .text               c_w.l(strchr.o)
    0x08000988   0x08000988   0x00000048   Code   RO         7242    .text               c_w.l(strcpy.o)
    0x080009d0   0x080009d0   0x0000003e   Code   RO         7244    .text               c_w.l(strlen.o)
    0x08000a0e   0x08000a0e   0x00000096   Code   RO         7246    .text               c_w.l(strncmp.o)
    0x08000aa4   0x08000aa4   0x0000008a   Code   RO         7248    .text               c_w.l(rt_memcpy_v6.o)
    0x08000b2e   0x08000b2e   0x00000064   Code   RO         7250    .text               c_w.l(rt_memcpy_w.o)
    0x08000b92   0x08000b92   0x00000044   Code   RO         7254    .text               c_w.l(rt_memclr.o)
    0x08000bd6   0x08000bd6   0x0000004e   Code   RO         7256    .text               c_w.l(rt_memclr_w.o)
    0x08000c24   0x08000c24   0x00000080   Code   RO         7258    .text               c_w.l(strcmpv7m.o)
    0x08000ca4   0x08000ca4   0x00000006   Code   RO         7260    .text               c_w.l(heapauxi.o)
    0x08000caa   0x08000caa   0x00000002   PAD
    0x08000cac   0x08000cac   0x00000010   Code   RO         7321    .text               c_w.l(rt_ctype_table.o)
    0x08000cbc   0x08000cbc   0x00000008   Code   RO         7330    .text               c_w.l(rt_heap_descriptor_intlibspace.o)
    0x08000cc4   0x08000cc4   0x00000004   Code   RO         7332    .text               c_w.l(hguard.o)
    0x08000cc8   0x08000cc8   0x0000008a   Code   RO         7334    .text               c_w.l(init_alloc.o)
    0x08000d52   0x08000d52   0x0000000e   Code   RO         7338    .text               c_w.l(h1_init.o)
    0x08000d60   0x08000d60   0x00000016   Code   RO         7352    .text               c_w.l(_rserrno.o)
    0x08000d76   0x08000d76   0x000000b2   Code   RO         7354    .text               c_w.l(_printf_intcommon.o)
    0x08000e28   0x08000e28   0x0000041e   Code   RO         7356    .text               c_w.l(_printf_fp_dec.o)
    0x08001246   0x08001246   0x00000002   PAD
    0x08001248   0x08001248   0x00000030   Code   RO         7358    .text               c_w.l(_printf_char_common.o)
    0x08001278   0x08001278   0x0000000a   Code   RO         7360    .text               c_w.l(_sputc.o)
    0x08001282   0x08001282   0x0000001c   Code   RO         7363    .text               c_w.l(_chval.o)
    0x0800129e   0x0800129e   0x00000002   PAD
    0x080012a0   0x080012a0   0x0000002c   Code   RO         7365    .text               c_w.l(scanf_char.o)
    0x080012cc   0x080012cc   0x00000040   Code   RO         7367    .text               c_w.l(_sgetc.o)
    0x0800130c   0x0800130c   0x00000008   Code   RO         7466    .text               c_w.l(libspace.o)
    0x08001314   0x08001314   0x00000008   Code   RO         7489    .text               c_w.l(rt_locale_intlibspace.o)
    0x0800131c   0x0800131c   0x00000008   Code   RO         7494    .text               c_w.l(rt_errno_addr_intlibspace.o)
    0x08001324   0x08001324   0x00000034   Code   RO         7500    .text               c_w.l(h1_extend.o)
    0x08001358   0x08001358   0x0000008a   Code   RO         7504    .text               c_w.l(lludiv10.o)
    0x080013e2   0x080013e2   0x00000012   Code   RO         7506    .text               c_w.l(isspace.o)
    0x080013f4   0x080013f4   0x00000080   Code   RO         7508    .text               c_w.l(_printf_fp_infnan.o)
    0x08001474   0x08001474   0x00000374   Code   RO         7512    .text               c_w.l(_scanf.o)
    0x080017e8   0x080017e8   0x000000e4   Code   RO         7514    .text               c_w.l(bigflt0.o)
    0x080018cc   0x080018cc   0x0000000e   Code   RO         7545    .text               c_w.l(defsig_rtmem_outer.o)
    0x080018da   0x080018da   0x00000002   Code   RO         7562    .text               c_w.l(use_no_semi.o)
    0x080018dc   0x080018dc   0x00000000   Code   RO         7564    .text               c_w.l(indicate_semi.o)
    0x080018dc   0x080018dc   0x0000004a   Code   RO         7565    .text               c_w.l(sys_stackheap_outer.o)
    0x08001926   0x08001926   0x00000012   Code   RO         7571    .text               c_w.l(exit.o)
    0x08001938   0x08001938   0x0000000a   Code   RO         7573    .text               c_w.l(defsig_exit.o)
    0x08001942   0x08001942   0x00000002   PAD
    0x08001944   0x08001944   0x00000050   Code   RO         7579    .text               c_w.l(defsig_rtmem_inner.o)
    0x08001994   0x08001994   0x0000000c   Code   RO         7593    .text               c_w.l(sys_exit.o)
    0x080019a0   0x080019a0   0x00000032   Code   RO         7603    .text               c_w.l(defsig_general.o)
    0x080019d2   0x080019d2   0x0000000e   Code   RO         7627    .text               c_w.l(sys_wrch.o)
    0x080019e0   0x080019e0   0x0000003e   Code   RO         7517    CL$$btod_d2e        c_w.l(btod.o)
    0x08001a1e   0x08001a1e   0x00000046   Code   RO         7519    CL$$btod_d2e_denorm_low  c_w.l(btod.o)
    0x08001a64   0x08001a64   0x00000060   Code   RO         7518    CL$$btod_d2e_norm_op1  c_w.l(btod.o)
    0x08001ac4   0x08001ac4   0x00000338   Code   RO         7527    CL$$btod_div_common  c_w.l(btod.o)
    0x08001dfc   0x08001dfc   0x000000dc   Code   RO         7524    CL$$btod_e2e        c_w.l(btod.o)
    0x08001ed8   0x08001ed8   0x0000002a   Code   RO         7521    CL$$btod_ediv       c_w.l(btod.o)
    0x08001f02   0x08001f02   0x0000002a   Code   RO         7520    CL$$btod_emul       c_w.l(btod.o)
    0x08001f2c   0x08001f2c   0x00000244   Code   RO         7526    CL$$btod_mult_common  c_w.l(btod.o)
    0x08002170   0x08002170   0x00000002   Code   RO         1567    i.BusFault_Handler  stm32f4xx_it.o
    0x08002172   0x08002172   0x00000002   Code   RO         1568    i.DebugMon_Handler  stm32f4xx_it.o
    0x08002174   0x08002174   0x000000f0   Code   RO           13    i.Device_Close      device.o
    0x08002264   0x08002264   0x000000f0   Code   RO           14    i.Device_Open       device.o
    0x08002354   0x08002354   0x00000004   Code   RO          952    i.Error_Handler     main.o
    0x08002358   0x08002358   0x00000064   Code   RO          545    i.GET_Time          xrtc.o
    0x080023bc   0x080023bc   0x0000004c   Code   RO         1042    i.GetNetTime        freertos.o
    0x08002408   0x08002408   0x00000092   Code   RO         2366    i.HAL_DMA_Abort     stm32f4xx_hal_dma.o
    0x0800249a   0x0800249a   0x00000024   Code   RO         2367    i.HAL_DMA_Abort_IT  stm32f4xx_hal_dma.o
    0x080024be   0x080024be   0x00000006   Code   RO         2370    i.HAL_DMA_GetState  stm32f4xx_hal_dma.o
    0x080024c4   0x080024c4   0x000002b0   Code   RO         2259    i.HAL_GPIO_Init     stm32f4xx_hal_gpio.o
    0x08002774   0x08002774   0x0000006c   Code   RO         2263    i.HAL_GPIO_WritePin  stm32f4xx_hal_gpio.o
    0x080027e0   0x080027e0   0x0000000c   Code   RO         2821    i.HAL_GetTick       stm32f4xx_hal.o
    0x080027ec   0x080027ec   0x00000002   Code   RO         3066    i.HAL_I2C_AbortCpltCallback  stm32f4xx_hal_i2c.o
    0x080027ee   0x080027ee   0x00000002   Code   RO         3067    i.HAL_I2C_AddrCallback  stm32f4xx_hal_i2c.o
    0x080027f0   0x080027f0   0x000000ba   Code   RO         3070    i.HAL_I2C_ER_IRQHandler  stm32f4xx_hal_i2c.o
    0x080028aa   0x080028aa   0x00000230   Code   RO         3071    i.HAL_I2C_EV_IRQHandler  stm32f4xx_hal_i2c.o
    0x08002ada   0x08002ada   0x00000002   Code   RO         3073    i.HAL_I2C_ErrorCallback  stm32f4xx_hal_i2c.o
    0x08002adc   0x08002adc   0x00000288   Code   RO         3077    i.HAL_I2C_Init      stm32f4xx_hal_i2c.o
    0x08002d64   0x08002d64   0x00000002   Code   RO         3079    i.HAL_I2C_ListenCpltCallback  stm32f4xx_hal_i2c.o
    0x08002d66   0x08002d66   0x00000002   Code   RO         3080    i.HAL_I2C_MasterRxCpltCallback  stm32f4xx_hal_i2c.o
    0x08002d68   0x08002d68   0x00000002   Code   RO         3081    i.HAL_I2C_MasterTxCpltCallback  stm32f4xx_hal_i2c.o
    0x08002d6a   0x08002d6a   0x00000002   Code   RO         3093    i.HAL_I2C_MemRxCpltCallback  stm32f4xx_hal_i2c.o
    0x08002d6c   0x08002d6c   0x00000002   Code   RO         3094    i.HAL_I2C_MemTxCpltCallback  stm32f4xx_hal_i2c.o
    0x08002d6e   0x08002d6e   0x00000002   PAD
    0x08002d70   0x08002d70   0x0000012c   Code   RO         3097    i.HAL_I2C_Mem_Read_IT  stm32f4xx_hal_i2c.o
    0x08002e9c   0x08002e9c   0x00000120   Code   RO         3100    i.HAL_I2C_Mem_Write_IT  stm32f4xx_hal_i2c.o
    0x08002fbc   0x08002fbc   0x00000088   Code   RO         1364    i.HAL_I2C_MspInit   i2c.o
    0x08003044   0x08003044   0x00000002   Code   RO         3103    i.HAL_I2C_SlaveRxCpltCallback  stm32f4xx_hal_i2c.o
    0x08003046   0x08003046   0x00000002   Code   RO         3104    i.HAL_I2C_SlaveTxCpltCallback  stm32f4xx_hal_i2c.o
    0x08003048   0x08003048   0x000000e0   Code   RO         3533    i.HAL_IWDG_Init     stm32f4xx_hal_iwdg.o
    0x08003128   0x08003128   0x0000000c   Code   RO         3534    i.HAL_IWDG_Refresh  stm32f4xx_hal_iwdg.o
    0x08003134   0x08003134   0x00000010   Code   RO         2827    i.HAL_IncTick       stm32f4xx_hal.o
    0x08003144   0x08003144   0x00000034   Code   RO         2828    i.HAL_Init          stm32f4xx_hal.o
    0x08003178   0x08003178   0x00000098   Code   RO         1691    i.HAL_InitTick      stm32f4xx_hal_timebase_tim.o
    0x08003210   0x08003210   0x0000004c   Code   RO         1667    i.HAL_MspInit       stm32f4xx_hal_msp.o
    0x0800325c   0x0800325c   0x00000064   Code   RO         2673    i.HAL_NVIC_EnableIRQ  stm32f4xx_hal_cortex.o
    0x080032c0   0x080032c0   0x000000a0   Code   RO         2679    i.HAL_NVIC_SetPriority  stm32f4xx_hal_cortex.o
    0x08003360   0x08003360   0x00000080   Code   RO         2680    i.HAL_NVIC_SetPriorityGrouping  stm32f4xx_hal_cortex.o
    0x080033e0   0x080033e0   0x00000324   Code   RO         1941    i.HAL_RCCEx_PeriphCLKConfig  stm32f4xx_hal_rcc_ex.o
    0x08003704   0x08003704   0x0000024c   Code   RO         1836    i.HAL_RCC_ClockConfig  stm32f4xx_hal_rcc.o
    0x08003950   0x08003950   0x00000040   Code   RO         1840    i.HAL_RCC_GetClockConfig  stm32f4xx_hal_rcc.o
    0x08003990   0x08003990   0x00000020   Code   RO         1843    i.HAL_RCC_GetPCLK1Freq  stm32f4xx_hal_rcc.o
    0x080039b0   0x080039b0   0x00000020   Code   RO         1844    i.HAL_RCC_GetPCLK2Freq  stm32f4xx_hal_rcc.o
    0x080039d0   0x080039d0   0x00000064   Code   RO         1845    i.HAL_RCC_GetSysClockFreq  stm32f4xx_hal_rcc.o
    0x08003a34   0x08003a34   0x000004a8   Code   RO         1848    i.HAL_RCC_OscConfig  stm32f4xx_hal_rcc.o
    0x08003edc   0x08003edc   0x00000090   Code   RO         3573    i.HAL_RTC_GetDate   stm32f4xx_hal_rtc.o
    0x08003f6c   0x08003f6c   0x000000a0   Code   RO         3575    i.HAL_RTC_GetTime   stm32f4xx_hal_rtc.o
    0x0800400c   0x0800400c   0x00000164   Code   RO         3576    i.HAL_RTC_Init      stm32f4xx_hal_rtc.o
    0x08004170   0x08004170   0x0000003c   Code   RO         1436    i.HAL_RTC_MspInit   rtc.o
    0x080041ac   0x080041ac   0x00000194   Code   RO         3582    i.HAL_RTC_SetDate   stm32f4xx_hal_rtc.o
    0x08004340   0x08004340   0x000001ec   Code   RO         3583    i.HAL_RTC_SetTime   stm32f4xx_hal_rtc.o
    0x0800452c   0x0800452c   0x00000038   Code   RO         3584    i.HAL_RTC_WaitForSynchro  stm32f4xx_hal_rtc.o
    0x08004564   0x08004564   0x00000002   Code   RO         3958    i.HAL_SPI_ErrorCallback  stm32f4xx_hal_spi.o
    0x08004566   0x08004566   0x00000002   PAD
    0x08004568   0x08004568   0x000000fc   Code   RO         3961    i.HAL_SPI_IRQHandler  stm32f4xx_hal_spi.o
    0x08004664   0x08004664   0x00000260   Code   RO         3962    i.HAL_SPI_Init      stm32f4xx_hal_spi.o
    0x080048c4   0x080048c4   0x0000007c   Code   RO         1478    i.HAL_SPI_MspInit   spi.o
    0x08004940   0x08004940   0x00000002   Code   RO         4980    i.HAL_TIMEx_BreakCallback  stm32f4xx_hal_tim_ex.o
    0x08004942   0x08004942   0x00000002   Code   RO         4981    i.HAL_TIMEx_CommutCallback  stm32f4xx_hal_tim_ex.o
    0x08004944   0x08004944   0x00000158   Code   RO         4275    i.HAL_TIM_Base_Init  stm32f4xx_hal_tim.o
    0x08004a9c   0x08004a9c   0x00000002   Code   RO         4277    i.HAL_TIM_Base_MspInit  stm32f4xx_hal_tim.o
    0x08004a9e   0x08004a9e   0x00000002   PAD
    0x08004aa0   0x08004aa0   0x000000ec   Code   RO         4280    i.HAL_TIM_Base_Start_IT  stm32f4xx_hal_tim.o
    0x08004b8c   0x08004b8c   0x00000002   Code   RO         4309    i.HAL_TIM_IC_CaptureCallback  stm32f4xx_hal_tim.o
    0x08004b8e   0x08004b8e   0x00000130   Code   RO         4323    i.HAL_TIM_IRQHandler  stm32f4xx_hal_tim.o
    0x08004cbe   0x08004cbe   0x00000002   Code   RO         4326    i.HAL_TIM_OC_DelayElapsedCallback  stm32f4xx_hal_tim.o
    0x08004cc0   0x08004cc0   0x00000002   Code   RO         4353    i.HAL_TIM_PWM_PulseFinishedCallback  stm32f4xx_hal_tim.o
    0x08004cc2   0x08004cc2   0x0000000e   Code   RO          953    i.HAL_TIM_PeriodElapsedCallback  main.o
    0x08004cd0   0x08004cd0   0x00000002   Code   RO         4366    i.HAL_TIM_TriggerCallback  stm32f4xx_hal_tim.o
    0x08004cd2   0x08004cd2   0x00000002   Code   RO         5259    i.HAL_UARTEx_RxEventCallback  stm32f4xx_hal_uart.o
    0x08004cd4   0x08004cd4   0x00000002   Code   RO         5273    i.HAL_UART_ErrorCallback  stm32f4xx_hal_uart.o
    0x08004cd6   0x08004cd6   0x00000002   PAD
    0x08004cd8   0x08004cd8   0x00000270   Code   RO         5276    i.HAL_UART_IRQHandler  stm32f4xx_hal_uart.o
    0x08004f48   0x08004f48   0x0000012c   Code   RO         5277    i.HAL_UART_Init     stm32f4xx_hal_uart.o
    0x08005074   0x08005074   0x000000c4   Code   RO         1520    i.HAL_UART_MspInit  usart.o
    0x08005138   0x08005138   0x0000001c   Code   RO         5282    i.HAL_UART_Receive_IT  stm32f4xx_hal_uart.o
    0x08005154   0x08005154   0x00000108   Code   RO          488    i.HAL_UART_RxCpltCallback  uart.o
    0x0800525c   0x0800525c   0x00000032   Code   RO         5287    i.HAL_UART_Transmit_IT  stm32f4xx_hal_uart.o
    0x0800528e   0x0800528e   0x00000002   Code   RO         5288    i.HAL_UART_TxCpltCallback  stm32f4xx_hal_uart.o
    0x08005290   0x08005290   0x00000002   Code   RO         1569    i.HardFault_Handler  stm32f4xx_it.o
    0x08005292   0x08005292   0x00000002   PAD
    0x08005294   0x08005294   0x0000000c   Code   RO         1570    i.I2C1_ER_IRQHandler  stm32f4xx_it.o
    0x080052a0   0x080052a0   0x0000000c   Code   RO         1571    i.I2C1_EV_IRQHandler  stm32f4xx_it.o
    0x080052ac   0x080052ac   0x000000bc   Code   RO         3115    i.I2C_DMAAbort      stm32f4xx_hal_i2c.o
    0x08005368   0x08005368   0x00000010   Code   RO         3118    i.I2C_Flush_DR      stm32f4xx_hal_i2c.o
    0x08005378   0x08005378   0x00000158   Code   RO         3119    i.I2C_ITError       stm32f4xx_hal_i2c.o
    0x080054d0   0x080054d0   0x000000da   Code   RO         3121    i.I2C_MasterReceive_BTF  stm32f4xx_hal_i2c.o
    0x080055aa   0x080055aa   0x00000002   PAD
    0x080055ac   0x080055ac   0x000000f4   Code   RO         3122    i.I2C_MasterReceive_RXNE  stm32f4xx_hal_i2c.o
    0x080056a0   0x080056a0   0x00000082   Code   RO         3125    i.I2C_MasterTransmit_BTF  stm32f4xx_hal_i2c.o
    0x08005722   0x08005722   0x00000002   PAD
    0x08005724   0x08005724   0x000000b6   Code   RO         3126    i.I2C_MasterTransmit_TXE  stm32f4xx_hal_i2c.o
    0x080057da   0x080057da   0x00000002   PAD
    0x080057dc   0x080057dc   0x00000118   Code   RO         3127    i.I2C_Master_ADDR   stm32f4xx_hal_i2c.o
    0x080058f4   0x080058f4   0x0000008c   Code   RO         3128    i.I2C_Master_SB     stm32f4xx_hal_i2c.o
    0x08005980   0x08005980   0x000000a8   Code   RO         3129    i.I2C_MemoryTransmit_TXE_BTF  stm32f4xx_hal_i2c.o
    0x08005a28   0x08005a28   0x00000046   Code   RO         3132    i.I2C_Slave_ADDR    stm32f4xx_hal_i2c.o
    0x08005a6e   0x08005a6e   0x00000002   PAD
    0x08005a70   0x08005a70   0x00000090   Code   RO         3133    i.I2C_Slave_AF      stm32f4xx_hal_i2c.o
    0x08005b00   0x08005b00   0x0000015c   Code   RO         3134    i.I2C_Slave_STOPF   stm32f4xx_hal_i2c.o
    0x08005c5c   0x08005c5c   0x00000058   Code   RO          431    i.LED_OFF           led.o
    0x08005cb4   0x08005cb4   0x00000058   Code   RO          432    i.LED_ON            led.o
    0x08005d0c   0x08005d0c   0x00000044   Code   RO         1043    i.Log               freertos.o
    0x08005d50   0x08005d50   0x000000e0   Code   RO         1044    i.MX_FREERTOS_Init  freertos.o
    0x08005e30   0x08005e30   0x000000f0   Code   RO         1018    i.MX_GPIO_Init      gpio.o
    0x08005f20   0x08005f20   0x00000040   Code   RO         1365    i.MX_I2C1_Init      i2c.o
    0x08005f60   0x08005f60   0x0000002c   Code   RO         1405    i.MX_IWDG_Init      iwdg.o
    0x08005f8c   0x08005f8c   0x00000080   Code   RO         1437    i.MX_RTC_Init       rtc.o
    0x0800600c   0x0800600c   0x00000044   Code   RO         1479    i.MX_SPI2_Init      spi.o
    0x08006050   0x08006050   0x00000038   Code   RO         1521    i.MX_USART1_UART_Init  usart.o
    0x08006088   0x08006088   0x00000038   Code   RO         1522    i.MX_USART6_UART_Init  usart.o
    0x080060c0   0x080060c0   0x00000002   Code   RO         1572    i.MemManage_Handler  stm32f4xx_it.o
    0x080060c2   0x080060c2   0x00000002   Code   RO         1573    i.NMI_Handler       stm32f4xx_it.o
    0x080060c4   0x080060c4   0x0000005c   Code   RO         1045    i.ParseDateTimeString  freertos.o
    0x08006120   0x08006120   0x00000002   Code   RO         1574    i.RCC_IRQHandler    stm32f4xx_it.o
    0x08006122   0x08006122   0x00000002   PAD
    0x08006124   0x08006124   0x00000068   Code   RO          434    i.RGB               led.o
    0x0800618c   0x0800618c   0x00000012   Code   RO         3585    i.RTC_Bcd2ToByte    stm32f4xx_hal_rtc.o
    0x0800619e   0x0800619e   0x00000016   Code   RO         3586    i.RTC_ByteToBcd2    stm32f4xx_hal_rtc.o
    0x080061b4   0x080061b4   0x00000048   Code   RO         3587    i.RTC_EnterInitMode  stm32f4xx_hal_rtc.o
    0x080061fc   0x080061fc   0x0000002a   Code   RO         3588    i.RTC_ExitInitMode  stm32f4xx_hal_rtc.o
    0x08006226   0x08006226   0x00000002   PAD
    0x08006228   0x08006228   0x000000e8   Code   RO          547    i.RTC_Init          xrtc.o
    0x08006310   0x08006310   0x00000050   Code   RO          217    i.ReadTimerSwitchFromEEPROM  eeprom.o
    0x08006360   0x08006360   0x0000000c   Code   RO         1575    i.SPI2_IRQHandler   stm32f4xx_it.o
    0x0800636c   0x0800636c   0x00000010   Code   RO         3989    i.SPI_DMAAbortOnError  stm32f4xx_hal_spi.o
    0x0800637c   0x0800637c   0x00000038   Code   RO          218    i.SaveTimerSwitchToEEPROM  eeprom.o
    0x080063b4   0x080063b4   0x000000d4   Code   RO         1046    i.StartDefaultTask  freertos.o
    0x08006488   0x08006488   0x00000014   Code   RO         1047    i.StartFeedDogTask  freertos.o
    0x0800649c   0x0800649c   0x000000f0   Code   RO         1048    i.StartTask01       freertos.o
    0x0800658c   0x0800658c   0x000000fc   Code   RO         1049    i.StartTask02       freertos.o
    0x08006688   0x08006688   0x000002b4   Code   RO         1050    i.StartTask03       freertos.o
    0x0800693c   0x0800693c   0x00000098   Code   RO         1051    i.StartTask04       freertos.o
    0x080069d4   0x080069d4   0x0000002c   Code   RO         7036    i.SysTick_Handler   port.o
    0x08006a00   0x08006a00   0x00000094   Code   RO          954    i.SystemClock_Config  main.o
    0x08006a94   0x08006a94   0x00000010   Code   RO         5611    i.SystemInit        system_stm32f4xx.o
    0x08006aa4   0x08006aa4   0x0000000c   Code   RO         1576    i.TIM2_IRQHandler   stm32f4xx_it.o
    0x08006ab0   0x08006ab0   0x000000a4   Code   RO         4368    i.TIM_Base_SetConfig  stm32f4xx_hal_tim.o
    0x08006b54   0x08006b54   0x00000050   Code   RO         1052    i.TimeCompare       freertos.o
    0x08006ba4   0x08006ba4   0x00000074   Code   RO          549    i.Time_Offset       xrtc.o
    0x08006c18   0x08006c18   0x00000010   Code   RO         5290    i.UART_DMAAbortOnError  stm32f4xx_hal_uart.o
    0x08006c28   0x08006c28   0x0000004e   Code   RO         5300    i.UART_EndRxTransfer  stm32f4xx_hal_uart.o
    0x08006c76   0x08006c76   0x000000c2   Code   RO         5302    i.UART_Receive_IT   stm32f4xx_hal_uart.o
    0x08006d38   0x08006d38   0x00000030   Code   RO          489    i.UART_SEND1        uart.o
    0x08006d68   0x08006d68   0x00000024   Code   RO          490    i.UART_SEND6        uart.o
    0x08006d8c   0x08006d8c   0x000001a0   Code   RO         5303    i.UART_SetConfig    stm32f4xx_hal_uart.o
    0x08006f2c   0x08006f2c   0x00000036   Code   RO         5305    i.UART_Start_Receive_IT  stm32f4xx_hal_uart.o
    0x08006f62   0x08006f62   0x00000002   PAD
    0x08006f64   0x08006f64   0x0000000c   Code   RO         1577    i.USART1_IRQHandler  stm32f4xx_it.o
    0x08006f70   0x08006f70   0x0000000c   Code   RO         1578    i.USART6_IRQHandler  stm32f4xx_it.o
    0x08006f7c   0x08006f7c   0x000001a4   Code   RO         1053    i.UpdateData        freertos.o
    0x08007120   0x08007120   0x0000024c   Code   RO         1055    i.UpdateState       freertos.o
    0x0800736c   0x0800736c   0x00000002   Code   RO         1579    i.UsageFault_Handler  stm32f4xx_it.o
    0x0800736e   0x0800736e   0x00000030   Code   RO         7447    i.__ARM_fpclassify  m_wm.l(fpclassify.o)
    0x0800739e   0x0800739e   0x00000020   Code   RO         2686    i.__NVIC_SetPriority  stm32f4xx_hal_cortex.o
    0x080073be   0x080073be   0x00000014   Code   RO         7292    i.__hardfp_fabs     m_wm.l(fabs.o)
    0x080073d2   0x080073d2   0x00000006   PAD
    0x080073d8   0x080073d8   0x00000118   Code   RO         7298    i.__hardfp_floor    m_wm.l(floor.o)
    0x080074f0   0x080074f0   0x00000c50   Code   RO         7304    i.__hardfp_pow      m_wm.l(pow.o)
    0x08008140   0x08008140   0x000000f8   Code   RO         7449    i.__kernel_poly     m_wm.l(poly.o)
    0x08008238   0x08008238   0x00000030   Code   RO         7433    i.__mathlib_dbl_divzero  m_wm.l(dunder.o)
    0x08008268   0x08008268   0x00000014   Code   RO         7435    i.__mathlib_dbl_infnan2  m_wm.l(dunder.o)
    0x0800827c   0x0800827c   0x00000004   PAD
    0x08008280   0x08008280   0x00000020   Code   RO         7436    i.__mathlib_dbl_invalid  m_wm.l(dunder.o)
    0x080082a0   0x080082a0   0x00000020   Code   RO         7437    i.__mathlib_dbl_overflow  m_wm.l(dunder.o)
    0x080082c0   0x080082c0   0x00000020   Code   RO         7439    i.__mathlib_dbl_underflow  m_wm.l(dunder.o)
    0x080082e0   0x080082e0   0x0000000e   Code   RO         7221    i._is_digit         c_w.l(__printf_wp.o)
    0x080082ee   0x080082ee   0x00000002   Code   RO          955    i.assert_failed     main.o
    0x080082f0   0x080082f0   0x0000001c   Code   RO          603    i.cJSON_AddItemToArray  cjson.o
    0x0800830c   0x0800830c   0x00000030   Code   RO          604    i.cJSON_AddItemToObject  cjson.o
    0x0800833c   0x0800833c   0x00000030   Code   RO          613    i.cJSON_CreateNumber  cjson.o
    0x0800836c   0x0800836c   0x00000010   Code   RO          614    i.cJSON_CreateObject  cjson.o
    0x0800837c   0x0800837c   0x0000001c   Code   RO          615    i.cJSON_CreateString  cjson.o
    0x08008398   0x08008398   0x00000048   Code   RO          618    i.cJSON_Delete      cjson.o
    0x080083e0   0x080083e0   0x0000001c   Code   RO          627    i.cJSON_GetObjectItem  cjson.o
    0x080083fc   0x080083fc   0x0000001c   Code   RO          631    i.cJSON_New_Item    cjson.o
    0x08008418   0x08008418   0x00000008   Code   RO          632    i.cJSON_Parse       cjson.o
    0x08008420   0x08008420   0x00000060   Code   RO          633    i.cJSON_ParseWithOpts  cjson.o
    0x08008480   0x08008480   0x0000000a   Code   RO          634    i.cJSON_Print       cjson.o
    0x0800848a   0x0800848a   0x00000042   Code   RO          639    i.cJSON_strcasecmp  cjson.o
    0x080084cc   0x080084cc   0x00000028   Code   RO          640    i.cJSON_strdup      cjson.o
    0x080084f4   0x080084f4   0x00000032   Code   RO          491    i.crc16             uart.o
    0x08008526   0x08008526   0x00000002   PAD
    0x08008528   0x08008528   0x00000070   Code   RO          642    i.ensure            cjson.o
    0x08008598   0x08008598   0x00000018   Code   RO         7294    i.fabs              m_wm.l(fabs.o)
    0x080085b0   0x080085b0   0x0000000c   Code   RO         6608    i.inHandlerMode     cmsis_os.o
    0x080085bc   0x080085bc   0x0000002e   Code   RO          956    i.main              main.o
    0x080085ea   0x080085ea   0x0000000c   Code   RO         6610    i.makeFreeRtosPriority  cmsis_os.o
    0x080085f6   0x080085f6   0x0000000e   Code   RO         6612    i.osDelay           cmsis_os.o
    0x08008604   0x08008604   0x0000000a   Code   RO         6615    i.osKernelStart     cmsis_os.o
    0x0800860e   0x0800860e   0x00000026   Code   RO         6624    i.osMessageCreate   cmsis_os.o
    0x08008634   0x08008634   0x00000010   Code   RO         6630    i.osMutexCreate     cmsis_os.o
    0x08008644   0x08008644   0x0000003e   Code   RO         6641    i.osSemaphoreCreate  cmsis_os.o
    0x08008682   0x08008682   0x00000054   Code   RO         6649    i.osThreadCreate    cmsis_os.o
    0x080086d6   0x080086d6   0x00000002   PAD
    0x080086d8   0x080086d8   0x00000040   Code   RO         6660    i.osTimerCreate     cmsis_os.o
    0x08008718   0x08008718   0x0000005c   Code   RO         6662    i.osTimerStart      cmsis_os.o
    0x08008774   0x08008774   0x00000078   Code   RO          643    i.parse_array       cjson.o
    0x080087ec   0x080087ec   0x000000a6   Code   RO          644    i.parse_hex4        cjson.o
    0x08008892   0x08008892   0x00000002   PAD
    0x08008894   0x08008894   0x00000194   Code   RO          645    i.parse_number      cjson.o
    0x08008a28   0x08008a28   0x000000b8   Code   RO          646    i.parse_object      cjson.o
    0x08008ae0   0x08008ae0   0x00000180   Code   RO          647    i.parse_string      cjson.o
    0x08008c60   0x08008c60   0x000000b4   Code   RO          648    i.parse_value       cjson.o
    0x08008d14   0x08008d14   0x000001d0   Code   RO          649    i.print_array       cjson.o
    0x08008ee4   0x08008ee4   0x000001c8   Code   RO          650    i.print_number      cjson.o
    0x080090ac   0x080090ac   0x00000374   Code   RO          651    i.print_object      cjson.o
    0x08009420   0x08009420   0x00000006   Code   RO          652    i.print_string      cjson.o
    0x08009426   0x08009426   0x00000002   PAD
    0x08009428   0x08009428   0x00000174   Code   RO          653    i.print_string_ptr  cjson.o
    0x0800959c   0x0800959c   0x000000bc   Code   RO          654    i.print_value       cjson.o
    0x08009658   0x08009658   0x00000070   Code   RO         6147    i.prvAddCurrentTaskToDelayedList  tasks.o
    0x080096c8   0x080096c8   0x000000d0   Code   RO         6148    i.prvAddNewTaskToReadyList  tasks.o
    0x08009798   0x08009798   0x00000058   Code   RO         6461    i.prvCheckForValidListAndQueue  timers.o
    0x080097f0   0x080097f0   0x00000026   Code   RO         5820    i.prvCopyDataFromQueue  queue.o
    0x08009816   0x08009816   0x0000006c   Code   RO         5821    i.prvCopyDataToQueue  queue.o
    0x08009882   0x08009882   0x00000034   Code   RO         6149    i.prvDeleteTCB      tasks.o
    0x080098b6   0x080098b6   0x00000002   PAD
    0x080098b8   0x080098b8   0x0000004c   Code   RO         6980    i.prvHeapInit       heap_4.o
    0x08009904   0x08009904   0x00000060   Code   RO         6150    i.prvIdleTask       tasks.o
    0x08009964   0x08009964   0x00000016   Code   RO         5822    i.prvInitialiseMutex  queue.o
    0x0800997a   0x0800997a   0x00000016   Code   RO         5823    i.prvInitialiseNewQueue  queue.o
    0x08009990   0x08009990   0x00000098   Code   RO         6151    i.prvInitialiseNewTask  tasks.o
    0x08009a28   0x08009a28   0x0000004e   Code   RO         6462    i.prvInitialiseNewTimer  timers.o
    0x08009a76   0x08009a76   0x00000002   PAD
    0x08009a78   0x08009a78   0x0000004c   Code   RO         6981    i.prvInsertBlockIntoFreeList  heap_4.o
    0x08009ac4   0x08009ac4   0x00000038   Code   RO         6463    i.prvInsertTimerInActiveList  timers.o
    0x08009afc   0x08009afc   0x0000001c   Code   RO         5824    i.prvIsQueueEmpty   queue.o
    0x08009b18   0x08009b18   0x000000f0   Code   RO         6464    i.prvProcessReceivedCommands  timers.o
    0x08009c08   0x08009c08   0x000000c0   Code   RO         6465    i.prvProcessTimerOrBlockTask  timers.o
    0x08009cc8   0x08009cc8   0x00000020   Code   RO         6152    i.prvResetNextTaskUnblockTime  tasks.o
    0x08009ce8   0x08009ce8   0x00000028   Code   RO         6466    i.prvSampleTimeNow  timers.o
    0x08009d10   0x08009d10   0x0000006c   Code   RO         6467    i.prvSwitchTimerLists  timers.o
    0x08009d7c   0x08009d7c   0x00000028   Code   RO         7037    i.prvTaskExitError  port.o
    0x08009da4   0x08009da4   0x00000034   Code   RO         6153    i.prvTaskIsTaskSuspended  tasks.o
    0x08009dd8   0x08009dd8   0x00000024   Code   RO         6468    i.prvTimerTask      timers.o
    0x08009dfc   0x08009dfc   0x0000006a   Code   RO         5825    i.prvUnlockQueue    queue.o
    0x08009e66   0x08009e66   0x00000002   PAD
    0x08009e68   0x08009e68   0x000000dc   Code   RO         6982    i.pvPortMalloc      heap_4.o
    0x08009f44   0x08009f44   0x0000002c   Code   RO         7038    i.pxPortInitialiseStack  port.o
    0x08009f70   0x08009f70   0x00000014   Code   RO          655    i.skip              cjson.o
    0x08009f84   0x08009f84   0x0000006e   Code   RO         7454    i.sqrt              m_wm.l(sqrt.o)
    0x08009ff2   0x08009ff2   0x0000001c   Code   RO          656    i.update            cjson.o
    0x0800a00e   0x0800a00e   0x00000026   Code   RO         5780    i.uxListRemove      list.o
    0x0800a034   0x0800a034   0x00000024   Code   RO         5826    i.uxQueueMessagesWaiting  queue.o
    0x0800a058   0x0800a058   0x00000014   Code   RO         1056    i.vApplicationGetIdleTaskMemory  freertos.o
    0x0800a06c   0x0800a06c   0x00000018   Code   RO         1057    i.vApplicationGetTimerTaskMemory  freertos.o
    0x0800a084   0x0800a084   0x00000016   Code   RO         5781    i.vListInitialise   list.o
    0x0800a09a   0x0800a09a   0x00000006   Code   RO         5782    i.vListInitialiseItem  list.o
    0x0800a0a0   0x0800a0a0   0x00000030   Code   RO         5783    i.vListInsert       list.o
    0x0800a0d0   0x0800a0d0   0x00000018   Code   RO         5784    i.vListInsertEnd    list.o
    0x0800a0e8   0x0800a0e8   0x00000040   Code   RO         7040    i.vPortEnterCritical  port.o
    0x0800a128   0x0800a128   0x00000028   Code   RO         7041    i.vPortExitCritical  port.o
    0x0800a150   0x0800a150   0x00000064   Code   RO         6983    i.vPortFree         heap_4.o
    0x0800a1b4   0x0800a1b4   0x00000024   Code   RO         7042    i.vPortSetupTimerInterrupt  port.o
    0x0800a1d8   0x0800a1d8   0x00000054   Code   RO         7043    i.vPortValidateInterruptPriority  port.o
    0x0800a22c   0x0800a22c   0x00000028   Code   RO         5829    i.vQueueAddToRegistry  queue.o
    0x0800a254   0x0800a254   0x00000044   Code   RO         5832    i.vQueueWaitForMessageRestricted  queue.o
    0x0800a298   0x0800a298   0x0000004c   Code   RO         6161    i.vTaskDelay        tasks.o
    0x0800a2e4   0x0800a2e4   0x000000ac   Code   RO         6162    i.vTaskDelete       tasks.o
    0x0800a390   0x0800a390   0x00000010   Code   RO         6164    i.vTaskInternalSetTimeOutState  tasks.o
    0x0800a3a0   0x0800a3a0   0x0000000c   Code   RO         6165    i.vTaskMissedYield  tasks.o
    0x0800a3ac   0x0800a3ac   0x00000030   Code   RO         6167    i.vTaskPlaceOnEventList  tasks.o
    0x0800a3dc   0x0800a3dc   0x00000038   Code   RO         6168    i.vTaskPlaceOnEventListRestricted  tasks.o
    0x0800a414   0x0800a414   0x0000007c   Code   RO         6173    i.vTaskResume       tasks.o
    0x0800a490   0x0800a490   0x00000088   Code   RO         6175    i.vTaskStartScheduler  tasks.o
    0x0800a518   0x0800a518   0x000000bc   Code   RO         6176    i.vTaskSuspend      tasks.o
    0x0800a5d4   0x0800a5d4   0x00000010   Code   RO         6177    i.vTaskSuspendAll   tasks.o
    0x0800a5e4   0x0800a5e4   0x0000005c   Code   RO         6178    i.vTaskSwitchContext  tasks.o
    0x0800a640   0x0800a640   0x00000054   Code   RO         1058    i.vTimer01          freertos.o
    0x0800a694   0x0800a694   0x000000f4   Code   RO         7044    i.xPortStartScheduler  port.o
    0x0800a788   0x0800a788   0x00000016   Code   RO         5833    i.xQueueCreateMutex  queue.o
    0x0800a79e   0x0800a79e   0x0000001a   Code   RO         5834    i.xQueueCreateMutexStatic  queue.o
    0x0800a7b8   0x0800a7b8   0x00000042   Code   RO         5835    i.xQueueGenericCreate  queue.o
    0x0800a7fa   0x0800a7fa   0x00000066   Code   RO         5836    i.xQueueGenericCreateStatic  queue.o
    0x0800a860   0x0800a860   0x00000088   Code   RO         5837    i.xQueueGenericReset  queue.o
    0x0800a8e8   0x0800a8e8   0x00000160   Code   RO         5838    i.xQueueGenericSend  queue.o
    0x0800aa48   0x0800aa48   0x000000be   Code   RO         5839    i.xQueueGenericSendFromISR  queue.o
    0x0800ab06   0x0800ab06   0x00000002   PAD
    0x0800ab08   0x0800ab08   0x00000138   Code   RO         5845    i.xQueueReceive     queue.o
    0x0800ac40   0x0800ac40   0x00000074   Code   RO         6180    i.xTaskCheckForTimeOut  tasks.o
    0x0800acb4   0x0800acb4   0x0000005a   Code   RO         6181    i.xTaskCreate       tasks.o
    0x0800ad0e   0x0800ad0e   0x00000056   Code   RO         6182    i.xTaskCreateStatic  tasks.o
    0x0800ad64   0x0800ad64   0x0000001c   Code   RO         6186    i.xTaskGetSchedulerState  tasks.o
    0x0800ad80   0x0800ad80   0x0000000c   Code   RO         6187    i.xTaskGetTickCount  tasks.o
    0x0800ad8c   0x0800ad8c   0x000000cc   Code   RO         6189    i.xTaskIncrementTick  tasks.o
    0x0800ae58   0x0800ae58   0x00000098   Code   RO         6192    i.xTaskPriorityDisinherit  tasks.o
    0x0800aef0   0x0800aef0   0x00000074   Code   RO         6194    i.xTaskRemoveFromEventList  tasks.o
    0x0800af64   0x0800af64   0x000000c4   Code   RO         6195    i.xTaskResumeAll    tasks.o
    0x0800b028   0x0800b028   0x00000088   Code   RO         6196    i.xTaskResumeFromISR  tasks.o
    0x0800b0b0   0x0800b0b0   0x00000034   Code   RO         6473    i.xTimerCreate      timers.o
    0x0800b0e4   0x0800b0e4   0x0000002e   Code   RO         6474    i.xTimerCreateStatic  timers.o
    0x0800b112   0x0800b112   0x00000002   PAD
    0x0800b114   0x0800b114   0x00000060   Code   RO         6475    i.xTimerCreateTimerTask  timers.o
    0x0800b174   0x0800b174   0x00000060   Code   RO         6476    i.xTimerGenericCommand  timers.o
    0x0800b1d4   0x0800b1d4   0x0000002c   Code   RO         7540    locale$$code        c_w.l(lc_ctype_c.o)
    0x0800b200   0x0800b200   0x0000002c   Code   RO         7543    locale$$code        c_w.l(lc_numeric_c.o)
    0x0800b22c   0x0800b22c   0x00000018   Code   RO         7416    x$fpl$basic         fz_wm.l(basic.o)
    0x0800b244   0x0800b244   0x00000150   Code   RO         7264    x$fpl$dadd          fz_wm.l(daddsub_clz.o)
    0x0800b394   0x0800b394   0x00000010   Code   RO         7554    x$fpl$dcheck1       fz_wm.l(dcheck1.o)
    0x0800b3a4   0x0800b3a4   0x00000018   Code   RO         7418    x$fpl$dcmpinf       fz_wm.l(dcmpi.o)
    0x0800b3bc   0x0800b3bc   0x000002b0   Code   RO         7421    x$fpl$ddiv          fz_wm.l(ddiv.o)
    0x0800b66c   0x0800b66c   0x00000078   Code   RO         7270    x$fpl$deqf          fz_wm.l(deqf.o)
    0x0800b6e4   0x0800b6e4   0x0000005e   Code   RO         7272    x$fpl$dfix          fz_wm.l(dfix.o)
    0x0800b742   0x0800b742   0x0000002e   Code   RO         7277    x$fpl$dflt          fz_wm.l(dflt_clz.o)
    0x0800b770   0x0800b770   0x00000078   Code   RO         7282    x$fpl$dleqf         fz_wm.l(dleqf.o)
    0x0800b7e8   0x0800b7e8   0x00000154   Code   RO         7284    x$fpl$dmul          fz_wm.l(dmul.o)
    0x0800b93c   0x0800b93c   0x0000009c   Code   RO         7424    x$fpl$dnaninf       fz_wm.l(dnaninf.o)
    0x0800b9d8   0x0800b9d8   0x0000000c   Code   RO         7426    x$fpl$dretinf       fz_wm.l(dretinf.o)
    0x0800b9e4   0x0800b9e4   0x0000006c   Code   RO         7286    x$fpl$drleqf        fz_wm.l(drleqf.o)
    0x0800ba50   0x0800ba50   0x00000016   Code   RO         7265    x$fpl$drsb          fz_wm.l(daddsub_clz.o)
    0x0800ba66   0x0800ba66   0x00000002   PAD
    0x0800ba68   0x0800ba68   0x00000198   Code   RO         7556    x$fpl$dsqrt         fz_wm.l(dsqrt_umaal.o)
    0x0800bc00   0x0800bc00   0x000001d4   Code   RO         7266    x$fpl$dsub          fz_wm.l(daddsub_clz.o)
    0x0800bdd4   0x0800bdd4   0x0000000a   Code   RO         7558    x$fpl$fpinit        fz_wm.l(fpinit.o)
    0x0800bdde   0x0800bdde   0x00000004   Code   RO         7290    x$fpl$printf1       fz_wm.l(printf1.o)
    0x0800bde2   0x0800bde2   0x00000064   Code   RO         7591    x$fpl$retnan        fz_wm.l(retnan.o)
    0x0800be46   0x0800be46   0x0000005c   Code   RO         7430    x$fpl$scalbn        fz_wm.l(scalbn.o)
    0x0800bea2   0x0800bea2   0x00000030   Code   RO         7625    x$fpl$trapveneer    fz_wm.l(trapv.o)
    0x0800bed2   0x0800bed2   0x00000000   Code   RO         7432    x$fpl$usenofp       fz_wm.l(usenofp.o)
    0x0800bed2   0x0800bed2   0x00000007   Data   RO          657    .constdata          cjson.o
    0x0800bed9   0x0800bed9   0x00000003   PAD
    0x0800bedc   0x0800bedc   0x000000c8   Data   RO         1060    .constdata          freertos.o
    0x0800bfa4   0x0800bfa4   0x00000010   Data   RO         5612    .constdata          system_stm32f4xx.o
    0x0800bfb4   0x0800bfb4   0x00000008   Data   RO         5613    .constdata          system_stm32f4xx.o
    0x0800bfbc   0x0800bfbc   0x00000028   Data   RO         7194    .constdata          c_w.l(_printf_hex_int.o)
    0x0800bfe4   0x0800bfe4   0x00000011   Data   RO         7224    .constdata          c_w.l(__printf_flags_wp.o)
    0x0800bff5   0x0800bff5   0x00000003   PAD
    0x0800bff8   0x0800bff8   0x00000088   Data   RO         7307    .constdata          m_wm.l(pow.o)
    0x0800c080   0x0800c080   0x00000008   Data   RO         7451    .constdata          m_wm.l(qnan.o)
    0x0800c088   0x0800c088   0x00000094   Data   RO         7515    .constdata          c_w.l(bigflt0.o)
    0x0800c11c   0x0800c11c   0x00000038   Data   RO         1061    .conststring        freertos.o
    0x0800c154   0x0800c154   0x00000020   Data   RO         7655    Region$$Table       anon$$obj.o
    0x0800c174   0x0800c174   0x00000110   Data   RO         7539    locale$$data        c_w.l(lc_ctype_c.o)
    0x0800c284   0x0800c284   0x0000001c   Data   RO         7542    locale$$data        c_w.l(lc_numeric_c.o)


    Execution Region RW_IRAM1 (Exec base: 0x20000000, Load base: 0x0800c2a0, Size: 0x00005c28, Max: 0x00020000, ABSOLUTE, COMPRESSED[0x000000ec])

    Exec Addr    Load Addr    Size         Type   Attr      Idx    E Section Name        Object

    0x20000000   COMPRESSED   0x00000101   Data   RW           15    .data               device.o
    0x20000101   COMPRESSED   0x00000003   PAD
    0x20000104   COMPRESSED   0x00000004   Data   RW           16    .data               device.o
    0x20000108   COMPRESSED   0x00000018   Data   RW          219    .data               eeprom.o
    0x20000120   COMPRESSED   0x00000008   Data   RW          220    .data               eeprom.o
    0x20000128   COMPRESSED   0x00000004   Data   RW          494    .data               uart.o
    0x2000012c   COMPRESSED   0x00000004   Data   RW          551    .data               xrtc.o
    0x20000130   COMPRESSED   0x0000000c   Data   RW          658    .data               cjson.o
    0x2000013c   COMPRESSED   0x0000003c   Data   RW         1062    .data               freertos.o
    0x20000178   COMPRESSED   0x0000000c   Data   RW         2835    .data               stm32f4xx_hal.o
    0x20000184   COMPRESSED   0x00000004   Data   RW         5614    .data               system_stm32f4xx.o
    0x20000188   COMPRESSED   0x0000003c   Data   RW         6198    .data               tasks.o
    0x200001c4   COMPRESSED   0x00000014   Data   RW         6482    .data               timers.o
    0x200001d8   COMPRESSED   0x00000020   Data   RW         6989    .data               heap_4.o
    0x200001f8   COMPRESSED   0x0000000c   Data   RW         7045    .data               port.o
    0x20000204        -       0x00000237   Zero   RW          492    .bss                uart.o
    0x2000043b   COMPRESSED   0x00000001   PAD
    0x2000043c        -       0x00000098   Zero   RW          550    .bss                xrtc.o
    0x200004d4        -       0x0000072c   Zero   RW         1059    .bss                freertos.o
    0x20000c00        -       0x00000054   Zero   RW         1366    .bss                i2c.o
    0x20000c54        -       0x0000000c   Zero   RW         1406    .bss                iwdg.o
    0x20000c60        -       0x00000020   Zero   RW         1438    .bss                rtc.o
    0x20000c80        -       0x00000058   Zero   RW         1480    .bss                spi.o
    0x20000cd8        -       0x00000090   Zero   RW         1523    .bss                usart.o
    0x20000d68        -       0x00000048   Zero   RW         1694    .bss                stm32f4xx_hal_timebase_tim.o
    0x20000db0        -       0x00000040   Zero   RW         5848    .bss                queue.o
    0x20000df0        -       0x000000f0   Zero   RW         6197    .bss                tasks.o
    0x20000ee0        -       0x000000e8   Zero   RW         6481    .bss                timers.o
    0x20000fc8        -       0x00003c00   Zero   RW         6988    .bss                heap_4.o
    0x20004bc8        -       0x00000060   Zero   RW         7467    .bss                c_w.l(libspace.o)
    0x20004c28        -       0x00000c00   Zero   RW            2    HEAP                startup_stm32f411xe.o
    0x20005828        -       0x00000400   Zero   RW            1    STACK               startup_stm32f411xe.o


==============================================================================

Image component sizes


      Code (inc. data)   RO Data    RW Data    ZI Data      Debug   Object Name

      4484        282          7         12          0      26321   cjson.o
       404          8          0          0          0      35626   cmsis_os.o
         0          0          0          0          0       7448   croutine.o
       480         32          0        261          0     369602   device.o
       136         18          0         32          0     442691   eeprom.o
         0          0          0          0          0      22580   event_groups.o
      3244        618        256         60       1836      45646   freertos.o
       240         18          0          0          0       1071   gpio.o
       472         24          0         32      15360       4979   heap_4.o
       200         26          0          0         84       1821   i2c.o
        44          8          0          0         12        787   iwdg.o
       280         46          0          0          0       1745   led.o
       138          0          0          0          0       3658   list.o
       214          8          0          0          0       3340   main.o
       786         82          0         12          0      12049   port.o
      1674         20          0          0         64      21445   queue.o
       188         16          0          0         32       1819   rtc.o
       192         22          0          0         88       1821   spi.o
        64         26        408          0       4096        872   startup_stm32f411xe.o
        80         14          0         12          0       8046   stm32f4xx_hal.o
       420        196          0          0          0      33278   stm32f4xx_hal_cortex.o
       188          0          0          0          0       2754   stm32f4xx_hal_dma.o
       796        158          0          0          0       2360   stm32f4xx_hal_gpio.o
      4474        258          0          0          0      26474   stm32f4xx_hal_i2c.o
       236         66          0          0          0       1971   stm32f4xx_hal_iwdg.o
        76          6          0          0          0        942   stm32f4xx_hal_msp.o
      2008        198          0          0          0       6209   stm32f4xx_hal_rcc.o
       804        206          0          0          0       1480   stm32f4xx_hal_rcc_ex.o
      1766        316          0          0          0       8605   stm32f4xx_hal_rtc.o
       878         84          0          0          0       3608   stm32f4xx_hal_spi.o
      1058        198          0          0          0       7654   stm32f4xx_hal_tim.o
         4          0          0          0          0       1681   stm32f4xx_hal_tim_ex.o
       152         18          0          0         72     444851   stm32f4xx_hal_timebase_tim.o
      1766        152          0          0          0      10351   stm32f4xx_hal_uart.o
        86         36          0          0          0       6464   stm32f4xx_it.o
        16          4         24          4          0       1175   system_stm32f4xx.o
      2776        212          0         60        240      31888   tasks.o
      1128         80          0         20        232      35859   timers.o
       398         44          0          4        567       4207   uart.o
       308         34          0          0        144       2591   usart.o
       448         64          0          4        152       2827   xrtc.o

    ----------------------------------------------------------------------
     33150       3598        730        516      22980    1650596   Object Totals
         0          0         32          0          0          0   (incl. Generated)
        44          0          3          3          1          0   (incl. Padding)

    ----------------------------------------------------------------------

      Code (inc. data)   RO Data    RW Data    ZI Data      Debug   Library Member Name

        60          8          0          0          0         84   __0sscanf.o
        90          0          0          0          0          0   __dczerorl2.o
         8          0          0          0          0         68   __main.o
       312          4         17          0          0         92   __printf_flags_wp.o
        14          0          0          0          0         68   __printf_wp.o
         0          0          0          0          0          0   __rtentry.o
        12          0          0          0          0          0   __rtentry2.o
         6          0          0          0          0          0   __rtentry4.o
        52          8          0          0          0          0   __scatter.o
        28          0          0          0          0          0   __scatter_zi.o
        28          0          0          0          0         68   _chval.o
        48          6          0          0          0         96   _printf_char_common.o
         6          0          0          0          0          0   _printf_d.o
       120         16          0          0          0         92   _printf_dec.o
         6          0          0          0          0          0   _printf_e.o
         6          0          0          0          0          0   _printf_f.o
      1054          0          0          0          0        216   _printf_fp_dec.o
       128         16          0          0          0         84   _printf_fp_infnan.o
        88          4         40          0          0         88   _printf_hex_int.o
       178          0          0          0          0         88   _printf_intcommon.o
        78          0          0          0          0        108   _printf_pad.o
         0          0          0          0          0          0   _printf_percent.o
         4          0          0          0          0          0   _printf_percent_end.o
         6          0          0          0          0          0   _printf_x.o
        22          0          0          0          0        100   _rserrno.o
       884          4          0          0          0        100   _scanf.o
       332          0          0          0          0         96   _scanf_int.o
        64          0          0          0          0         84   _sgetc.o
        10          0          0          0          0         68   _sputc.o
       228          4        148          0          0         96   bigflt0.o
      1936        128          0          0          0        672   btod.o
        10          0          0          0          0         68   defsig_exit.o
        50          0          0          0          0         88   defsig_general.o
        80         58          0          0          0         76   defsig_rtmem_inner.o
        14          0          0          0          0         80   defsig_rtmem_outer.o
        18          0          0          0          0         80   exit.o
        94          0          0          0          0         80   h1_alloc.o
        52          0          0          0          0         68   h1_extend.o
        78          0          0          0          0         80   h1_free.o
        14          0          0          0          0         84   h1_init.o
         6          0          0          0          0        152   heapauxi.o
         4          0          0          0          0        136   hguard.o
         0          0          0          0          0          0   indicate_semi.o
       138          0          0          0          0        168   init_alloc.o
        18          0          0          0          0         76   isspace.o
        44         10        272          0          0         76   lc_ctype_c.o
        44         10         28          0          0         76   lc_numeric_c.o
         2          0          0          0          0          0   libinit.o
        42          0          0          0          0          0   libinit2.o
         2          0          0          0          0          0   libshutdown.o
         2          0          0          0          0          0   libshutdown2.o
         8          4          0          0         96         68   libspace.o
       138          0          0          0          0         80   lludiv10.o
       238          0          0          0          0        100   lludivv7m.o
         0          0          0          0          0          0   maybetermalloc1.o
        40          6          0          0          0         84   noretval__2sprintf.o
        16          4          0          0          0         76   rt_ctype_table.o
         8          4          0          0          0         68   rt_errno_addr_intlibspace.o
         8          4          0          0          0         68   rt_heap_descriptor_intlibspace.o
         8          4          0          0          0         68   rt_locale_intlibspace.o
        68          0          0          0          0         68   rt_memclr.o
        78          0          0          0          0         80   rt_memclr_w.o
       138          0          0          0          0         68   rt_memcpy_v6.o
       100          0          0          0          0         80   rt_memcpy_w.o
         2          0          0          0          0          0   rtexit.o
        10          0          0          0          0          0   rtexit2.o
        44          8          0          0          0         84   scanf_char.o
        20          0          0          0          0         68   strchr.o
       128          0          0          0          0         68   strcmpv7m.o
        72          0          0          0          0         80   strcpy.o
        62          0          0          0          0         76   strlen.o
       150          0          0          0          0         80   strncmp.o
        12          4          0          0          0         68   sys_exit.o
        74          0          0          0          0         80   sys_stackheap_outer.o
        14          0          0          0          0         76   sys_wrch.o
        26          0          0          0          0         76   tolower.o
         2          0          0          0          0         68   use_no_semi.o
        24          0          0          0          0        164   basic.o
       826         16          0          0          0        492   daddsub_clz.o
        16          4          0          0          0        116   dcheck1.o
        24          0          0          0          0        116   dcmpi.o
       688        140          0          0          0        256   ddiv.o
       120          4          0          0          0        140   deqf.o
        94          4          0          0          0        140   dfix.o
        46          0          0          0          0        116   dflt_clz.o
       120          4          0          0          0        140   dleqf.o
       340         12          0          0          0        152   dmul.o
       156          4          0          0          0        140   dnaninf.o
        12          0          0          0          0        116   dretinf.o
       108          0          0          0          0        128   drleqf.o
       408         56          0          0          0        168   dsqrt_umaal.o
        10          0          0          0          0        116   fpinit.o
         4          0          0          0          0        116   printf1.o
       100          0          0          0          0        116   retnan.o
        92          0          0          0          0        116   scalbn.o
        48          0          0          0          0        116   trapv.o
         0          0          0          0          0          0   usenofp.o
       164         44          0          0          0        620   dunder.o
        44          0          0          0          0        248   fabs.o
       280         28          0          0          0        156   floor.o
        48          0          0          0          0        124   fpclassify.o
       248          0          0          0          0        152   poly.o
      3152        296        136          0          0        352   pow.o
         0          0          8          0          0          0   qnan.o
       110          0          0          0          0        148   sqrt.o

    ----------------------------------------------------------------------
     15292        926        652          0         96      10252   Library Totals
        26          0          3          0          0          0   (incl. Padding)

    ----------------------------------------------------------------------

      Code (inc. data)   RO Data    RW Data    ZI Data      Debug   Library Name

      7984        314        505          0         96       5488   c_w.l
      3236        244          0          0          0       2964   fz_wm.l
      4046        368        144          0          0       1800   m_wm.l

    ----------------------------------------------------------------------
     15292        926        652          0         96      10252   Library Totals

    ----------------------------------------------------------------------

==============================================================================


      Code (inc. data)   RO Data    RW Data    ZI Data      Debug   

     48442       4524       1382        516      23076    1629024   Grand Totals
     48442       4524       1382        236      23076    1629024   ELF Image Totals (compressed)
     48442       4524       1382        236          0          0   ROM Totals

==============================================================================

    Total RO  Size (Code + RO Data)                49824 (  48.66kB)
    Total RW  Size (RW Data + ZI Data)             23592 (  23.04kB)
    Total ROM Size (Code + RO Data + RW Data)      50060 (  48.89kB)

==============================================================================

