Component: ARM Compiler 5.06 update 6 (build 750) Tool: armlink [4d35ed]

==============================================================================

Section Cross References

    startup_stm32f411xe.o(STACK) refers (Special) to heapauxi.o(.text) for __use_two_region_memory
    startup_stm32f411xe.o(HEAP) refers (Special) to heapauxi.o(.text) for __use_two_region_memory
    startup_stm32f411xe.o(RESET) refers (Special) to heapauxi.o(.text) for __use_two_region_memory
    startup_stm32f411xe.o(RESET) refers to startup_stm32f411xe.o(STACK) for __initial_sp
    startup_stm32f411xe.o(RESET) refers to startup_stm32f411xe.o(.text) for Reset_Handler
    startup_stm32f411xe.o(RESET) refers to stm32f4xx_it.o(i.NMI_Handler) for NMI_Handler
    startup_stm32f411xe.o(RESET) refers to stm32f4xx_it.o(i.HardFault_Handler) for HardFault_Handler
    startup_stm32f411xe.o(RESET) refers to stm32f4xx_it.o(i.MemManage_Handler) for MemManage_Handler
    startup_stm32f411xe.o(RESET) refers to stm32f4xx_it.o(i.BusFault_Handler) for BusFault_Handler
    startup_stm32f411xe.o(RESET) refers to stm32f4xx_it.o(i.UsageFault_Handler) for UsageFault_Handler
    startup_stm32f411xe.o(RESET) refers to port.o(.emb_text) for SVC_Handler
    startup_stm32f411xe.o(RESET) refers to stm32f4xx_it.o(i.DebugMon_Handler) for DebugMon_Handler
    startup_stm32f411xe.o(RESET) refers to port.o(i.SysTick_Handler) for SysTick_Handler
    startup_stm32f411xe.o(RESET) refers to stm32f4xx_it.o(i.RCC_IRQHandler) for RCC_IRQHandler
    startup_stm32f411xe.o(RESET) refers to stm32f4xx_it.o(i.TIM2_IRQHandler) for TIM2_IRQHandler
    startup_stm32f411xe.o(RESET) refers to stm32f4xx_it.o(i.I2C1_EV_IRQHandler) for I2C1_EV_IRQHandler
    startup_stm32f411xe.o(RESET) refers to stm32f4xx_it.o(i.I2C1_ER_IRQHandler) for I2C1_ER_IRQHandler
    startup_stm32f411xe.o(RESET) refers to stm32f4xx_it.o(i.USART1_IRQHandler) for USART1_IRQHandler
    startup_stm32f411xe.o(RESET) refers to stm32f4xx_it.o(i.USART6_IRQHandler) for USART6_IRQHandler
    startup_stm32f411xe.o(.text) refers (Special) to heapauxi.o(.text) for __use_two_region_memory
    startup_stm32f411xe.o(.text) refers to system_stm32f4xx.o(i.SystemInit) for SystemInit
    startup_stm32f411xe.o(.text) refers to __main.o(!!!main) for __main
    startup_stm32f411xe.o(.text) refers to startup_stm32f411xe.o(HEAP) for Heap_Mem
    startup_stm32f411xe.o(.text) refers to startup_stm32f411xe.o(STACK) for Stack_Mem
    device.o(i.Device_Close) refers to cmsis_os.o(i.osDelay) for osDelay
    device.o(i.Device_Close) refers to uart.o(i.UART_SEND1) for UART_SEND1
    device.o(i.Device_Close) refers to device.o(.data) for .data
    device.o(i.Device_Open) refers to cmsis_os.o(i.osDelay) for osDelay
    device.o(i.Device_Open) refers to uart.o(i.UART_SEND1) for UART_SEND1
    device.o(i.Device_Open) refers to device.o(.data) for .data
    eeprom.o(i.ReadTimerSwitchFromEEPROM) refers to stm32f4xx_hal_i2c.o(i.HAL_I2C_Mem_Read_IT) for HAL_I2C_Mem_Read_IT
    eeprom.o(i.ReadTimerSwitchFromEEPROM) refers to cmsis_os.o(i.osDelay) for osDelay
    eeprom.o(i.ReadTimerSwitchFromEEPROM) refers to eeprom.o(.data) for .data
    eeprom.o(i.ReadTimerSwitchFromEEPROM) refers to i2c.o(.bss) for hi2c1
    eeprom.o(i.SaveTimerSwitchToEEPROM) refers to stm32f4xx_hal_i2c.o(i.HAL_I2C_Mem_Write_IT) for HAL_I2C_Mem_Write_IT
    eeprom.o(i.SaveTimerSwitchToEEPROM) refers to eeprom.o(.data) for .data
    eeprom.o(i.SaveTimerSwitchToEEPROM) refers to i2c.o(.bss) for hi2c1
    led.o(i.LED_OFF) refers to stm32f4xx_hal_gpio.o(i.HAL_GPIO_WritePin) for HAL_GPIO_WritePin
    led.o(i.LED_ON) refers to stm32f4xx_hal_gpio.o(i.HAL_GPIO_WritePin) for HAL_GPIO_WritePin
    led.o(i.LED_SHINE) refers to stm32f4xx_hal_gpio.o(i.HAL_GPIO_WritePin) for HAL_GPIO_WritePin
    led.o(i.LED_SHINE) refers to stm32f4xx_hal.o(i.HAL_Delay) for HAL_Delay
    led.o(i.RGB) refers to stm32f4xx_hal_gpio.o(i.HAL_GPIO_WritePin) for HAL_GPIO_WritePin
    uart.o(i.HAL_UART_RxCpltCallback) refers to uart.o(i.crc16) for crc16
    uart.o(i.HAL_UART_RxCpltCallback) refers to rt_memclr.o(.text) for __aeabi_memclr
    uart.o(i.HAL_UART_RxCpltCallback) refers to stm32f4xx_hal_uart.o(i.HAL_UART_Receive_IT) for HAL_UART_Receive_IT
    uart.o(i.HAL_UART_RxCpltCallback) refers to rt_memcpy_v6.o(.text) for __aeabi_memcpy
    uart.o(i.HAL_UART_RxCpltCallback) refers to uart.o(.data) for .data
    uart.o(i.HAL_UART_RxCpltCallback) refers to uart.o(.bss) for .bss
    uart.o(i.HAL_UART_RxCpltCallback) refers to freertos.o(.bss) for CurrentValue
    uart.o(i.HAL_UART_RxCpltCallback) refers to usart.o(.bss) for huart1
    uart.o(i.UART_SEND1) refers to stm32f4xx_hal_uart.o(i.HAL_UART_Transmit_IT) for HAL_UART_Transmit_IT
    uart.o(i.UART_SEND1) refers to cmsis_os.o(i.osDelay) for osDelay
    uart.o(i.UART_SEND1) refers to usart.o(.bss) for huart1
    uart.o(i.UART_SEND6) refers to strlen.o(.text) for strlen
[...]
    StartTask03                              0x080074a1   Thumb Code    34  freertos.o(i.StartTask03)
    StartTask04                              0x080074c9   Thumb Code    28  freertos.o(i.StartTask04)
    SysTick_Handler                          0x080074e9   Thumb Code    38  port.o(i.SysTick_Handler)
    SystemClock_Config                       0x08007515   Thumb Code   140  main.o(i.SystemClock_Config)
    SystemInit                               0x080075a9   Thumb Code    12  system_stm32f4xx.o(i.SystemInit)
    TIM2_IRQHandler                          0x080075b9   Thumb Code     6  stm32f4xx_it.o(i.TIM2_IRQHandler)
    TIM_Base_SetConfig                       0x080075c5   Thumb Code   136  stm32f4xx_hal_tim.o(i.TIM_Base_SetConfig)
    Time_Offset                              0x08007669   Thumb Code   112  xrtc.o(i.Time_Offset)
    UART_SEND1                               0x080077fd   Thumb Code    44  uart.o(i.UART_SEND1)
    UART_SEND6                               0x0800782d   Thumb Code    30  uart.o(i.UART_SEND6)
    UART_Start_Receive_IT                    0x080079f1   Thumb Code    54  stm32f4xx_hal_uart.o(i.UART_Start_Receive_IT)
    USART1_IRQHandler                        0x08007a29   Thumb Code     6  stm32f4xx_it.o(i.USART1_IRQHandler)
    USART6_IRQHandler                        0x08007a35   Thumb Code     6  stm32f4xx_it.o(i.USART6_IRQHandler)
    UpdateData                               0x08007a41   Thumb Code   328  freertos.o(i.UpdateData)
    UpdateState                              0x08007bed   Thumb Code   398  freertos.o(i.UpdateState)
    UsageFault_Handler                       0x08007de1   Thumb Code     2  stm32f4xx_it.o(i.UsageFault_Handler)
    W25QXX_Erase_Sector                      0x08007de5   Thumb Code    92  w25qxx.o(i.W25QXX_Erase_Sector)
    W25QXX_Init                              0x08007e49   Thumb Code    92  w25qxx.o(i.W25QXX_Init)
    W25QXX_Read                              0x08007eb1   Thumb Code   108  w25qxx.o(i.W25QXX_Read)
    W25QXX_ReadID                            0x08007f25   Thumb Code    78  w25qxx.o(i.W25QXX_ReadID)
    W25QXX_ReadSR                            0x08007f79   Thumb Code    68  w25qxx.o(i.W25QXX_ReadSR)
    W25QXX_Wait_Busy                         0x08007fc1   Thumb Code    14  w25qxx.o(i.W25QXX_Wait_Busy)
    W25QXX_Write                             0x08007fd1   Thumb Code   152  w25qxx.o(i.W25QXX_Write)
    W25QXX_Write_Enable                      0x0800806d   Thumb Code    38  w25qxx.o(i.W25QXX_Write_Enable)
    W25QXX_Write_NoCheck                     0x08008099   Thumb Code    62  w25qxx.o(i.W25QXX_Write_NoCheck)
    W25QXX_Write_Page                        0x080080d9   Thumb Code   114  w25qxx.o(i.W25QXX_Write_Page)
    __ARM_fpclassify                         0x08008155   Thumb Code    48  fpclassify.o(i.__ARM_fpclassify)
    __hardfp_fabs                            0x080081a5   Thumb Code    20  fabs.o(i.__hardfp_fabs)
    __hardfp_floor                           0x080081b9   Thumb Code   252  floor.o(i.__hardfp_floor)
    __hardfp_pow                             0x080082d1   Thumb Code  3072  pow.o(i.__hardfp_pow)
    __kernel_poly                            0x08008f21   Thumb Code   248  poly.o(i.__kernel_poly)
    __mathlib_dbl_divzero                    0x08009019   Thumb Code    28  dunder.o(i.__mathlib_dbl_divzero)
    __mathlib_dbl_infnan2                    0x08009049   Thumb Code    20  dunder.o(i.__mathlib_dbl_infnan2)
    __mathlib_dbl_invalid                    0x08009061   Thumb Code    24  dunder.o(i.__mathlib_dbl_invalid)
    __mathlib_dbl_overflow                   0x08009081   Thumb Code    24  dunder.o(i.__mathlib_dbl_overflow)
    __mathlib_dbl_underflow                  0x080090a1   Thumb Code    24  dunder.o(i.__mathlib_dbl_underflow)
    _is_digit                                0x080090c1   Thumb Code    14  __printf_wp.o(i._is_digit)
    assert_failed                            0x080090cf   Thumb Code     2  main.o(i.assert_failed)
    cJSON_AddItemToArray                     0x080090d1   Thumb Code    28  cjson.o(i.cJSON_AddItemToArray)
    cJSON_AddItemToObject                    0x080090ed   Thumb Code    42  cjson.o(i.cJSON_AddItemToObject)
    cJSON_CreateArray                        0x0800911d   Thumb Code    16  cjson.o(i.cJSON_CreateArray)
    cJSON_CreateNumber                       0x0800912d   Thumb Code    48  cjson.o(i.cJSON_CreateNumber)
    cJSON_CreateObject                       0x0800915d   Thumb Code    16  cjson.o(i.cJSON_CreateObject)
    cJSON_CreateString                       0x0800916d   Thumb Code    28  cjson.o(i.cJSON_CreateString)
    cJSON_Delete                             0x08009189   Thumb Code    66  cjson.o(i.cJSON_Delete)
    cJSON_GetArrayItem                       0x080091d1   Thumb Code    18  cjson.o(i.cJSON_GetArrayItem)
    cJSON_GetArraySize                       0x080091e3   Thumb Code    16  cjson.o(i.cJSON_GetArraySize)
    cJSON_GetObjectItem                      0x080091f3   Thumb Code    28  cjson.o(i.cJSON_GetObjectItem)
    cJSON_Parse                              0x0800922d   Thumb Code     8  cjson.o(i.cJSON_Parse)
    cJSON_ParseWithOpts                      0x08009235   Thumb Code    92  cjson.o(i.cJSON_ParseWithOpts)
    cJSON_Print                              0x08009295   Thumb Code    10  cjson.o(i.cJSON_Print)
    crc16                                    0x08009309   Thumb Code    50  uart.o(i.crc16)
    fabs                                     0x080093ad   Thumb Code    24  fabs.o(i.fabs)
    initDeviceStatus                         0x080093d1   Thumb Code    38  freertos.o(i.initDeviceStatus)
    isRepeatAlarm                            0x080093fd   Thumb Code    28  freertos.o(i.isRepeatAlarm)
    main                                     0x08009419   Thumb Code    46  main.o(i.main)
    osDelay                                  0x08009453   Thumb Code    14  cmsis_os.o(i.osDelay)
    osKernelStart                            0x08009461   Thumb Code    10  cmsis_os.o(i.osKernelStart)
    osMessageCreate                          0x0800946b   Thumb Code    38  cmsis_os.o(i.osMessageCreate)
    osMutexCreate                            0x08009491   Thumb Code    16  cmsis_os.o(i.osMutexCreate)
    osSemaphoreCreate                        0x080094a1   Thumb Code    62  cmsis_os.o(i.osSemaphoreCreate)
    osThreadCreate                           0x080094df   Thumb Code    84  cmsis_os.o(i.osThreadCreate)
    osTimerCreate                            0x08009535   Thumb Code    60  cmsis_os.o(i.osTimerCreate)
    osTimerStart                             0x08009575   Thumb Code    88  cmsis_os.o(i.osTimerStart)
    parseAlarmDateTime                       0x080095d1   Thumb Code    70  freertos.o(i.parseAlarmDateTime)
    parseTimeString                          0x0800962d   Thumb Code   114  xrtc.o(i.parseTimeString)
    pvPortMalloc                             0x0800adb1   Thumb Code   216  heap_4.o(i.pvPortMalloc)
    pxPortInitialiseStack                    0x0800ae8d   Thumb Code    40  port.o(i.pxPortInitialiseStack)
    sqrt                                     0x0800aecd   Thumb Code   110  sqrt.o(i.sqrt)
    uxListRemove                             0x0800af57   Thumb Code    38  list.o(i.uxListRemove)
    vApplicationGetIdleTaskMemory            0x0800af7d   Thumb Code    16  freertos.o(i.vApplicationGetIdleTaskMemory)
    vApplicationGetTimerTaskMemory           0x0800af91   Thumb Code    18  freertos.o(i.vApplicationGetTimerTaskMemory)
    vListInitialise                          0x0800afa9   Thumb Code    22  list.o(i.vListInitialise)
    vListInitialiseItem                      0x0800afbf   Thumb Code     6  list.o(i.vListInitialiseItem)
    vListInsert                              0x0800afc5   Thumb Code    48  list.o(i.vListInsert)
    vListInsertEnd                           0x0800aff5   Thumb Code    24  list.o(i.vListInsertEnd)
    vPortEnterCritical                       0x0800b00d   Thumb Code    54  port.o(i.vPortEnterCritical)
    vPortExitCritical                        0x0800b04d   Thumb Code    34  port.o(i.vPortExitCritical)
    vPortFree                                0x0800b075   Thumb Code    94  heap_4.o(i.vPortFree)
    vPortSetupTimerInterrupt                 0x0800b0d9   Thumb Code    32  port.o(i.vPortSetupTimerInterrupt)
    vPortValidateInterruptPriority           0x0800b0fd   Thumb Code    74  port.o(i.vPortValidateInterruptPriority)
    vQueueAddToRegistry                      0x0800b151   Thumb Code    34  queue.o(i.vQueueAddToRegistry)
    vQueueWaitForMessageRestricted           0x0800b179   Thumb Code    68  queue.o(i.vQueueWaitForMessageRestricted)
    vTaskDelay                               0x0800b1bd   Thumb Code    66  tasks.o(i.vTaskDelay)
    vTaskDelete                              0x0800b209   Thumb Code   158  tasks.o(i.vTaskDelete)
    vTaskInternalSetTimeOutState             0x0800b2b5   Thumb Code    12  tasks.o(i.vTaskInternalSetTimeOutState)
    vTaskMissedYield                         0x0800b2c5   Thumb Code     8  tasks.o(i.vTaskMissedYield)
    vTaskPlaceOnEventList                    0x0800b2d1   Thumb Code    44  tasks.o(i.vTaskPlaceOnEventList)
    vTaskPlaceOnEventListRestricted          0x0800b301   Thumb Code    52  tasks.o(i.vTaskPlaceOnEventListRestricted)
    vTaskResume                              0x0800b339   Thumb Code   112  tasks.o(i.vTaskResume)
    vTaskStartScheduler                      0x0800b3b5   Thumb Code   118  tasks.o(i.vTaskStartScheduler)
    vTaskSuspendAll                          0x0800b43d   Thumb Code    10  tasks.o(i.vTaskSuspendAll)
    vTaskSwitchContext                       0x0800b44d   Thumb Code    82  tasks.o(i.vTaskSwitchContext)
    vTimer01                                 0x0800b4a9   Thumb Code    36  freertos.o(i.vTimer01)
    xPortStartScheduler                      0x0800b4d1   Thumb Code   222  port.o(i.xPortStartScheduler)
    xQueueCreateMutex                        0x0800b5c5   Thumb Code    22  queue.o(i.xQueueCreateMutex)
    xQueueCreateMutexStatic                  0x0800b5db   Thumb Code    26  queue.o(i.xQueueCreateMutexStatic)
    xQueueGenericCreate                      0x0800b5f5   Thumb Code    66  queue.o(i.xQueueGenericCreate)
    xQueueGenericCreateStatic                0x0800b637   Thumb Code   102  queue.o(i.xQueueGenericCreateStatic)
    xQueueGenericReset                       0x0800b69d   Thumb Code   132  queue.o(i.xQueueGenericReset)
    xQueueGenericSend                        0x0800b725   Thumb Code   346  queue.o(i.xQueueGenericSend)
    xQueueGenericSendFromISR                 0x0800b885   Thumb Code   190  queue.o(i.xQueueGenericSendFromISR)
    xQueueReceive                            0x0800b945   Thumb Code   308  queue.o(i.xQueueReceive)
    xTaskCheckForTimeOut                     0x0800ba7d   Thumb Code   112  tasks.o(i.xTaskCheckForTimeOut)
    xTaskCreate                              0x0800baf1   Thumb Code    90  tasks.o(i.xTaskCreate)
    xTaskCreateStatic                        0x0800bb4b   Thumb Code    86  tasks.o(i.xTaskCreateStatic)
    xTaskGetSchedulerState                   0x0800bba1   Thumb Code    22  tasks.o(i.xTaskGetSchedulerState)
    xTaskGetTickCount                        0x0800bbbd   Thumb Code     6  tasks.o(i.xTaskGetTickCount)
    xTaskIncrementTick                       0x0800bbc9   Thumb Code   194  tasks.o(i.xTaskIncrementTick)
    xTaskPriorityDisinherit                  0x0800bc95   Thumb Code   144  tasks.o(i.xTaskPriorityDisinherit)
    xTaskRemoveFromEventList                 0x0800bd2d   Thumb Code   108  tasks.o(i.xTaskRemoveFromEventList)
    xTaskResumeAll                           0x0800bda1   Thumb Code   182  tasks.o(i.xTaskResumeAll)
    xTimerCreate                             0x0800be65   Thumb Code    52  timers.o(i.xTimerCreate)
    xTimerCreateStatic                       0x0800be99   Thumb Code    46  timers.o(i.xTimerCreateStatic)
    xTimerCreateTimerTask                    0x0800bec9   Thumb Code    78  timers.o(i.xTimerCreateTimerTask)
    xTimerGenericCommand                     0x0800bf29   Thumb Code    92  timers.o(i.xTimerGenericCommand)
    _get_lc_ctype                            0x0800bf89   Thumb Code    44  lc_ctype_c.o(locale$$code)
    _get_lc_numeric                          0x0800bfb5   Thumb Code    44  lc_numeric_c.o(locale$$code)
    __aeabi_dneg                             0x0800bfe1   Thumb Code     0  basic.o(x$fpl$basic)
    _dneg                                    0x0800bfe1   Thumb Code     6  basic.o(x$fpl$basic)
    __aeabi_fneg                             0x0800bfe7   Thumb Code     0  basic.o(x$fpl$basic)
    _fneg                                    0x0800bfe7   Thumb Code     6  basic.o(x$fpl$basic)
    _dabs                                    0x0800bfed   Thumb Code     6  basic.o(x$fpl$basic)
    _fabs                                    0x0800bff3   Thumb Code     6  basic.o(x$fpl$basic)
    __aeabi_dadd                             0x0800bff9   Thumb Code     0  daddsub_clz.o(x$fpl$dadd)
    _dadd                                    0x0800bff9   Thumb Code   332  daddsub_clz.o(x$fpl$dadd)
    __fpl_dcheck_NaN1                        0x0800c149   Thumb Code    10  dcheck1.o(x$fpl$dcheck1)
    __fpl_dcmp_Inf                           0x0800c159   Thumb Code    24  dcmpi.o(x$fpl$dcmpinf)
    __aeabi_ddiv                             0x0800c171   Thumb Code     0  ddiv.o(x$fpl$ddiv)
    _ddiv                                    0x0800c171   Thumb Code   552  ddiv.o(x$fpl$ddiv)
    __aeabi_cdcmpeq                          0x0800c421   Thumb Code     0  deqf.o(x$fpl$deqf)
    _dcmpeq                                  0x0800c421   Thumb Code   120  deqf.o(x$fpl$deqf)
    __aeabi_d2iz                             0x0800c499   Thumb Code     0  dfix.o(x$fpl$dfix)
    _dfix                                    0x0800c499   Thumb Code    94  dfix.o(x$fpl$dfix)
    __aeabi_i2d                              0x0800c4f7   Thumb Code     0  dflt_clz.o(x$fpl$dflt)
    _dflt                                    0x0800c4f7   Thumb Code    46  dflt_clz.o(x$fpl$dflt)
    __aeabi_ui2d                             0x0800c525   Thumb Code     0  dflt_clz.o(x$fpl$dfltu)
    _dfltu                                   0x0800c525   Thumb Code    38  dflt_clz.o(x$fpl$dfltu)
    __aeabi_cdcmple                          0x0800c54d   Thumb Code     0  dleqf.o(x$fpl$dleqf)
    _dcmple                                  0x0800c54d   Thumb Code   120  dleqf.o(x$fpl$dleqf)
    __fpl_dcmple_InfNaN                      0x0800c5af   Thumb Code     0  dleqf.o(x$fpl$dleqf)
    __aeabi_dmul                             0x0800c5c5   Thumb Code     0  dmul.o(x$fpl$dmul)
    _dmul                                    0x0800c5c5   Thumb Code   332  dmul.o(x$fpl$dmul)
    __fpl_dnaninf                            0x0800c719   Thumb Code   156  dnaninf.o(x$fpl$dnaninf)
    __fpl_dretinf                            0x0800c7b5   Thumb Code    12  dretinf.o(x$fpl$dretinf)
    __aeabi_cdrcmple                         0x0800c7c1   Thumb Code     0  drleqf.o(x$fpl$drleqf)
    _drcmple                                 0x0800c7c1   Thumb Code   108  drleqf.o(x$fpl$drleqf)
    __aeabi_drsub                            0x0800c82d   Thumb Code     0  daddsub_clz.o(x$fpl$drsb)
    _drsb                                    0x0800c82d   Thumb Code    22  daddsub_clz.o(x$fpl$drsb)
    _dsqrt                                   0x0800c845   Thumb Code   404  dsqrt_umaal.o(x$fpl$dsqrt)
    __aeabi_dsub                             0x0800c9dd   Thumb Code     0  daddsub_clz.o(x$fpl$dsub)
    _dsub                                    0x0800c9dd   Thumb Code   464  daddsub_clz.o(x$fpl$dsub)
    _fp_init                                 0x0800cbb1   Thumb Code    10  fpinit.o(x$fpl$fpinit)
    __fplib_config_fpu_vfp                   0x0800cbb9   Thumb Code     0  fpinit.o(x$fpl$fpinit)
    __fplib_config_pureend_doubles           0x0800cbb9   Thumb Code     0  fpinit.o(x$fpl$fpinit)
    _printf_fp_dec                           0x0800cbbb   Thumb Code     4  printf1.o(x$fpl$printf1)
    __fpl_return_NaN                         0x0800cbbf   Thumb Code   100  retnan.o(x$fpl$retnan)
    __ARM_scalbn                             0x0800cc23   Thumb Code    92  scalbn.o(x$fpl$scalbn)
    __fpl_cmpreturn                          0x0800cc7f   Thumb Code    48  trapv.o(x$fpl$trapveneer)
    __I$use$fp                               0x0800ccae   Number         0  usenofp.o(x$fpl$usenofp)
    os_mutex_def_uart1Mutex                  0x0800ccbc   Data           8  freertos.o(.constdata)
    AHBPrescTable                            0x0800cdac   Data          16  system_stm32f4xx.o(.constdata)
    APBPrescTable                            0x0800cdbc   Data           8  system_stm32f4xx.o(.constdata)
    __mathlib_zero                           0x0800ce88   Data           8  qnan.o(.constdata)
    Region$$Table$$Base                      0x0800cfa0   Number         0  anon$$obj.o(Region$$Table)
    Region$$Table$$Limit                     0x0800cfc0   Number         0  anon$$obj.o(Region$$Table)
    __ctype                                  0x0800cfcd   Data           0  lc_ctype_c.o(locale$$data)
    controllerCommunicationInProgress        0x20000000   Data           1  device.o(.data)
    Relay1ON                                 0x20000001   Data           8  device.o(.data)
    Relay1OFF                                0x20000009   Data           8  device.o(.data)
    Relay2ON                                 0x20000011   Data           8  device.o(.data)
    Relay2OFF                                0x20000019   Data           8  device.o(.data)
    Relay3ON                                 0x20000021   Data           8  device.o(.data)
    Relay3OFF                                0x20000029   Data           8  device.o(.data)
    Relay4ON                                 0x20000031   Data           8  device.o(.data)
    Relay4OFF                                0x20000039   Data           8  device.o(.data)
    Relay5ON                                 0x20000041   Data           8  device.o(.data)
    Relay5OFF                                0x20000049   Data           8  device.o(.data)
    Relay6ON                                 0x20000051   Data           8  device.o(.data)
    Relay6OFF                                0x20000059   Data           8  device.o(.data)
    Relay7ON                                 0x20000061   Data           8  device.o(.data)
    Relay7OFF                                0x20000069   Data           8  device.o(.data)
    Relay8ON                                 0x20000071   Data           8  device.o(.data)
    Relay8OFF                                0x20000079   Data           8  device.o(.data)
    Relay9ON                                 0x20000081   Data           8  device.o(.data)
    Relay9OFF                                0x20000089   Data           8  device.o(.data)
    Relay10ON                                0x20000091   Data           8  device.o(.data)
    Relay10OFF                               0x20000099   Data           8  device.o(.data)
    Relay11ON                                0x200000a1   Data           8  device.o(.data)
    Relay11OFF                               0x200000a9   Data           8  device.o(.data)
    Relay12ON                                0x200000b1   Data           8  device.o(.data)
    Relay12OFF                               0x200000b9   Data           8  device.o(.data)
    Relay13ON                                0x200000c1   Data           8  device.o(.data)
    Relay13OFF                               0x200000c9   Data           8  device.o(.data)
    Relay14ON                                0x200000d1   Data           8  device.o(.data)
    Relay14OFF                               0x200000d9   Data           8  device.o(.data)
    Relay15ON                                0x200000e1   Data           8  device.o(.data)
    Relay15OFF                               0x200000e9   Data           8  device.o(.data)
    Relay16ON                                0x200000f1   Data           8  device.o(.data)
    Relay16OFF                               0x200000f9   Data           8  device.o(.data)
    uart1Mutex                               0x20000104   Data           4  device.o(.data)
    DeviceStatus                             0x20000108   Data           8  eeprom.o(.data)
    RX1Index                                 0x20000110   Data           1  uart.o(.data)
    RX6Index                                 0x20000111   Data           1  uart.o(.data)
    RX1Data                                  0x20000112   Data           1  uart.o(.data)
    RX6Data                                  0x20000113   Data           1  uart.o(.data)
    Now_Date                                 0x20000114   Data           4  xrtc.o(.data)
    W25QXX_TYPE                              0x20000124   Data           2  w25qxx.o(.data)
    state_clear                              0x20000128   Data           1  freertos.o(.data)
    Task1Flag                                0x20000129   Data           1  freertos.o(.data)
    SetTime                                  0x2000012a   Data           1  freertos.o(.data)
    ModeTask                                 0x2000012b   Data           1  freertos.o(.data)
    TimeCount                                0x2000012c   Data           4  freertos.o(.data)
    defaultTaskHandle                        0x20000134   Data           4  freertos.o(.data)
    Task01Handle                             0x20000138   Data           4  freertos.o(.data)
    Task02Handle                             0x2000013c   Data           4  freertos.o(.data)
    FeedDogTaskHandle                        0x20000140   Data           4  freertos.o(.data)
    Task03Handle                             0x20000144   Data           4  freertos.o(.data)
    Task04Handle                             0x20000148   Data           4  freertos.o(.data)
    LogQueueHandle                           0x2000014c   Data           4  freertos.o(.data)
    Timer01Handle                            0x20000150   Data           4  freertos.o(.data)
    sendDataBinarySemHandle                  0x20000154   Data           4  freertos.o(.data)
    Restart                                  0x20000158   Data           8  freertos.o(.data)
    volt                                     0x20000160   Data           8  freertos.o(.data)
    uwTickFreq                               0x20000168   Data           1  stm32f4xx_hal.o(.data)
    uwTickPrio                               0x2000016c   Data           4  stm32f4xx_hal.o(.data)
    uwTick                                   0x20000170   Data           4  stm32f4xx_hal.o(.data)
    SystemCoreClock                          0x20000174   Data           4  system_stm32f4xx.o(.data)
    pxCurrentTCB                             0x20000178   Data           4  tasks.o(.data)
    RX1Buffer                                0x200001f4   Data          55  uart.o(.bss)
    RX6Buffer                                0x2000022b   Data         512  uart.o(.bss)
    CopyRX6Buffer                            0x2000042b   Data         512  uart.o(.bss)
    Now_Time                                 0x2000062c   Data          20  xrtc.o(.bss)
    CheckTime                                0x20000640   Data          20  xrtc.o(.bss)
    sAlarm                                   0x20000654   Data          40  xrtc.o(.bss)
    xhrtc                                    0x2000067c   Data          32  xrtc.o(.bss)
    CurrentTime                              0x2000069c   Data          20  xrtc.o(.bss)
    NetTime                                  0x200006b0   Data          20  xrtc.o(.bss)
    W25QXX_BUFFER                            0x200006c4   Data        4096  w25qxx.o(.bss)
    CurrentValue                             0x200016c4   Data          16  freertos.o(.bss)
    alarms                                   0x200016d4   Data         288  freertos.o(.bss)
    deviceArray                              0x200017f4   Data          96  freertos.o(.bss)
    hi2c1                                    0x20001efc   Data          84  i2c.o(.bss)
    hiwdg                                    0x20001f50   Data          12  iwdg.o(.bss)
    hrtc                                     0x20001f5c   Data          32  rtc.o(.bss)
    hspi2                                    0x20001f7c   Data          88  spi.o(.bss)
    huart1                                   0x20001fd4   Data          72  usart.o(.bss)
    huart6                                   0x2000201c   Data          72  usart.o(.bss)
    htim2                                    0x20002064   Data          72  stm32f4xx_hal_timebase_tim.o(.bss)
    xQueueRegistry                           0x200020ac   Data          64  queue.o(.bss)
    __libspace_start                         0x20005ec4   Data          96  libspace.o(.bss)
    __temporary_stack_top$libspace           0x20005f24   Data           0  libspace.o(.bss)



==============================================================================

Memory Map of the image

  Image Entry point : 0x08000199

  Load Region LR_IROM1 (Base: 0x08000000, Size: 0x0000d2e0, Max: 0x00080000, ABSOLUTE, COMPRESSED[0x0000d1cc])

    Execution Region ER_IROM1 (Exec base: 0x08000000, Load base: 0x08000000, Size: 0x0000d0ec, Max: 0x00080000, ABSOLUTE)

    Exec Addr    Load Addr    Size         Type   Attr      Idx    E Section Name        Object

    0x08000000   0x08000000   0x00000198   Data   RO            3    RESET               startup_stm32f411xe.o
    0x08000198   0x08000198   0x00000008   Code   RO         7005  * !!!main             c_w.l(__main.o)
    0x080001a0   0x080001a0   0x00000034   Code   RO         7406    !!!scatter          c_w.l(__scatter.o)
    0x080001d4   0x080001d4   0x0000005a   Code   RO         7404    !!dczerorl2         c_w.l(__dczerorl2.o)
    0x0800022e   0x0800022e   0x00000002   PAD
    0x08000230   0x08000230   0x0000001c   Code   RO         7408    !!handler_zi        c_w.l(__scatter_zi.o)
    0x0800024c   0x0800024c   0x00000000   Code   RO         6974    .ARM.Collect$$_printf_percent$$00000000  c_w.l(_printf_percent.o)
    0x0800024c   0x0800024c   0x00000006   Code   RO         6972    .ARM.Collect$$_printf_percent$$00000003  c_w.l(_printf_f.o)
    0x08000252   0x08000252   0x00000006   Code   RO         6973    .ARM.Collect$$_printf_percent$$00000004  c_w.l(_printf_e.o)
    0x08000258   0x08000258   0x00000006   Code   RO         6971    .ARM.Collect$$_printf_percent$$00000009  c_w.l(_printf_d.o)
    0x0800025e   0x0800025e   0x00000006   Code   RO         6970    .ARM.Collect$$_printf_percent$$0000000C  c_w.l(_printf_x.o)
    0x08000264   0x08000264   0x00000004   Code   RO         7112    .ARM.Collect$$_printf_percent$$00000017  c_w.l(_printf_percent_end.o)
    0x08000268   0x08000268   0x00000002   Code   RO         7339    .ARM.Collect$$libinit$$00000000  c_w.l(libinit.o)
    0x0800026a   0x0800026a   0x00000004   Code   RO         7123    .ARM.Collect$$libinit$$00000001  c_w.l(libinit2.o)
    0x0800026e   0x0800026e   0x00000000   Code   RO         7126    .ARM.Collect$$libinit$$00000004  c_w.l(libinit2.o)
    0x0800026e   0x0800026e   0x00000008   Code   RO         7127    .ARM.Collect$$libinit$$00000005  c_w.l(libinit2.o)
    0x08000276   0x08000276   0x00000000   Code   RO         7129    .ARM.Collect$$libinit$$0000000A  c_w.l(libinit2.o)
    0x08000276   0x08000276   0x00000000   Code   RO         7131    .ARM.Collect$$libinit$$0000000C  c_w.l(libinit2.o)
    0x08000276   0x08000276   0x00000000   Code   RO         7133    .ARM.Collect$$libinit$$0000000E  c_w.l(libinit2.o)
    0x08000276   0x08000276   0x00000006   Code   RO         7134    .ARM.Collect$$libinit$$0000000F  c_w.l(libinit2.o)
    0x0800027c   0x0800027c   0x00000000   Code   RO         7136    .ARM.Collect$$libinit$$00000011  c_w.l(libinit2.o)
    0x0800027c   0x0800027c   0x0000000c   Code   RO         7137    .ARM.Collect$$libinit$$00000012  c_w.l(libinit2.o)
    0x08000288   0x08000288   0x00000000   Code   RO         7138    .ARM.Collect$$libinit$$00000013  c_w.l(libinit2.o)
    0x08000288   0x08000288   0x00000000   Code   RO         7140    .ARM.Collect$$libinit$$00000015  c_w.l(libinit2.o)
    0x08000288   0x08000288   0x0000000a   Code   RO         7141    .ARM.Collect$$libinit$$00000016  c_w.l(libinit2.o)
    0x08000292   0x08000292   0x00000000   Code   RO         7142    .ARM.Collect$$libinit$$00000017  c_w.l(libinit2.o)
    0x08000292   0x08000292   0x00000000   Code   RO         7144    .ARM.Collect$$libinit$$00000019  c_w.l(libinit2.o)
    0x08000292   0x08000292   0x00000000   Code   RO         7146    .ARM.Collect$$libinit$$0000001B  c_w.l(libinit2.o)
    0x08000292   0x08000292   0x00000000   Code   RO         7148    .ARM.Collect$$libinit$$0000001D  c_w.l(libinit2.o)
    0x08000292   0x08000292   0x00000000   Code   RO         7150    .ARM.Collect$$libinit$$0000001F  c_w.l(libinit2.o)
    0x08000292   0x08000292   0x00000000   Code   RO         7152    .ARM.Collect$$libinit$$00000021  c_w.l(libinit2.o)
    0x08000292   0x08000292   0x00000000   Code   RO         7154    .ARM.Collect$$libinit$$00000023  c_w.l(libinit2.o)
    0x08000292   0x08000292   0x00000000   Code   RO         7156    .ARM.Collect$$libinit$$00000025  c_w.l(libinit2.o)
    0x08000292   0x08000292   0x00000000   Code   RO         7160    .ARM.Collect$$libinit$$0000002C  c_w.l(libinit2.o)
    0x08000292   0x08000292   0x00000000   Code   RO         7162    .ARM.Collect$$libinit$$0000002E  c_w.l(libinit2.o)
    0x08000292   0x08000292   0x00000000   Code   RO         7164    .ARM.Collect$$libinit$$00000030  c_w.l(libinit2.o)
    0x08000292   0x08000292   0x00000000   Code   RO         7166    .ARM.Collect$$libinit$$00000032  c_w.l(libinit2.o)
    0x08000292   0x08000292   0x00000002   Code   RO         7167    .ARM.Collect$$libinit$$00000033  c_w.l(libinit2.o)
    0x08000294   0x08000294   0x00000002   Code   RO         7401    .ARM.Collect$$libshutdown$$00000000  c_w.l(libshutdown.o)
    0x08000296   0x08000296   0x00000000   Code   RO         7357    .ARM.Collect$$libshutdown$$00000002  c_w.l(libshutdown2.o)
    0x08000296   0x08000296   0x00000000   Code   RO         7359    .ARM.Collect$$libshutdown$$00000004  c_w.l(libshutdown2.o)
    0x08000296   0x08000296   0x00000000   Code   RO         7362    .ARM.Collect$$libshutdown$$00000007  c_w.l(libshutdown2.o)
    0x08000296   0x08000296   0x00000000   Code   RO         7365    .ARM.Collect$$libshutdown$$0000000A  c_w.l(libshutdown2.o)
    0x08000296   0x08000296   0x00000000   Code   RO         7367    .ARM.Collect$$libshutdown$$0000000C  c_w.l(libshutdown2.o)
    0x08000296   0x08000296   0x00000000   Code   RO         7370    .ARM.Collect$$libshutdown$$0000000F  c_w.l(libshutdown2.o)
    0x08000296   0x08000296   0x00000002   Code   RO         7371    .ARM.Collect$$libshutdown$$00000010  c_w.l(libshutdown2.o)
    0x08000298   0x08000298   0x00000000   Code   RO         7063    .ARM.Collect$$rtentry$$00000000  c_w.l(__rtentry.o)
    0x08000298   0x08000298   0x00000000   Code   RO         7222    .ARM.Collect$$rtentry$$00000002  c_w.l(__rtentry2.o)
    0x08000298   0x08000298   0x00000006   Code   RO         7234    .ARM.Collect$$rtentry$$00000004  c_w.l(__rtentry4.o)
    0x0800029e   0x0800029e   0x00000000   Code   RO         7224    .ARM.Collect$$rtentry$$00000009  c_w.l(__rtentry2.o)
    0x0800029e   0x0800029e   0x00000004   Code   RO         7225    .ARM.Collect$$rtentry$$0000000A  c_w.l(__rtentry2.o)
    0x080002a2   0x080002a2   0x00000000   Code   RO         7227    .ARM.Collect$$rtentry$$0000000C  c_w.l(__rtentry2.o)
    0x080002a2   0x080002a2   0x00000008   Code   RO         7228    .ARM.Collect$$rtentry$$0000000D  c_w.l(__rtentry2.o)
    0x080002aa   0x080002aa   0x00000002   Code   RO         7344    .ARM.Collect$$rtexit$$00000000  c_w.l(rtexit.o)
    0x080002ac   0x080002ac   0x00000000   Code   RO         7377    .ARM.Collect$$rtexit$$00000002  c_w.l(rtexit2.o)
    0x080002ac   0x080002ac   0x00000004   Code   RO         7378    .ARM.Collect$$rtexit$$00000003  c_w.l(rtexit2.o)
    0x080002b0   0x080002b0   0x00000006   Code   RO         7379    .ARM.Collect$$rtexit$$00000004  c_w.l(rtexit2.o)
    0x080002b6   0x080002b6   0x00000002   PAD
    0x080002b8   0x080002b8   0x000000be   Code   RO         6770    .emb_text           port.o
    0x08000376   0x08000376   0x00000002   PAD
    0x08000378   0x08000378   0x00000000   Code   RO         7245    .emb_text           c_w.l(maybetermalloc1.o)
    0x08000378   0x08000378   0x00000040   Code   RO            4    .text               startup_stm32f411xe.o
    0x080003b8   0x080003b8   0x0000005e   Code   RO         6853    .text               c_w.l(h1_alloc.o)
    0x08000416   0x08000416   0x0000004e   Code   RO         6855    .text               c_w.l(h1_free.o)
    0x08000464   0x08000464   0x000000ee   Code   RO         6911    .text               c_w.l(lludivv7m.o)
    0x08000552   0x08000552   0x0000001a   Code   RO         6913    .text               c_w.l(tolower.o)
    0x0800056c   0x0800056c   0x00000028   Code   RO         6919    .text               c_w.l(noretval__2sprintf.o)
    0x08000594   0x08000594   0x00000034   Code   RO         6921    .text               c_w.l(noretval__2snprintf.o)
    0x080005c8   0x080005c8   0x0000004e   Code   RO         6925    .text               c_w.l(_printf_pad.o)
    0x08000616   0x08000616   0x00000002   PAD
    0x08000618   0x08000618   0x00000078   Code   RO         6927    .text               c_w.l(_printf_dec.o)
    0x08000690   0x08000690   0x00000058   Code   RO         6932    .text               c_w.l(_printf_hex_int.o)
    0x080006e8   0x080006e8   0x00000138   Code   RO         6962    .text               c_w.l(__printf_flags_wp.o)
    0x08000820   0x08000820   0x0000003c   Code   RO         6975    .text               c_w.l(__0sscanf.o)
    0x0800085c   0x0800085c   0x0000014c   Code   RO         6977    .text               c_w.l(_scanf_int.o)
    0x080009a8   0x080009a8   0x0000001a   Code   RO         6979    .text               c_w.l(atoi.o)
    0x080009c2   0x080009c2   0x00000014   Code   RO         6981    .text               c_w.l(strchr.o)
    0x080009d6   0x080009d6   0x00000048   Code   RO         6983    .text               c_w.l(strcpy.o)
    0x08000a1e   0x08000a1e   0x0000003e   Code   RO         6985    .text               c_w.l(strlen.o)
    0x08000a5c   0x08000a5c   0x00000096   Code   RO         6987    .text               c_w.l(strncmp.o)
    0x08000af2   0x08000af2   0x00000018   Code   RO         6989    .text               c_w.l(strcat.o)
    0x08000b0a   0x08000b0a   0x0000008a   Code   RO         6991    .text               c_w.l(rt_memcpy_v6.o)
    0x08000b94   0x08000b94   0x00000064   Code   RO         6993    .text               c_w.l(rt_memcpy_w.o)
    0x08000bf8   0x08000bf8   0x00000044   Code   RO         6997    .text               c_w.l(rt_memclr.o)
    0x08000c3c   0x08000c3c   0x0000004e   Code   RO         6999    .text               c_w.l(rt_memclr_w.o)
    0x08000c8a   0x08000c8a   0x00000002   PAD
    0x08000c8c   0x08000c8c   0x00000080   Code   RO         7001    .text               c_w.l(strcmpv7m.o)
    0x08000d0c   0x08000d0c   0x00000006   Code   RO         7003    .text               c_w.l(heapauxi.o)
    0x08000d12   0x08000d12   0x00000002   PAD
    0x08000d14   0x08000d14   0x00000010   Code   RO         7064    .text               c_w.l(rt_ctype_table.o)
    0x08000d24   0x08000d24   0x00000008   Code   RO         7073    .text               c_w.l(rt_heap_descriptor_intlibspace.o)
    0x08000d2c   0x08000d2c   0x00000008   Code   RO         7078    .text               c_w.l(rt_errno_addr_intlibspace.o)
    0x08000d34   0x08000d34   0x00000004   Code   RO         7080    .text               c_w.l(hguard.o)
    0x08000d38   0x08000d38   0x0000008a   Code   RO         7082    .text               c_w.l(init_alloc.o)
    0x08000dc2   0x08000dc2   0x0000000e   Code   RO         7086    .text               c_w.l(h1_init.o)
    0x08000dd0   0x08000dd0   0x00000016   Code   RO         7100    .text               c_w.l(_rserrno.o)
    0x08000de6   0x08000de6   0x000000b2   Code   RO         7102    .text               c_w.l(_printf_intcommon.o)
    0x08000e98   0x08000e98   0x0000041e   Code   RO         7104    .text               c_w.l(_printf_fp_dec.o)
    0x080012b6   0x080012b6   0x00000002   PAD
    0x080012b8   0x080012b8   0x00000030   Code   RO         7106    .text               c_w.l(_printf_char_common.o)
    0x080012e8   0x080012e8   0x0000000a   Code   RO         7108    .text               c_w.l(_sputc.o)
    0x080012f2   0x080012f2   0x00000010   Code   RO         7110    .text               c_w.l(_snputc.o)
    0x08001302   0x08001302   0x0000001c   Code   RO         7113    .text               c_w.l(_chval.o)
    0x0800131e   0x0800131e   0x00000002   PAD
    0x08001320   0x08001320   0x0000002c   Code   RO         7115    .text               c_w.l(scanf_char.o)
    0x0800134c   0x0800134c   0x00000040   Code   RO         7117    .text               c_w.l(_sgetc.o)
    0x0800138c   0x0800138c   0x00000070   Code   RO         7119    .text               c_w.l(strtol.o)
    0x080013fc   0x080013fc   0x00000008   Code   RO         7218    .text               c_w.l(libspace.o)
    0x08001404   0x08001404   0x00000008   Code   RO         7241    .text               c_w.l(rt_locale_intlibspace.o)
    0x0800140c   0x0800140c   0x00000034   Code   RO         7247    .text               c_w.l(h1_extend.o)
    0x08001440   0x08001440   0x0000008a   Code   RO         7251    .text               c_w.l(lludiv10.o)
    0x080014ca   0x080014ca   0x00000012   Code   RO         7253    .text               c_w.l(isspace.o)
    0x080014dc   0x080014dc   0x00000080   Code   RO         7255    .text               c_w.l(_printf_fp_infnan.o)
    0x0800155c   0x0800155c   0x00000374   Code   RO         7259    .text               c_w.l(_scanf.o)
    0x080018d0   0x080018d0   0x0000009e   Code   RO         7261    .text               c_w.l(_strtoul.o)
    0x0800196e   0x0800196e   0x00000002   PAD
    0x08001970   0x08001970   0x000000e4   Code   RO         7263    .text               c_w.l(bigflt0.o)
    0x08001a54   0x08001a54   0x0000000e   Code   RO         7294    .text               c_w.l(defsig_rtmem_outer.o)
    0x08001a62   0x08001a62   0x00000002   Code   RO         7311    .text               c_w.l(use_no_semi.o)
    0x08001a64   0x08001a64   0x00000000   Code   RO         7313    .text               c_w.l(indicate_semi.o)
    0x08001a64   0x08001a64   0x0000004a   Code   RO         7314    .text               c_w.l(sys_stackheap_outer.o)
    0x08001aae   0x08001aae   0x00000012   Code   RO         7320    .text               c_w.l(exit.o)
    0x08001ac0   0x08001ac0   0x0000000a   Code   RO         7322    .text               c_w.l(defsig_exit.o)
    0x08001aca   0x08001aca   0x00000002   PAD
    0x08001acc   0x08001acc   0x00000050   Code   RO         7328    .text               c_w.l(defsig_rtmem_inner.o)
    0x08001b1c   0x08001b1c   0x0000000c   Code   RO         7342    .text               c_w.l(sys_exit.o)
    0x08001b28   0x08001b28   0x00000032   Code   RO         7352    .text               c_w.l(defsig_general.o)
    0x08001b5a   0x08001b5a   0x0000000e   Code   RO         7374    .text               c_w.l(sys_wrch.o)
    0x08001b68   0x08001b68   0x0000003e   Code   RO         7266    CL$$btod_d2e        c_w.l(btod.o)
    0x08001ba6   0x08001ba6   0x00000046   Code   RO         7268    CL$$btod_d2e_denorm_low  c_w.l(btod.o)
    0x08001bec   0x08001bec   0x00000060   Code   RO         7267    CL$$btod_d2e_norm_op1  c_w.l(btod.o)
    0x08001c4c   0x08001c4c   0x00000338   Code   RO         7276    CL$$btod_div_common  c_w.l(btod.o)
    0x08001f84   0x08001f84   0x000000dc   Code   RO         7273    CL$$btod_e2e        c_w.l(btod.o)
    0x08002060   0x08002060   0x0000002a   Code   RO         7270    CL$$btod_ediv       c_w.l(btod.o)
    0x0800208a   0x0800208a   0x0000002a   Code   RO         7269    CL$$btod_emul       c_w.l(btod.o)
    0x080020b4   0x080020b4   0x00000244   Code   RO         7275    CL$$btod_mult_common  c_w.l(btod.o)
    0x080022f8   0x080022f8   0x00000002   Code   RO         1450    i.BusFault_Handler  stm32f4xx_it.o
    0x080022fa   0x080022fa   0x0000001a   Code   RO          999    i.Calculate_Checksum  freertos.o
    0x08002314   0x08002314   0x00000090   Code   RO         1000    i.Check_Alarms      freertos.o
    0x080023a4   0x080023a4   0x00000002   Code   RO         1451    i.DebugMon_Handler  stm32f4xx_it.o
    0x080023a6   0x080023a6   0x00000002   PAD
    0x080023a8   0x080023a8   0x000000a4   Code   RO         1001    i.DeleteAlarm       freertos.o
    0x0800244c   0x0800244c   0x000000f0   Code   RO           13    i.Device_Close      device.o
    0x0800253c   0x0800253c   0x000000f0   Code   RO           14    i.Device_Open       device.o
    0x0800262c   0x0800262c   0x00000004   Code   RO          919    i.Error_Handler     main.o
    0x08002630   0x08002630   0x00000050   Code   RO         1002    i.Execute_Alarm_Action  freertos.o
    0x08002680   0x08002680   0x00000174   Code   RO         1003    i.Flash_LoadAlarms  freertos.o
    0x080027f4   0x080027f4   0x00000094   Code   RO         1004    i.Flash_LoadCurrentTime  freertos.o
    0x08002888   0x08002888   0x000000c0   Code   RO         1005    i.Flash_LoadExpectedStates  freertos.o
    0x08002948   0x08002948   0x000000d0   Code   RO         1006    i.Flash_SaveAlarms  freertos.o
    0x08002a18   0x08002a18   0x00000064   Code   RO         1007    i.Flash_SaveCurrentTime  freertos.o
    0x08002a7c   0x08002a7c   0x00000074   Code   RO         1008    i.Flash_SaveExpectedStates  freertos.o
    0x08002af0   0x08002af0   0x00000064   Code   RO          388    i.GET_Time          xrtc.o
    0x08002b54   0x08002b54   0x000000b8   Code   RO         1009    i.GetAlarmList      freertos.o
    0x08002c0c   0x08002c0c   0x0000004c   Code   RO         1010    i.GetNetTime        freertos.o
    0x08002c58   0x08002c58   0x00000092   Code   RO         2138    i.HAL_DMA_Abort     stm32f4xx_hal_dma.o
    0x08002cea   0x08002cea   0x00000024   Code   RO         2139    i.HAL_DMA_Abort_IT  stm32f4xx_hal_dma.o
    0x08002d0e   0x08002d0e   0x00000006   Code   RO         2142    i.HAL_DMA_GetState  stm32f4xx_hal_dma.o
    0x08002d14   0x08002d14   0x000002b0   Code   RO         2031    i.HAL_GPIO_Init     stm32f4xx_hal_gpio.o
    0x08002fc4   0x08002fc4   0x0000006c   Code   RO         2035    i.HAL_GPIO_WritePin  stm32f4xx_hal_gpio.o
    0x08003030   0x08003030   0x0000000c   Code   RO         2593    i.HAL_GetTick       stm32f4xx_hal.o
    0x0800303c   0x0800303c   0x00000002   Code   RO         2838    i.HAL_I2C_AbortCpltCallback  stm32f4xx_hal_i2c.o
    0x0800303e   0x0800303e   0x00000002   Code   RO         2839    i.HAL_I2C_AddrCallback  stm32f4xx_hal_i2c.o
    0x08003040   0x08003040   0x000000ba   Code   RO         2842    i.HAL_I2C_ER_IRQHandler  stm32f4xx_hal_i2c.o
    0x080030fa   0x080030fa   0x00000230   Code   RO         2843    i.HAL_I2C_EV_IRQHandler  stm32f4xx_hal_i2c.o
    0x0800332a   0x0800332a   0x00000002   Code   RO         2845    i.HAL_I2C_ErrorCallback  stm32f4xx_hal_i2c.o
    0x0800332c   0x0800332c   0x00000288   Code   RO         2849    i.HAL_I2C_Init      stm32f4xx_hal_i2c.o
    0x080035b4   0x080035b4   0x00000002   Code   RO         2851    i.HAL_I2C_ListenCpltCallback  stm32f4xx_hal_i2c.o
    0x080035b6   0x080035b6   0x00000002   Code   RO         2852    i.HAL_I2C_MasterRxCpltCallback  stm32f4xx_hal_i2c.o
    0x080035b8   0x080035b8   0x00000002   Code   RO         2853    i.HAL_I2C_MasterTxCpltCallback  stm32f4xx_hal_i2c.o
    0x080035ba   0x080035ba   0x00000002   Code   RO         2865    i.HAL_I2C_MemRxCpltCallback  stm32f4xx_hal_i2c.o
    0x080035bc   0x080035bc   0x00000002   Code   RO         2866    i.HAL_I2C_MemTxCpltCallback  stm32f4xx_hal_i2c.o
    0x080035be   0x080035be   0x00000002   PAD
    0x080035c0   0x080035c0   0x00000088   Code   RO         1241    i.HAL_I2C_MspInit   i2c.o
    0x08003648   0x08003648   0x00000002   Code   RO         2875    i.HAL_I2C_SlaveRxCpltCallback  stm32f4xx_hal_i2c.o
    0x0800364a   0x0800364a   0x00000002   Code   RO         2876    i.HAL_I2C_SlaveTxCpltCallback  stm32f4xx_hal_i2c.o
    0x0800364c   0x0800364c   0x000000e0   Code   RO         3305    i.HAL_IWDG_Init     stm32f4xx_hal_iwdg.o
    0x0800372c   0x0800372c   0x0000000c   Code   RO         3306    i.HAL_IWDG_Refresh  stm32f4xx_hal_iwdg.o
    0x08003738   0x08003738   0x00000010   Code   RO         2599    i.HAL_IncTick       stm32f4xx_hal.o
    0x08003748   0x08003748   0x00000034   Code   RO         2600    i.HAL_Init          stm32f4xx_hal.o
    0x0800377c   0x0800377c   0x00000098   Code   RO         1568    i.HAL_InitTick      stm32f4xx_hal_timebase_tim.o
    0x08003814   0x08003814   0x0000004c   Code   RO         1544    i.HAL_MspInit       stm32f4xx_hal_msp.o
    0x08003860   0x08003860   0x00000064   Code   RO         2445    i.HAL_NVIC_EnableIRQ  stm32f4xx_hal_cortex.o
    0x080038c4   0x080038c4   0x000000a0   Code   RO         2451    i.HAL_NVIC_SetPriority  stm32f4xx_hal_cortex.o
    0x08003964   0x08003964   0x00000080   Code   RO         2452    i.HAL_NVIC_SetPriorityGrouping  stm32f4xx_hal_cortex.o
    0x080039e4   0x080039e4   0x00000324   Code   RO         1713    i.HAL_RCCEx_PeriphCLKConfig  stm32f4xx_hal_rcc_ex.o
    0x08003d08   0x08003d08   0x0000024c   Code   RO         1608    i.HAL_RCC_ClockConfig  stm32f4xx_hal_rcc.o
    0x08003f54   0x08003f54   0x00000040   Code   RO         1612    i.HAL_RCC_GetClockConfig  stm32f4xx_hal_rcc.o
    0x08003f94   0x08003f94   0x00000020   Code   RO         1615    i.HAL_RCC_GetPCLK1Freq  stm32f4xx_hal_rcc.o
    0x08003fb4   0x08003fb4   0x00000020   Code   RO         1616    i.HAL_RCC_GetPCLK2Freq  stm32f4xx_hal_rcc.o
    0x08003fd4   0x08003fd4   0x00000064   Code   RO         1617    i.HAL_RCC_GetSysClockFreq  stm32f4xx_hal_rcc.o
    0x08004038   0x08004038   0x000004a8   Code   RO         1620    i.HAL_RCC_OscConfig  stm32f4xx_hal_rcc.o
    0x080044e0   0x080044e0   0x00000090   Code   RO         3345    i.HAL_RTC_GetDate   stm32f4xx_hal_rtc.o
    0x08004570   0x08004570   0x000000a0   Code   RO         3347    i.HAL_RTC_GetTime   stm32f4xx_hal_rtc.o
    0x08004610   0x08004610   0x00000164   Code   RO         3348    i.HAL_RTC_Init      stm32f4xx_hal_rtc.o
    0x08004774   0x08004774   0x0000003c   Code   RO         1313    i.HAL_RTC_MspInit   rtc.o
    0x080047b0   0x080047b0   0x00000194   Code   RO         3354    i.HAL_RTC_SetDate   stm32f4xx_hal_rtc.o
    0x08004944   0x08004944   0x000001ec   Code   RO         3355    i.HAL_RTC_SetTime   stm32f4xx_hal_rtc.o
    0x08004b30   0x08004b30   0x00000038   Code   RO         3356    i.HAL_RTC_WaitForSynchro  stm32f4xx_hal_rtc.o
    0x08004b68   0x08004b68   0x00000260   Code   RO         3734    i.HAL_SPI_Init      stm32f4xx_hal_spi.o
    0x08004dc8   0x08004dc8   0x0000007c   Code   RO         1355    i.HAL_SPI_MspInit   spi.o
    0x08004e44   0x08004e44   0x00000234   Code   RO         3743    i.HAL_SPI_TransmitReceive  stm32f4xx_hal_spi.o
    0x08005078   0x08005078   0x00000002   Code   RO         4752    i.HAL_TIMEx_BreakCallback  stm32f4xx_hal_tim_ex.o
    0x0800507a   0x0800507a   0x00000002   Code   RO         4753    i.HAL_TIMEx_CommutCallback  stm32f4xx_hal_tim_ex.o
    0x0800507c   0x0800507c   0x00000158   Code   RO         4047    i.HAL_TIM_Base_Init  stm32f4xx_hal_tim.o
    0x080051d4   0x080051d4   0x00000002   Code   RO         4049    i.HAL_TIM_Base_MspInit  stm32f4xx_hal_tim.o
    0x080051d6   0x080051d6   0x00000002   PAD
    0x080051d8   0x080051d8   0x000000ec   Code   RO         4052    i.HAL_TIM_Base_Start_IT  stm32f4xx_hal_tim.o
    0x080052c4   0x080052c4   0x00000002   Code   RO         4081    i.HAL_TIM_IC_CaptureCallback  stm32f4xx_hal_tim.o
    0x080052c6   0x080052c6   0x00000130   Code   RO         4095    i.HAL_TIM_IRQHandler  stm32f4xx_hal_tim.o
    0x080053f6   0x080053f6   0x00000002   Code   RO         4098    i.HAL_TIM_OC_DelayElapsedCallback  stm32f4xx_hal_tim.o
    0x080053f8   0x080053f8   0x00000002   Code   RO         4125    i.HAL_TIM_PWM_PulseFinishedCallback  stm32f4xx_hal_tim.o
    0x080053fa   0x080053fa   0x0000000e   Code   RO          920    i.HAL_TIM_PeriodElapsedCallback  main.o
    0x08005408   0x08005408   0x00000002   Code   RO         4138    i.HAL_TIM_TriggerCallback  stm32f4xx_hal_tim.o
    0x0800540a   0x0800540a   0x00000002   Code   RO         5031    i.HAL_UARTEx_RxEventCallback  stm32f4xx_hal_uart.o
    0x0800540c   0x0800540c   0x00000002   Code   RO         5045    i.HAL_UART_ErrorCallback  stm32f4xx_hal_uart.o
    0x0800540e   0x0800540e   0x00000002   PAD
    0x08005410   0x08005410   0x00000270   Code   RO         5048    i.HAL_UART_IRQHandler  stm32f4xx_hal_uart.o
    0x08005680   0x08005680   0x0000012c   Code   RO         5049    i.HAL_UART_Init     stm32f4xx_hal_uart.o
    0x080057ac   0x080057ac   0x000000c4   Code   RO         1403    i.HAL_UART_MspInit  usart.o
    0x08005870   0x08005870   0x0000001c   Code   RO         5054    i.HAL_UART_Receive_IT  stm32f4xx_hal_uart.o
    0x0800588c   0x0800588c   0x000000fc   Code   RO          325    i.HAL_UART_RxCpltCallback  uart.o
    0x08005988   0x08005988   0x00000032   Code   RO         5059    i.HAL_UART_Transmit_IT  stm32f4xx_hal_uart.o
    0x080059ba   0x080059ba   0x00000002   Code   RO         5060    i.HAL_UART_TxCpltCallback  stm32f4xx_hal_uart.o
    0x080059bc   0x080059bc   0x00000002   Code   RO         1452    i.HardFault_Handler  stm32f4xx_it.o
    0x080059be   0x080059be   0x00000002   PAD
    0x080059c0   0x080059c0   0x0000000c   Code   RO         1453    i.I2C1_ER_IRQHandler  stm32f4xx_it.o
    0x080059cc   0x080059cc   0x0000000c   Code   RO         1454    i.I2C1_EV_IRQHandler  stm32f4xx_it.o
    0x080059d8   0x080059d8   0x000000bc   Code   RO         2887    i.I2C_DMAAbort      stm32f4xx_hal_i2c.o
    0x08005a94   0x08005a94   0x00000010   Code   RO         2890    i.I2C_Flush_DR      stm32f4xx_hal_i2c.o
    0x08005aa4   0x08005aa4   0x00000158   Code   RO         2891    i.I2C_ITError       stm32f4xx_hal_i2c.o
    0x08005bfc   0x08005bfc   0x000000da   Code   RO         2893    i.I2C_MasterReceive_BTF  stm32f4xx_hal_i2c.o
    0x08005cd6   0x08005cd6   0x00000002   PAD
    0x08005cd8   0x08005cd8   0x000000f4   Code   RO         2894    i.I2C_MasterReceive_RXNE  stm32f4xx_hal_i2c.o
    0x08005dcc   0x08005dcc   0x00000082   Code   RO         2897    i.I2C_MasterTransmit_BTF  stm32f4xx_hal_i2c.o
    0x08005e4e   0x08005e4e   0x00000002   PAD
    0x08005e50   0x08005e50   0x000000b6   Code   RO         2898    i.I2C_MasterTransmit_TXE  stm32f4xx_hal_i2c.o
    0x08005f06   0x08005f06   0x00000002   PAD
    0x08005f08   0x08005f08   0x00000118   Code   RO         2899    i.I2C_Master_ADDR   stm32f4xx_hal_i2c.o
    0x08006020   0x08006020   0x0000008c   Code   RO         2900    i.I2C_Master_SB     stm32f4xx_hal_i2c.o
    0x080060ac   0x080060ac   0x000000a8   Code   RO         2901    i.I2C_MemoryTransmit_TXE_BTF  stm32f4xx_hal_i2c.o
    0x08006154   0x08006154   0x00000046   Code   RO         2904    i.I2C_Slave_ADDR    stm32f4xx_hal_i2c.o
    0x0800619a   0x0800619a   0x00000002   PAD
    0x0800619c   0x0800619c   0x00000090   Code   RO         2905    i.I2C_Slave_AF      stm32f4xx_hal_i2c.o
    0x0800622c   0x0800622c   0x0000015c   Code   RO         2906    i.I2C_Slave_STOPF   stm32f4xx_hal_i2c.o
    0x08006388   0x08006388   0x00000058   Code   RO          271    i.LED_OFF           led.o
    0x080063e0   0x080063e0   0x00000058   Code   RO          272    i.LED_ON            led.o
    0x08006438   0x08006438   0x000000e4   Code   RO         1012    i.MX_FREERTOS_Init  freertos.o
    0x0800651c   0x0800651c   0x000000f4   Code   RO          975    i.MX_GPIO_Init      gpio.o
    0x08006610   0x08006610   0x00000040   Code   RO         1242    i.MX_I2C1_Init      i2c.o
    0x08006650   0x08006650   0x0000002c   Code   RO         1282    i.MX_IWDG_Init      iwdg.o
    0x0800667c   0x0800667c   0x00000080   Code   RO         1314    i.MX_RTC_Init       rtc.o
    0x080066fc   0x080066fc   0x00000044   Code   RO         1356    i.MX_SPI2_Init      spi.o
    0x08006740   0x08006740   0x00000038   Code   RO         1404    i.MX_USART1_UART_Init  usart.o
    0x08006778   0x08006778   0x00000038   Code   RO         1405    i.MX_USART6_UART_Init  usart.o
    0x080067b0   0x080067b0   0x00000002   Code   RO         1455    i.MemManage_Handler  stm32f4xx_it.o
    0x080067b2   0x080067b2   0x00000002   Code   RO         1456    i.NMI_Handler       stm32f4xx_it.o
    0x080067b4   0x080067b4   0x0000054c   Code   RO         1013    i.Process_JSON_Command  freertos.o
    0x08006d00   0x08006d00   0x00000002   Code   RO         1457    i.RCC_IRQHandler    stm32f4xx_it.o
    0x08006d02   0x08006d02   0x00000002   PAD
    0x08006d04   0x08006d04   0x00000068   Code   RO          274    i.RGB               led.o
    0x08006d6c   0x08006d6c   0x00000012   Code   RO         3357    i.RTC_Bcd2ToByte    stm32f4xx_hal_rtc.o
    0x08006d7e   0x08006d7e   0x00000016   Code   RO         3358    i.RTC_ByteToBcd2    stm32f4xx_hal_rtc.o
    0x08006d94   0x08006d94   0x00000048   Code   RO         3359    i.RTC_EnterInitMode  stm32f4xx_hal_rtc.o
    0x08006ddc   0x08006ddc   0x0000002a   Code   RO         3360    i.RTC_ExitInitMode  stm32f4xx_hal_rtc.o
    0x08006e06   0x08006e06   0x00000002   PAD
    0x08006e08   0x08006e08   0x000000e8   Code   RO          390    i.RTC_Init          xrtc.o
    0x08006ef0   0x08006ef0   0x00000020   Code   RO         1357    i.SPI2_ReadWriteByte  spi.o
    0x08006f10   0x08006f10   0x0000006c   Code   RO         3772    i.SPI_EndRxTxTransaction  stm32f4xx_hal_spi.o
    0x08006f7c   0x08006f7c   0x000000b8   Code   RO         3777    i.SPI_WaitFlagStateUntilTimeout  stm32f4xx_hal_spi.o
    0x08007034   0x08007034   0x0000009c   Code   RO         1014    i.SendAlarmCount    freertos.o
    0x080070d0   0x080070d0   0x000001a4   Code   RO         1015    i.SendSingleAlarm   freertos.o
    0x08007274   0x08007274   0x00000074   Code   RO         1016    i.Should_Alarm_Trigger  freertos.o
    0x080072e8   0x080072e8   0x000000a0   Code   RO         1017    i.StartDefaultTask  freertos.o
    0x08007388   0x08007388   0x00000014   Code   RO         1018    i.StartFeedDogTask  freertos.o
    0x0800739c   0x0800739c   0x00000070   Code   RO         1019    i.StartTask01       freertos.o
    0x0800740c   0x0800740c   0x00000094   Code   RO         1020    i.StartTask02       freertos.o
    0x080074a0   0x080074a0   0x00000028   Code   RO         1021    i.StartTask03       freertos.o
    0x080074c8   0x080074c8   0x00000020   Code   RO         1022    i.StartTask04       freertos.o
    0x080074e8   0x080074e8   0x0000002c   Code   RO         6771    i.SysTick_Handler   port.o
    0x08007514   0x08007514   0x00000094   Code   RO          921    i.SystemClock_Config  main.o
    0x080075a8   0x080075a8   0x00000010   Code   RO         5383    i.SystemInit        system_stm32f4xx.o
    0x080075b8   0x080075b8   0x0000000c   Code   RO         1458    i.TIM2_IRQHandler   stm32f4xx_it.o
    0x080075c4   0x080075c4   0x000000a4   Code   RO         4140    i.TIM_Base_SetConfig  stm32f4xx_hal_tim.o
    0x08007668   0x08007668   0x00000074   Code   RO          392    i.Time_Offset       xrtc.o
    0x080076dc   0x080076dc   0x00000010   Code   RO         5062    i.UART_DMAAbortOnError  stm32f4xx_hal_uart.o
    0x080076ec   0x080076ec   0x0000004e   Code   RO         5072    i.UART_EndRxTransfer  stm32f4xx_hal_uart.o
    0x0800773a   0x0800773a   0x000000c2   Code   RO         5074    i.UART_Receive_IT   stm32f4xx_hal_uart.o
    0x080077fc   0x080077fc   0x00000030   Code   RO          326    i.UART_SEND1        uart.o
    0x0800782c   0x0800782c   0x00000024   Code   RO          327    i.UART_SEND6        uart.o
    0x08007850   0x08007850   0x000001a0   Code   RO         5075    i.UART_SetConfig    stm32f4xx_hal_uart.o
    0x080079f0   0x080079f0   0x00000036   Code   RO         5077    i.UART_Start_Receive_IT  stm32f4xx_hal_uart.o
    0x08007a26   0x08007a26   0x00000002   PAD
    0x08007a28   0x08007a28   0x0000000c   Code   RO         1459    i.USART1_IRQHandler  stm32f4xx_it.o
    0x08007a34   0x08007a34   0x0000000c   Code   RO         1460    i.USART6_IRQHandler  stm32f4xx_it.o
    0x08007a40   0x08007a40   0x000001ac   Code   RO         1023    i.UpdateData        freertos.o
    0x08007bec   0x08007bec   0x000001f4   Code   RO         1025    i.UpdateState       freertos.o
    0x08007de0   0x08007de0   0x00000002   Code   RO         1461    i.UsageFault_Handler  stm32f4xx_it.o
    0x08007de2   0x08007de2   0x00000002   PAD
    0x08007de4   0x08007de4   0x00000064   Code   RO          803    i.W25QXX_Erase_Sector  w25qxx.o
    0x08007e48   0x08007e48   0x00000068   Code   RO          804    i.W25QXX_Init       w25qxx.o
    0x08007eb0   0x08007eb0   0x00000074   Code   RO          806    i.W25QXX_Read       w25qxx.o
    0x08007f24   0x08007f24   0x00000054   Code   RO          807    i.W25QXX_ReadID     w25qxx.o
    0x08007f78   0x08007f78   0x00000048   Code   RO          808    i.W25QXX_ReadSR     w25qxx.o
    0x08007fc0   0x08007fc0   0x0000000e   Code   RO          810    i.W25QXX_Wait_Busy  w25qxx.o
    0x08007fce   0x08007fce   0x00000002   PAD
    0x08007fd0   0x08007fd0   0x0000009c   Code   RO          811    i.W25QXX_Write      w25qxx.o
    0x0800806c   0x0800806c   0x0000002c   Code   RO          813    i.W25QXX_Write_Enable  w25qxx.o
    0x08008098   0x08008098   0x0000003e   Code   RO          814    i.W25QXX_Write_NoCheck  w25qxx.o
    0x080080d6   0x080080d6   0x00000002   PAD
    0x080080d8   0x080080d8   0x0000007c   Code   RO          815    i.W25QXX_Write_Page  w25qxx.o
    0x08008154   0x08008154   0x00000030   Code   RO         7199    i.__ARM_fpclassify  m_wm.l(fpclassify.o)
    0x08008184   0x08008184   0x00000020   Code   RO         2458    i.__NVIC_SetPriority  stm32f4xx_hal_cortex.o
    0x080081a4   0x080081a4   0x00000014   Code   RO         7035    i.__hardfp_fabs     m_wm.l(fabs.o)
    0x080081b8   0x080081b8   0x00000118   Code   RO         7041    i.__hardfp_floor    m_wm.l(floor.o)
    0x080082d0   0x080082d0   0x00000c50   Code   RO         7047    i.__hardfp_pow      m_wm.l(pow.o)
    0x08008f20   0x08008f20   0x000000f8   Code   RO         7201    i.__kernel_poly     m_wm.l(poly.o)
    0x08009018   0x08009018   0x00000030   Code   RO         7185    i.__mathlib_dbl_divzero  m_wm.l(dunder.o)
    0x08009048   0x08009048   0x00000014   Code   RO         7187    i.__mathlib_dbl_infnan2  m_wm.l(dunder.o)
    0x0800905c   0x0800905c   0x00000004   PAD
    0x08009060   0x08009060   0x00000020   Code   RO         7188    i.__mathlib_dbl_invalid  m_wm.l(dunder.o)
    0x08009080   0x08009080   0x00000020   Code   RO         7189    i.__mathlib_dbl_overflow  m_wm.l(dunder.o)
    0x080090a0   0x080090a0   0x00000020   Code   RO         7191    i.__mathlib_dbl_underflow  m_wm.l(dunder.o)
    0x080090c0   0x080090c0   0x0000000e   Code   RO         6960    i._is_digit         c_w.l(__printf_wp.o)
    0x080090ce   0x080090ce   0x00000002   Code   RO          922    i.assert_failed     main.o
    0x080090d0   0x080090d0   0x0000001c   Code   RO          453    i.cJSON_AddItemToArray  cjson.o
    0x080090ec   0x080090ec   0x00000030   Code   RO          454    i.cJSON_AddItemToObject  cjson.o
    0x0800911c   0x0800911c   0x00000010   Code   RO          456    i.cJSON_CreateArray  cjson.o
    0x0800912c   0x0800912c   0x00000030   Code   RO          463    i.cJSON_CreateNumber  cjson.o
    0x0800915c   0x0800915c   0x00000010   Code   RO          464    i.cJSON_CreateObject  cjson.o
    0x0800916c   0x0800916c   0x0000001c   Code   RO          465    i.cJSON_CreateString  cjson.o
    0x08009188   0x08009188   0x00000048   Code   RO          468    i.cJSON_Delete      cjson.o
    0x080091d0   0x080091d0   0x00000012   Code   RO          474    i.cJSON_GetArrayItem  cjson.o
    0x080091e2   0x080091e2   0x00000010   Code   RO          475    i.cJSON_GetArraySize  cjson.o
    0x080091f2   0x080091f2   0x0000001c   Code   RO          477    i.cJSON_GetObjectItem  cjson.o
    0x0800920e   0x0800920e   0x00000002   PAD
    0x08009210   0x08009210   0x0000001c   Code   RO          481    i.cJSON_New_Item    cjson.o
    0x0800922c   0x0800922c   0x00000008   Code   RO          482    i.cJSON_Parse       cjson.o
    0x08009234   0x08009234   0x00000060   Code   RO          483    i.cJSON_ParseWithOpts  cjson.o
    0x08009294   0x08009294   0x0000000a   Code   RO          484    i.cJSON_Print       cjson.o
    0x0800929e   0x0800929e   0x00000042   Code   RO          489    i.cJSON_strcasecmp  cjson.o
    0x080092e0   0x080092e0   0x00000028   Code   RO          490    i.cJSON_strdup      cjson.o
    0x08009308   0x08009308   0x00000032   Code   RO          328    i.crc16             uart.o
    0x0800933a   0x0800933a   0x00000002   PAD
    0x0800933c   0x0800933c   0x00000070   Code   RO          492    i.ensure            cjson.o
    0x080093ac   0x080093ac   0x00000018   Code   RO         7037    i.fabs              m_wm.l(fabs.o)
    0x080093c4   0x080093c4   0x0000000c   Code   RO         6346    i.inHandlerMode     cmsis_os.o
    0x080093d0   0x080093d0   0x0000002c   Code   RO         1026    i.initDeviceStatus  freertos.o
    0x080093fc   0x080093fc   0x0000001c   Code   RO         1027    i.isRepeatAlarm     freertos.o
    0x08009418   0x08009418   0x0000002e   Code   RO          923    i.main              main.o
    0x08009446   0x08009446   0x0000000c   Code   RO         6348    i.makeFreeRtosPriority  cmsis_os.o
    0x08009452   0x08009452   0x0000000e   Code   RO         6350    i.osDelay           cmsis_os.o
    0x08009460   0x08009460   0x0000000a   Code   RO         6353    i.osKernelStart     cmsis_os.o
    0x0800946a   0x0800946a   0x00000026   Code   RO         6362    i.osMessageCreate   cmsis_os.o
    0x08009490   0x08009490   0x00000010   Code   RO         6368    i.osMutexCreate     cmsis_os.o
    0x080094a0   0x080094a0   0x0000003e   Code   RO         6379    i.osSemaphoreCreate  cmsis_os.o
    0x080094de   0x080094de   0x00000054   Code   RO         6387    i.osThreadCreate    cmsis_os.o
    0x08009532   0x08009532   0x00000002   PAD
    0x08009534   0x08009534   0x00000040   Code   RO         6398    i.osTimerCreate     cmsis_os.o
    0x08009574   0x08009574   0x0000005c   Code   RO         6400    i.osTimerStart      cmsis_os.o
    0x080095d0   0x080095d0   0x0000005c   Code   RO         1028    i.parseAlarmDateTime  freertos.o
    0x0800962c   0x0800962c   0x00000090   Code   RO          393    i.parseTimeString   xrtc.o
    0x080096bc   0x080096bc   0x00000078   Code   RO          493    i.parse_array       cjson.o
    0x08009734   0x08009734   0x000000a6   Code   RO          494    i.parse_hex4        cjson.o
    0x080097da   0x080097da   0x00000002   PAD
    0x080097dc   0x080097dc   0x00000194   Code   RO          495    i.parse_number      cjson.o
    0x08009970   0x08009970   0x000000b8   Code   RO          496    i.parse_object      cjson.o
    0x08009a28   0x08009a28   0x00000180   Code   RO          497    i.parse_string      cjson.o
    0x08009ba8   0x08009ba8   0x000000b4   Code   RO          498    i.parse_value       cjson.o
    0x08009c5c   0x08009c5c   0x000001d0   Code   RO          499    i.print_array       cjson.o
    0x08009e2c   0x08009e2c   0x000001c8   Code   RO          500    i.print_number      cjson.o
    0x08009ff4   0x08009ff4   0x00000374   Code   RO          501    i.print_object      cjson.o
    0x0800a368   0x0800a368   0x00000006   Code   RO          502    i.print_string      cjson.o
    0x0800a36e   0x0800a36e   0x00000002   PAD
    0x0800a370   0x0800a370   0x00000174   Code   RO          503    i.print_string_ptr  cjson.o
    0x0800a4e4   0x0800a4e4   0x000000bc   Code   RO          504    i.print_value       cjson.o
    0x0800a5a0   0x0800a5a0   0x00000070   Code   RO         5888    i.prvAddCurrentTaskToDelayedList  tasks.o
    0x0800a610   0x0800a610   0x000000d0   Code   RO         5889    i.prvAddNewTaskToReadyList  tasks.o
    0x0800a6e0   0x0800a6e0   0x00000058   Code   RO         6202    i.prvCheckForValidListAndQueue  timers.o
    0x0800a738   0x0800a738   0x00000026   Code   RO         5561    i.prvCopyDataFromQueue  queue.o
    0x0800a75e   0x0800a75e   0x0000006c   Code   RO         5562    i.prvCopyDataToQueue  queue.o
    0x0800a7ca   0x0800a7ca   0x00000034   Code   RO         5890    i.prvDeleteTCB      tasks.o
    0x0800a7fe   0x0800a7fe   0x00000002   PAD
    0x0800a800   0x0800a800   0x0000004c   Code   RO         6715    i.prvHeapInit       heap_4.o
    0x0800a84c   0x0800a84c   0x00000060   Code   RO         5891    i.prvIdleTask       tasks.o
    0x0800a8ac   0x0800a8ac   0x00000016   Code   RO         5563    i.prvInitialiseMutex  queue.o
    0x0800a8c2   0x0800a8c2   0x00000016   Code   RO         5564    i.prvInitialiseNewQueue  queue.o
    0x0800a8d8   0x0800a8d8   0x00000098   Code   RO         5892    i.prvInitialiseNewTask  tasks.o
    0x0800a970   0x0800a970   0x0000004e   Code   RO         6203    i.prvInitialiseNewTimer  timers.o
    0x0800a9be   0x0800a9be   0x00000002   PAD
    0x0800a9c0   0x0800a9c0   0x0000004c   Code   RO         6716    i.prvInsertBlockIntoFreeList  heap_4.o
    0x0800aa0c   0x0800aa0c   0x00000038   Code   RO         6204    i.prvInsertTimerInActiveList  timers.o
    0x0800aa44   0x0800aa44   0x0000001c   Code   RO         5565    i.prvIsQueueEmpty   queue.o
    0x0800aa60   0x0800aa60   0x000000f0   Code   RO         6205    i.prvProcessReceivedCommands  timers.o
    0x0800ab50   0x0800ab50   0x000000c0   Code   RO         6206    i.prvProcessTimerOrBlockTask  timers.o
    0x0800ac10   0x0800ac10   0x00000020   Code   RO         5893    i.prvResetNextTaskUnblockTime  tasks.o
    0x0800ac30   0x0800ac30   0x00000028   Code   RO         6207    i.prvSampleTimeNow  timers.o
    0x0800ac58   0x0800ac58   0x0000006c   Code   RO         6208    i.prvSwitchTimerLists  timers.o
    0x0800acc4   0x0800acc4   0x00000028   Code   RO         6772    i.prvTaskExitError  port.o
    0x0800acec   0x0800acec   0x00000034   Code   RO         5894    i.prvTaskIsTaskSuspended  tasks.o
    0x0800ad20   0x0800ad20   0x00000024   Code   RO         6209    i.prvTimerTask      timers.o
    0x0800ad44   0x0800ad44   0x0000006a   Code   RO         5566    i.prvUnlockQueue    queue.o
    0x0800adae   0x0800adae   0x00000002   PAD
    0x0800adb0   0x0800adb0   0x000000dc   Code   RO         6717    i.pvPortMalloc      heap_4.o
    0x0800ae8c   0x0800ae8c   0x0000002c   Code   RO         6773    i.pxPortInitialiseStack  port.o
    0x0800aeb8   0x0800aeb8   0x00000014   Code   RO          505    i.skip              cjson.o
    0x0800aecc   0x0800aecc   0x0000006e   Code   RO         7206    i.sqrt              m_wm.l(sqrt.o)
    0x0800af3a   0x0800af3a   0x0000001c   Code   RO          506    i.update            cjson.o
    0x0800af56   0x0800af56   0x00000026   Code   RO         5521    i.uxListRemove      list.o
    0x0800af7c   0x0800af7c   0x00000014   Code   RO         1029    i.vApplicationGetIdleTaskMemory  freertos.o
    0x0800af90   0x0800af90   0x00000018   Code   RO         1030    i.vApplicationGetTimerTaskMemory  freertos.o
    0x0800afa8   0x0800afa8   0x00000016   Code   RO         5522    i.vListInitialise   list.o
    0x0800afbe   0x0800afbe   0x00000006   Code   RO         5523    i.vListInitialiseItem  list.o
    0x0800afc4   0x0800afc4   0x00000030   Code   RO         5524    i.vListInsert       list.o
    0x0800aff4   0x0800aff4   0x00000018   Code   RO         5525    i.vListInsertEnd    list.o
    0x0800b00c   0x0800b00c   0x00000040   Code   RO         6775    i.vPortEnterCritical  port.o
    0x0800b04c   0x0800b04c   0x00000028   Code   RO         6776    i.vPortExitCritical  port.o
    0x0800b074   0x0800b074   0x00000064   Code   RO         6718    i.vPortFree         heap_4.o
    0x0800b0d8   0x0800b0d8   0x00000024   Code   RO         6777    i.vPortSetupTimerInterrupt  port.o
    0x0800b0fc   0x0800b0fc   0x00000054   Code   RO         6778    i.vPortValidateInterruptPriority  port.o
    0x0800b150   0x0800b150   0x00000028   Code   RO         5570    i.vQueueAddToRegistry  queue.o
    0x0800b178   0x0800b178   0x00000044   Code   RO         5573    i.vQueueWaitForMessageRestricted  queue.o
    0x0800b1bc   0x0800b1bc   0x0000004c   Code   RO         5902    i.vTaskDelay        tasks.o
    0x0800b208   0x0800b208   0x000000ac   Code   RO         5903    i.vTaskDelete       tasks.o
    0x0800b2b4   0x0800b2b4   0x00000010   Code   RO         5905    i.vTaskInternalSetTimeOutState  tasks.o
    0x0800b2c4   0x0800b2c4   0x0000000c   Code   RO         5906    i.vTaskMissedYield  tasks.o
    0x0800b2d0   0x0800b2d0   0x00000030   Code   RO         5908    i.vTaskPlaceOnEventList  tasks.o
    0x0800b300   0x0800b300   0x00000038   Code   RO         5909    i.vTaskPlaceOnEventListRestricted  tasks.o
    0x0800b338   0x0800b338   0x0000007c   Code   RO         5914    i.vTaskResume       tasks.o
    0x0800b3b4   0x0800b3b4   0x00000088   Code   RO         5916    i.vTaskStartScheduler  tasks.o
    0x0800b43c   0x0800b43c   0x00000010   Code   RO         5918    i.vTaskSuspendAll   tasks.o
    0x0800b44c   0x0800b44c   0x0000005c   Code   RO         5919    i.vTaskSwitchContext  tasks.o
    0x0800b4a8   0x0800b4a8   0x00000028   Code   RO         1031    i.vTimer01          freertos.o
    0x0800b4d0   0x0800b4d0   0x000000f4   Code   RO         6779    i.xPortStartScheduler  port.o
    0x0800b5c4   0x0800b5c4   0x00000016   Code   RO         5574    i.xQueueCreateMutex  queue.o
    0x0800b5da   0x0800b5da   0x0000001a   Code   RO         5575    i.xQueueCreateMutexStatic  queue.o
    0x0800b5f4   0x0800b5f4   0x00000042   Code   RO         5576    i.xQueueGenericCreate  queue.o
    0x0800b636   0x0800b636   0x00000066   Code   RO         5577    i.xQueueGenericCreateStatic  queue.o
    0x0800b69c   0x0800b69c   0x00000088   Code   RO         5578    i.xQueueGenericReset  queue.o
    0x0800b724   0x0800b724   0x00000160   Code   RO         5579    i.xQueueGenericSend  queue.o
    0x0800b884   0x0800b884   0x000000be   Code   RO         5580    i.xQueueGenericSendFromISR  queue.o
    0x0800b942   0x0800b942   0x00000002   PAD
    0x0800b944   0x0800b944   0x00000138   Code   RO         5586    i.xQueueReceive     queue.o
    0x0800ba7c   0x0800ba7c   0x00000074   Code   RO         5921    i.xTaskCheckForTimeOut  tasks.o
    0x0800baf0   0x0800baf0   0x0000005a   Code   RO         5922    i.xTaskCreate       tasks.o
    0x0800bb4a   0x0800bb4a   0x00000056   Code   RO         5923    i.xTaskCreateStatic  tasks.o
    0x0800bba0   0x0800bba0   0x0000001c   Code   RO         5927    i.xTaskGetSchedulerState  tasks.o
    0x0800bbbc   0x0800bbbc   0x0000000c   Code   RO         5928    i.xTaskGetTickCount  tasks.o
    0x0800bbc8   0x0800bbc8   0x000000cc   Code   RO         5930    i.xTaskIncrementTick  tasks.o
    0x0800bc94   0x0800bc94   0x00000098   Code   RO         5933    i.xTaskPriorityDisinherit  tasks.o
    0x0800bd2c   0x0800bd2c   0x00000074   Code   RO         5935    i.xTaskRemoveFromEventList  tasks.o
    0x0800bda0   0x0800bda0   0x000000c4   Code   RO         5936    i.xTaskResumeAll    tasks.o
    0x0800be64   0x0800be64   0x00000034   Code   RO         6214    i.xTimerCreate      timers.o
    0x0800be98   0x0800be98   0x0000002e   Code   RO         6215    i.xTimerCreateStatic  timers.o
    0x0800bec6   0x0800bec6   0x00000002   PAD
    0x0800bec8   0x0800bec8   0x00000060   Code   RO         6216    i.xTimerCreateTimerTask  timers.o
    0x0800bf28   0x0800bf28   0x00000060   Code   RO         6217    i.xTimerGenericCommand  timers.o
    0x0800bf88   0x0800bf88   0x0000002c   Code   RO         7289    locale$$code        c_w.l(lc_ctype_c.o)
    0x0800bfb4   0x0800bfb4   0x0000002c   Code   RO         7292    locale$$code        c_w.l(lc_numeric_c.o)
    0x0800bfe0   0x0800bfe0   0x00000018   Code   RO         7168    x$fpl$basic         fz_wm.l(basic.o)
    0x0800bff8   0x0800bff8   0x00000150   Code   RO         7007    x$fpl$dadd          fz_wm.l(daddsub_clz.o)
    0x0800c148   0x0800c148   0x00000010   Code   RO         7303    x$fpl$dcheck1       fz_wm.l(dcheck1.o)
    0x0800c158   0x0800c158   0x00000018   Code   RO         7170    x$fpl$dcmpinf       fz_wm.l(dcmpi.o)
    0x0800c170   0x0800c170   0x000002b0   Code   RO         7173    x$fpl$ddiv          fz_wm.l(ddiv.o)
    0x0800c420   0x0800c420   0x00000078   Code   RO         7013    x$fpl$deqf          fz_wm.l(deqf.o)
    0x0800c498   0x0800c498   0x0000005e   Code   RO         7015    x$fpl$dfix          fz_wm.l(dfix.o)
    0x0800c4f6   0x0800c4f6   0x0000002e   Code   RO         7020    x$fpl$dflt          fz_wm.l(dflt_clz.o)
    0x0800c524   0x0800c524   0x00000026   Code   RO         7019    x$fpl$dfltu         fz_wm.l(dflt_clz.o)
    0x0800c54a   0x0800c54a   0x00000002   PAD
    0x0800c54c   0x0800c54c   0x00000078   Code   RO         7025    x$fpl$dleqf         fz_wm.l(dleqf.o)
    0x0800c5c4   0x0800c5c4   0x00000154   Code   RO         7027    x$fpl$dmul          fz_wm.l(dmul.o)
    0x0800c718   0x0800c718   0x0000009c   Code   RO         7176    x$fpl$dnaninf       fz_wm.l(dnaninf.o)
    0x0800c7b4   0x0800c7b4   0x0000000c   Code   RO         7178    x$fpl$dretinf       fz_wm.l(dretinf.o)
    0x0800c7c0   0x0800c7c0   0x0000006c   Code   RO         7029    x$fpl$drleqf        fz_wm.l(drleqf.o)
    0x0800c82c   0x0800c82c   0x00000016   Code   RO         7008    x$fpl$drsb          fz_wm.l(daddsub_clz.o)
    0x0800c842   0x0800c842   0x00000002   PAD
    0x0800c844   0x0800c844   0x00000198   Code   RO         7305    x$fpl$dsqrt         fz_wm.l(dsqrt_umaal.o)
    0x0800c9dc   0x0800c9dc   0x000001d4   Code   RO         7009    x$fpl$dsub          fz_wm.l(daddsub_clz.o)
    0x0800cbb0   0x0800cbb0   0x0000000a   Code   RO         7307    x$fpl$fpinit        fz_wm.l(fpinit.o)
    0x0800cbba   0x0800cbba   0x00000004   Code   RO         7033    x$fpl$printf1       fz_wm.l(printf1.o)
    0x0800cbbe   0x0800cbbe   0x00000064   Code   RO         7340    x$fpl$retnan        fz_wm.l(retnan.o)
    0x0800cc22   0x0800cc22   0x0000005c   Code   RO         7182    x$fpl$scalbn        fz_wm.l(scalbn.o)
    0x0800cc7e   0x0800cc7e   0x00000030   Code   RO         7372    x$fpl$trapveneer    fz_wm.l(trapv.o)
    0x0800ccae   0x0800ccae   0x00000000   Code   RO         7184    x$fpl$usenofp       fz_wm.l(usenofp.o)
    0x0800ccae   0x0800ccae   0x00000007   Data   RO          507    .constdata          cjson.o
    0x0800ccb5   0x0800ccb5   0x00000003   PAD
    0x0800ccb8   0x0800ccb8   0x000000f4   Data   RO         1037    .constdata          freertos.o
    0x0800cdac   0x0800cdac   0x00000010   Data   RO         5384    .constdata          system_stm32f4xx.o
    0x0800cdbc   0x0800cdbc   0x00000008   Data   RO         5385    .constdata          system_stm32f4xx.o
    0x0800cdc4   0x0800cdc4   0x00000028   Data   RO         6933    .constdata          c_w.l(_printf_hex_int.o)
    0x0800cdec   0x0800cdec   0x00000011   Data   RO         6963    .constdata          c_w.l(__printf_flags_wp.o)
    0x0800cdfd   0x0800cdfd   0x00000003   PAD
    0x0800ce00   0x0800ce00   0x00000088   Data   RO         7050    .constdata          m_wm.l(pow.o)
    0x0800ce88   0x0800ce88   0x00000008   Data   RO         7203    .constdata          m_wm.l(qnan.o)
    0x0800ce90   0x0800ce90   0x00000094   Data   RO         7264    .constdata          c_w.l(bigflt0.o)
    0x0800cf24   0x0800cf24   0x00000079   Data   RO         1038    .conststring        freertos.o
    0x0800cf9d   0x0800cf9d   0x00000003   PAD
    0x0800cfa0   0x0800cfa0   0x00000020   Data   RO         7402    Region$$Table       anon$$obj.o
    0x0800cfc0   0x0800cfc0   0x00000110   Data   RO         7288    locale$$data        c_w.l(lc_ctype_c.o)
    0x0800d0d0   0x0800d0d0   0x0000001c   Data   RO         7291    locale$$data        c_w.l(lc_numeric_c.o)


    Execution Region RW_IRAM1 (Exec base: 0x20000000, Load base: 0x0800d0ec, Size: 0x00006f28, Max: 0x00020000, ABSOLUTE, COMPRESSED[0x000000e0])

    Exec Addr    Load Addr    Size         Type   Attr      Idx    E Section Name        Object

    0x20000000   COMPRESSED   0x00000101   Data   RW           15    .data               device.o
    0x20000101   COMPRESSED   0x00000003   PAD
    0x20000104   COMPRESSED   0x00000004   Data   RW           16    .data               device.o
    0x20000108   COMPRESSED   0x00000008   Data   RW          220    .data               eeprom.o
    0x20000110   COMPRESSED   0x00000004   Data   RW          331    .data               uart.o
    0x20000114   COMPRESSED   0x00000004   Data   RW          396    .data               xrtc.o
    0x20000118   COMPRESSED   0x0000000c   Data   RW          508    .data               cjson.o
    0x20000124   COMPRESSED   0x00000002   Data   RW          818    .data               w25qxx.o
    0x20000126   COMPRESSED   0x00000002   PAD
    0x20000128   COMPRESSED   0x00000040   Data   RW         1040    .data               freertos.o
    0x20000168   COMPRESSED   0x0000000c   Data   RW         2607    .data               stm32f4xx_hal.o
    0x20000174   COMPRESSED   0x00000004   Data   RW         5386    .data               system_stm32f4xx.o
    0x20000178   COMPRESSED   0x0000003c   Data   RW         5939    .data               tasks.o
    0x200001b4   COMPRESSED   0x00000014   Data   RW         6223    .data               timers.o
    0x200001c8   COMPRESSED   0x00000020   Data   RW         6724    .data               heap_4.o
    0x200001e8   COMPRESSED   0x0000000c   Data   RW         6780    .data               port.o
    0x200001f4        -       0x00000437   Zero   RW          329    .bss                uart.o
    0x2000062b   COMPRESSED   0x00000001   PAD
    0x2000062c        -       0x00000098   Zero   RW          394    .bss                xrtc.o
    0x200006c4        -       0x00001000   Zero   RW          817    .bss                w25qxx.o
    0x200016c4        -       0x00000838   Zero   RW         1034    .bss                freertos.o
    0x20001efc        -       0x00000054   Zero   RW         1243    .bss                i2c.o
    0x20001f50        -       0x0000000c   Zero   RW         1283    .bss                iwdg.o
    0x20001f5c        -       0x00000020   Zero   RW         1315    .bss                rtc.o
    0x20001f7c        -       0x00000058   Zero   RW         1358    .bss                spi.o
    0x20001fd4        -       0x00000090   Zero   RW         1406    .bss                usart.o
    0x20002064        -       0x00000048   Zero   RW         1571    .bss                stm32f4xx_hal_timebase_tim.o
    0x200020ac        -       0x00000040   Zero   RW         5589    .bss                queue.o
    0x200020ec        -       0x000000f0   Zero   RW         5938    .bss                tasks.o
    0x200021dc        -       0x000000e8   Zero   RW         6222    .bss                timers.o
    0x200022c4        -       0x00003c00   Zero   RW         6723    .bss                heap_4.o
    0x20005ec4        -       0x00000060   Zero   RW         7219    .bss                c_w.l(libspace.o)
    0x20005f24   COMPRESSED   0x00000004   PAD
    0x20005f28        -       0x00000c00   Zero   RW            2    HEAP                startup_stm32f411xe.o
    0x20006b28        -       0x00000400   Zero   RW            1    STACK               startup_stm32f411xe.o


==============================================================================

Image component sizes


      Code (inc. data)   RO Data    RW Data    ZI Data      Debug   Object Name

      4534        282          7         12          0      28579   cjson.o
       404          8          0          0          0      33422   cmsis_os.o
       480         32          0        261          0     484306   device.o
         0          0          0          8          0       1473   eeprom.o
         0          0          0          0          0      20128   event_groups.o
      5774       1266        365         64       2104      30180   freertos.o
       244         18          0          0          0       1071   gpio.o
       472         24          0         32      15360       5067   heap_4.o
       200         26          0          0         84       1829   i2c.o
        44          8          0          0         12        791   iwdg.o
       280         46          0          0          0       1757   led.o
       138          0          0          0          0       3750   list.o
       214          8          0          0          0       3368   main.o
       786         82          0         12          0      12257   port.o
      1638         20          0          0         64      20892   queue.o
       188         16          0          0         32       1835   rtc.o
       224         26          0          0         88       2418   spi.o
        64         26        408          0       4096        876   startup_stm32f411xe.o
        80         14          0         12          0       8142   stm32f4xx_hal.o
       420        196          0          0          0      33346   stm32f4xx_hal_cortex.o
       188          0          0          0          0       2822   stm32f4xx_hal_dma.o
       796        158          0          0          0       2416   stm32f4xx_hal_gpio.o
      3886        128          0          0          0      24545   stm32f4xx_hal_i2c.o
       236         66          0          0          0       2027   stm32f4xx_hal_iwdg.o
        76          6          0          0          0        946   stm32f4xx_hal_msp.o
      2008        198          0          0          0       6333   stm32f4xx_hal_rcc.o
       804        206          0          0          0       1512   stm32f4xx_hal_rcc_ex.o
      1766        316          0          0          0       8793   stm32f4xx_hal_rtc.o
      1464        148          0          0          0       5241   stm32f4xx_hal_spi.o
      1058        198          0          0          0       7826   stm32f4xx_hal_tim.o
         4          0          0          0          0       1737   stm32f4xx_hal_tim_ex.o
       152         18          0          0         72       1583   stm32f4xx_hal_timebase_tim.o
      1766        152          0          0          0      10567   stm32f4xx_hal_uart.o
        74         30          0          0          0       5998   stm32f4xx_it.o
        16          4         24          4          0       1231   system_stm32f4xx.o
      2452        190          0         60        240      30236   tasks.o
      1128         80          0         20        232      33643   timers.o
       386         40          0          4       1079       5652   uart.o
       308         34          0          0        144       2611   usart.o
       876         58          0          2       4096       7781   w25qxx.o
       592         94          0          4        152       3625   xrtc.o

    ----------------------------------------------------------------------
     36272       4222        842        500      27856     862612   Object Totals
         0          0         32          0          0          0   (incl. Generated)
        52          0          6          5          1          0   (incl. Padding)

    ----------------------------------------------------------------------

      Code (inc. data)   RO Data    RW Data    ZI Data      Debug   Library Member Name

        60          8          0          0          0         84   __0sscanf.o
        90          0          0          0          0          0   __dczerorl2.o
         8          0          0          0          0         68   __main.o
       312          4         17          0          0         92   __printf_flags_wp.o
        14          0          0          0          0         68   __printf_wp.o
         0          0          0          0          0          0   __rtentry.o
        12          0          0          0          0          0   __rtentry2.o
         6          0          0          0          0          0   __rtentry4.o
        52          8          0          0          0          0   __scatter.o
        28          0          0          0          0          0   __scatter_zi.o
        28          0          0          0          0         68   _chval.o
        48          6          0          0          0         96   _printf_char_common.o
         6          0          0          0          0          0   _printf_d.o
       120         16          0          0          0         92   _printf_dec.o
         6          0          0          0          0          0   _printf_e.o
         6          0          0          0          0          0   _printf_f.o
      1054          0          0          0          0        216   _printf_fp_dec.o
       128         16          0          0          0         84   _printf_fp_infnan.o
        88          4         40          0          0         88   _printf_hex_int.o
       178          0          0          0          0         88   _printf_intcommon.o
        78          0          0          0          0        108   _printf_pad.o
         0          0          0          0          0          0   _printf_percent.o
         4          0          0          0          0          0   _printf_percent_end.o
         6          0          0          0          0          0   _printf_x.o
        22          0          0          0          0        100   _rserrno.o
       884          6          0          0          0        100   _scanf.o
       332          0          0          0          0         96   _scanf_int.o
        64          0          0          0          0         84   _sgetc.o
        16          0          0          0          0         68   _snputc.o
        10          0          0          0          0         68   _sputc.o
       158          0          0          0          0         92   _strtoul.o
        26          0          0          0          0         80   atoi.o
       228          4        148          0          0         96   bigflt0.o
      1936        128          0          0          0        672   btod.o
        10          0          0          0          0         68   defsig_exit.o
        50          0          0          0          0         88   defsig_general.o
        80         58          0          0          0         76   defsig_rtmem_inner.o
        14          0          0          0          0         80   defsig_rtmem_outer.o
        18          0          0          0          0         80   exit.o
        94          0          0          0          0         80   h1_alloc.o
        52          0          0          0          0         68   h1_extend.o
        78          0          0          0          0         80   h1_free.o
        14          0          0          0          0         84   h1_init.o
         6          0          0          0          0        152   heapauxi.o
         4          0          0          0          0        136   hguard.o
         0          0          0          0          0          0   indicate_semi.o
       138          0          0          0          0        168   init_alloc.o
        18          0          0          0          0         76   isspace.o
        44         10        272          0          0         76   lc_ctype_c.o
        44         10         28          0          0         76   lc_numeric_c.o
         2          0          0          0          0          0   libinit.o
        42          0          0          0          0          0   libinit2.o
         2          0          0          0          0          0   libshutdown.o
         2          0          0          0          0          0   libshutdown2.o
         8          4          0          0         96         68   libspace.o
       138          0          0          0          0         80   lludiv10.o
       238          0          0          0          0        100   lludivv7m.o
         0          0          0          0          0          0   maybetermalloc1.o
        52          4          0          0          0         84   noretval__2snprintf.o
        40          6          0          0          0         84   noretval__2sprintf.o
        16          4          0          0          0         76   rt_ctype_table.o
         8          4          0          0          0         68   rt_errno_addr_intlibspace.o
         8          4          0          0          0         68   rt_heap_descriptor_intlibspace.o
         8          4          0          0          0         68   rt_locale_intlibspace.o
        68          0          0          0          0         68   rt_memclr.o
        78          0          0          0          0         80   rt_memclr_w.o
       138          0          0          0          0         68   rt_memcpy_v6.o
       100          0          0          0          0         80   rt_memcpy_w.o
         2          0          0          0          0          0   rtexit.o
        10          0          0          0          0          0   rtexit2.o
        44          8          0          0          0         84   scanf_char.o
        24          0          0          0          0         68   strcat.o
        20          0          0          0          0         68   strchr.o
       128          0          0          0          0         68   strcmpv7m.o
        72          0          0          0          0         80   strcpy.o
        62          0          0          0          0         76   strlen.o
       150          0          0          0          0         80   strncmp.o
       112          0          0          0          0         88   strtol.o
        12          4          0          0          0         68   sys_exit.o
        74          0          0          0          0         80   sys_stackheap_outer.o
        14          0          0          0          0         76   sys_wrch.o
        26          0          0          0          0         76   tolower.o
         2          0          0          0          0         68   use_no_semi.o
        24          0          0          0          0        164   basic.o
       826         16          0          0          0        492   daddsub_clz.o
        16          4          0          0          0        116   dcheck1.o
        24          0          0          0          0        116   dcmpi.o
       688        140          0          0          0        256   ddiv.o
       120          4          0          0          0        140   deqf.o
        94          4          0          0          0        140   dfix.o
        84          0          0          0          0        232   dflt_clz.o
       120          4          0          0          0        140   dleqf.o
       340         12          0          0          0        152   dmul.o
       156          4          0          0          0        140   dnaninf.o
        12          0          0          0          0        116   dretinf.o
       108          0          0          0          0        128   drleqf.o
       408         56          0          0          0        168   dsqrt_umaal.o
        10          0          0          0          0        116   fpinit.o
         4          0          0          0          0        116   printf1.o
       100          0          0          0          0        116   retnan.o
        92          0          0          0          0        116   scalbn.o
        48          0          0          0          0        116   trapv.o
         0          0          0          0          0          0   usenofp.o
       164         44          0          0          0        620   dunder.o
        44          0          0          0          0        248   fabs.o
       280         28          0          0          0        156   floor.o
        48          0          0          0          0        124   fpclassify.o
       248          0          0          0          0        152   poly.o
      3152        296        136          0          0        352   pow.o
         0          0          8          0          0          0   qnan.o
       110          0          0          0          0        148   sqrt.o

    ----------------------------------------------------------------------
     15718        932        652          0        100      10848   Library Totals
        26          0          3          0          4          0   (incl. Padding)

    ----------------------------------------------------------------------

      Code (inc. data)   RO Data    RW Data    ZI Data      Debug   Library Name

      8372        320        505          0         96       5968   c_w.l
      3274        244          0          0          0       3080   fz_wm.l
      4046        368        144          0          0       1800   m_wm.l

    ----------------------------------------------------------------------
     15718        932        652          0        100      10848   Library Totals

    ----------------------------------------------------------------------

==============================================================================


      Code (inc. data)   RO Data    RW Data    ZI Data      Debug   

     51990       5154       1494        500      27956     839024   Grand Totals
     51990       5154       1494        224      27956     839024   ELF Image Totals (compressed)
     51990       5154       1494        224          0          0   ROM Totals

==============================================================================

    Total RO  Size (Code + RO Data)                53484 (  52.23kB)
    Total RW  Size (RW Data + ZI Data)             28456 (  27.79kB)
    Total ROM Size (Code + RO Data + RW Data)      53708 (  52.45kB)

==============================================================================

